Dec 16 05:55:33 localhost kernel: [    0.000000] Booting Linux on physical CPU 0x0
Dec 16 05:55:33 localhost kernel: [    0.000000] Linux version 4.9.69-g9ce43c71ae (root@abjenkins-linux-x64) (gcc version 6.2.1 20161016 (Linaro GCC 6.2-2016.11) ) #1 PREEMPT Fri Sep 18 10:31:49 CST 2020
Dec 16 05:55:33 localhost kernel: [    0.000000] CPU: ARMv7 Processor [413fc082] revision 2 (ARMv7), cr=10c5387d
Dec 16 05:55:33 localhost kernel: [    0.000000] CPU: PIPT / VIPT nonaliasing data cache, VIPT aliasing instruction cache
Dec 16 05:55:33 localhost kernel: [    0.000000] OF: fdt:Machine model: TI AM335x Advantech ADAM3600
Dec 16 05:55:33 localhost kernel: [    0.000000] efi: Getting EFI parameters from FDT:
Dec 16 05:55:33 localhost kernel: [    0.000000] efi: UEFI not found.
Dec 16 05:55:33 localhost kernel: [    0.000000] cma: Reserved 48 MiB at 0x8b800000
Dec 16 05:55:33 localhost kernel: [    0.000000] Memory policy: Data cache writeback
Dec 16 05:55:33 localhost kernel: [    0.000000] On node 0 totalpages: 65536
Dec 16 05:55:33 localhost kernel: [    0.000000] free_area_init_node: node 0, pgdat c0c3bb4c, node_mem_map cfda1000
Dec 16 05:55:33 localhost kernel: [    0.000000]   Normal zone: 576 pages used for memmap
Dec 16 05:55:33 localhost kernel: [    0.000000]   Normal zone: 0 pages reserved
Dec 16 05:55:33 localhost kernel: [    0.000000]   Normal zone: 65536 pages, LIFO batch:15
Dec 16 05:55:33 localhost kernel: [    0.000000] CPU: All CPU(s) started in SVC mode.
Dec 16 05:55:33 localhost kernel: [    0.000000] AM335X ES2.1 (neon)
Dec 16 05:55:33 localhost kernel: [    0.000000] pcpu-alloc: s0 r0 d32768 u32768 alloc=1*32768
Dec 16 05:55:33 localhost kernel: [    0.000000] pcpu-alloc: [0] 0 
Dec 16 05:55:33 localhost kernel: [    0.000000] Built 1 zonelists in Zone order, mobility grouping on.  Total pages: 64960
Dec 16 05:55:33 localhost kernel: [    0.000000] Kernel command line: console=ttyO0,115200n8 coherent_pool=2M root=/dev/mmcblk0p2 ro rootfstype=ext3 rootwait ip=none
Dec 16 05:55:33 localhost kernel: [    0.000000] PID hash table entries: 1024 (order: 0, 4096 bytes)
Dec 16 05:55:33 localhost kernel: [    0.000000] Dentry cache hash table entries: 32768 (order: 5, 131072 bytes)
Dec 16 05:55:33 localhost kernel: [    0.000000] Inode-cache hash table entries: 16384 (order: 4, 65536 bytes)
Dec 16 05:55:33 localhost kernel: [    0.000000] Memory: 198388K/262144K available (7168K kernel code, 242K rwdata, 2080K rodata, 1024K init, 263K bss, 14604K reserved, 49152K cma-reserved, 0K highmem)
Dec 16 05:55:33 localhost kernel: [    0.000000] Virtual kernel memory layout:
Dec 16 05:55:33 localhost kernel: [    0.000000]     vector  : 0xffff0000 - 0xffff1000   (   4 kB)
Dec 16 05:55:33 localhost kernel: [    0.000000]     fixmap  : 0xffc00000 - 0xfff00000   (3072 kB)
Dec 16 05:55:33 localhost kernel: [    0.000000]     vmalloc : 0xd0800000 - 0xff800000   ( 752 MB)
Dec 16 05:55:33 localhost kernel: [    0.000000]     lowmem  : 0xc0000000 - 0xd0000000   ( 256 MB)
Dec 16 05:55:33 localhost kernel: [    0.000000]     pkmap   : 0xbfe00000 - 0xc0000000   (   2 MB)
Dec 16 05:55:33 localhost kernel: [    0.000000]     modules : 0xbf000000 - 0xbfe00000   (  14 MB)
Dec 16 05:55:33 localhost kernel: [    0.000000]       .text : 0xc0008000 - 0xc0800000   (8160 kB)
Dec 16 05:55:33 localhost kernel: [    0.000000]       .init : 0xc0b00000 - 0xc0c00000   (1024 kB)
Dec 16 05:55:33 localhost kernel: [    0.000000]       .data : 0xc0c00000 - 0xc0c3c9a0   ( 243 kB)
Dec 16 05:55:33 localhost kernel: [    0.000000]        .bss : 0xc0c3c9a0 - 0xc0c7e864   ( 264 kB)
Dec 16 05:55:33 localhost kernel: [    0.000000] SLUB: HWalign=64, Order=0-3, MinObjects=0, CPUs=1, Nodes=1
Dec 16 05:55:33 localhost kernel: [    0.000000] Preemptible hierarchical RCU implementation.
Dec 16 05:55:33 localhost kernel: [    0.000000] 	RCU kthread priority: 1.
Dec 16 05:55:33 localhost kernel: [    0.000000] NR_IRQS:16 nr_irqs:16 16
Dec 16 05:55:33 localhost kernel: [    0.000000] IRQ: Found an INTC at 0xfa200000 (revision 5.0) with 128 interrupts
Dec 16 05:55:33 localhost kernel: [    0.000000] OMAP clockevent source: timer2 at 24000000 Hz
Dec 16 05:55:33 localhost kernel: [    0.000018] sched_clock: 32 bits at 24MHz, resolution 41ns, wraps every 89478484971ns
Dec 16 05:55:33 localhost kernel: [    0.000044] clocksource: timer1: mask: 0xffffffff max_cycles: 0xffffffff, max_idle_ns: 79635851949 ns
Dec 16 05:55:33 localhost kernel: [    0.000057] OMAP clocksource: timer1 at 24000000 Hz
Dec 16 05:55:33 localhost kernel: [    0.000263] clocksource_probe: no matching clocksources found
Dec 16 05:55:33 localhost kernel: [    0.000464] Console: colour dummy device 80x30
Dec 16 05:55:33 localhost kernel: [    0.000498] Calibrating delay loop... 597.60 BogoMIPS (lpj=2988032)
Dec 16 05:55:33 localhost kernel: [    0.058824] pid_max: default: 32768 minimum: 301
Dec 16 05:55:33 localhost kernel: [    0.058992] Mount-cache hash table entries: 1024 (order: 0, 4096 bytes)
Dec 16 05:55:33 localhost kernel: [    0.059008] Mountpoint-cache hash table entries: 1024 (order: 0, 4096 bytes)
Dec 16 05:55:33 localhost kernel: [    0.059995] CPU: Testing write buffer coherency: ok
Dec 16 05:55:33 localhost kernel: [    0.060423] Setting up static identity map for 0x80100000 - 0x80100060
Dec 16 05:55:33 localhost kernel: [    0.061707] EFI services will not be available.
Dec 16 05:55:33 localhost kernel: [    0.062211] devtmpfs: initialized
Dec 16 05:55:33 localhost kernel: [    0.077403] VFP support v0.3: implementor 41 architecture 3 part 30 variant c rev 3
Dec 16 05:55:33 localhost kernel: [    0.077825] clocksource: jiffies: mask: 0xffffffff max_cycles: 0xffffffff, max_idle_ns: 19112604462750000 ns
Dec 16 05:55:33 localhost kernel: [    0.077857] futex hash table entries: 256 (order: -1, 3072 bytes)
Dec 16 05:55:33 localhost kernel: [    0.082211] pinctrl core: initialized pinctrl subsystem
Dec 16 05:55:33 localhost kernel: [    0.083707] NET: Registered protocol family 16
Dec 16 05:55:33 localhost kernel: [    0.089251] DMA: preallocated 2048 KiB pool for atomic coherent allocations
Dec 16 05:55:33 localhost kernel: [    0.107696] omap_hwmod: debugss: _wait_target_disable failed
Dec 16 05:55:33 localhost kernel: [    0.168382] gpio gpiochip0: (gpio): added GPIO chardev (254:0)
Dec 16 05:55:33 localhost kernel: [    0.168933] gpiochip_setup_dev: registered GPIOs 0 to 31 on device: gpiochip0 (gpio)
Dec 16 05:55:33 localhost kernel: [    0.170907] OMAP GPIO hardware version 0.1
Dec 16 05:55:33 localhost kernel: [    0.171899] gpio gpiochip1: (gpio): added GPIO chardev (254:1)
Dec 16 05:55:33 localhost kernel: [    0.172308] gpiochip_setup_dev: registered GPIOs 32 to 63 on device: gpiochip1 (gpio)
Dec 16 05:55:33 localhost kernel: [    0.174992] gpio gpiochip2: (gpio): added GPIO chardev (254:2)
Dec 16 05:55:33 localhost kernel: [    0.175487] gpiochip_setup_dev: registered GPIOs 64 to 95 on device: gpiochip2 (gpio)
Dec 16 05:55:33 localhost kernel: [    0.178102] gpio gpiochip3: (gpio): added GPIO chardev (254:3)
Dec 16 05:55:33 localhost kernel: [    0.178490] gpiochip_setup_dev: registered GPIOs 96 to 127 on device: gpiochip3 (gpio)
Dec 16 05:55:33 localhost kernel: [    0.189374] omap-gpmc 50000000.gpmc: GPMC revision 6.0
Dec 16 05:55:33 localhost kernel: [    0.189406] gpmc_mem_init: disabling cs 0 mapped at 0x0-0x1000000
Dec 16 05:55:33 localhost kernel: [    0.189443] gpiochip_find_base: found new base at 510
Dec 16 05:55:33 localhost kernel: [    0.189477] gpio gpiochip4: (omap-gpmc): added GPIO chardev (254:4)
Dec 16 05:55:33 localhost kernel: [    0.189900] gpiochip_setup_dev: registered GPIOs 510 to 511 on device: gpiochip4 (omap-gpmc)
Dec 16 05:55:33 localhost kernel: [    2.558856] random: fast init done
Dec 16 05:55:33 localhost kernel: [   11.557191] +++HW Ver: ADAM-3600-C2GL1A1E
Dec 16 05:55:33 localhost kernel: [   11.562390] +++ADAM3600 init.
Dec 16 05:55:33 localhost kernel: [   11.562423] No ATAGs?
Dec 16 05:55:33 localhost kernel: [   11.562439] hw-breakpoint: debug architecture 0x4 unsupported.
Dec 16 05:55:33 localhost kernel: [   11.609923] edma 49000000.edma: TI EDMA DMA engine driver
Dec 16 05:55:33 localhost kernel: [   11.610343] of_get_named_gpiod_flags: can't parse 'gpio' property of node '/fixedregulator0[0]'
Dec 16 05:55:33 localhost kernel: [   11.613049] omap_i2c 44e0b000.i2c: could not find pctldev for node /ocp/l4_wkup@44c00000/scm@210000/pinmux@800/pinmux_i2c0_pins, deferring probe
Dec 16 05:55:33 localhost kernel: [   11.613227] media: Linux media interface: v0.10
Dec 16 05:55:33 localhost kernel: [   11.613302] Linux video capture interface: v2.00
Dec 16 05:55:33 localhost kernel: [   11.613358] pps_core: LinuxPPS API ver. 1 registered
Dec 16 05:55:33 localhost kernel: [   11.613370] pps_core: Software ver. 5.3.6 - Copyright 2005-2007 Rodolfo Giometti <giometti@linux.it>
Dec 16 05:55:33 localhost kernel: [   11.613402] PTP clock support registered
Dec 16 05:55:33 localhost kernel: [   11.613454] EDAC MC: Ver: 3.0.0
Dec 16 05:55:33 localhost kernel: [   11.614846] omap-mailbox 480c8000.mailbox: omap mailbox rev 0x400
Dec 16 05:55:33 localhost kernel: [   11.616786] clocksource: Switched to clocksource timer1
Dec 16 05:55:33 localhost kernel: [   11.630574] NET: Registered protocol family 2
Dec 16 05:55:33 localhost kernel: [   11.631526] TCP established hash table entries: 2048 (order: 1, 8192 bytes)
Dec 16 05:55:33 localhost kernel: [   11.631572] TCP bind hash table entries: 2048 (order: 1, 8192 bytes)
Dec 16 05:55:33 localhost kernel: [   11.631610] TCP: Hash tables configured (established 2048 bind 2048)
Dec 16 05:55:33 localhost kernel: [   11.631691] UDP hash table entries: 256 (order: 0, 4096 bytes)
Dec 16 05:55:33 localhost kernel: [   11.631716] UDP-Lite hash table entries: 256 (order: 0, 4096 bytes)
Dec 16 05:55:33 localhost kernel: [   11.631892] NET: Registered protocol family 1
Dec 16 05:55:33 localhost kernel: [   11.632408] RPC: Registered named UNIX socket transport module.
Dec 16 05:55:33 localhost kernel: [   11.632424] RPC: Registered udp transport module.
Dec 16 05:55:33 localhost kernel: [   11.632434] RPC: Registered tcp transport module.
Dec 16 05:55:33 localhost kernel: [   11.632443] RPC: Registered tcp NFSv4.1 backchannel transport module.
Dec 16 05:55:33 localhost kernel: [   11.633553] hw perfevents: enabled with armv7_cortex_a8 PMU driver, 5 counters available
Dec 16 05:55:33 localhost kernel: [   11.636599] workingset: timestamp_bits=14 max_order=16 bucket_order=2
Dec 16 05:55:33 localhost kernel: [   11.647650] exFAT: file-system version 2.2.0-3arter97
Dec 16 05:55:33 localhost kernel: [   11.648884] NFS: Registering the id_resolver key type
Dec 16 05:55:33 localhost kernel: [   11.648940] Key type id_resolver registered
Dec 16 05:55:33 localhost kernel: [   11.648951] Key type id_legacy registered
Dec 16 05:55:33 localhost kernel: [   11.649012] ntfs: driver 2.1.32 [Flags: R/O].
Dec 16 05:55:33 localhost kernel: [   11.651428] Block layer SCSI generic (bsg) driver version 0.4 loaded (major 247)
Dec 16 05:55:33 localhost kernel: [   11.651453] io scheduler noop registered
Dec 16 05:55:33 localhost kernel: [   11.651463] io scheduler deadline registered
Dec 16 05:55:33 localhost kernel: [   11.651668] io scheduler cfq registered (default)
Dec 16 05:55:33 localhost kernel: [   11.653581] pinctrl-single 44e10800.pinmux: 142 pins at pa f9e10800 size 568
Dec 16 05:55:33 localhost kernel: [   11.737454] Serial: 8250/16550 driver, 10 ports, IRQ sharing disabled
Dec 16 05:55:33 localhost kernel: [   11.741101] serial8250.0: ttyS0 at MMIO 0x1000000 (irq = 44, base_baud = 921600) is a XR16850
Dec 16 05:55:33 localhost kernel: [   11.742006] serial8250.0: ttyS1 at MMIO 0x1000801 (irq = 43, base_baud = 921600) is a XR16850
Dec 16 05:55:33 localhost kernel: [   11.742832] serial8250.0: ttyS2 at MMIO 0x1001201 (irq = 136, base_baud = 921600) is a XR16850
Dec 16 05:55:33 localhost kernel: [   11.743707] omap_uart 44e09000.serial: no wakeirq for uart0
Dec 16 05:55:33 localhost kernel: [   11.743732] of_get_named_gpiod_flags: can't parse 'rts-gpio' property of node '/ocp/serial@44e09000[0]'
Dec 16 05:55:33 localhost kernel: [   11.743770] 44e09000.serial: ttyO0 at MMIO 0x44e09000 (irq = 158, base_baud = 3000000) is a OMAP UART0
Dec 16 05:55:33 localhost kernel: [   12.374697] console [ttyO0] enabled
Dec 16 05:55:33 localhost kernel: [   12.378987] omap_uart 48022000.serial: no wakeirq for uart1
Dec 16 05:55:33 localhost kernel: [   12.384849] of_get_named_gpiod_flags: can't parse 'rts-gpio' property of node '/ocp/serial@48022000[0]'
Dec 16 05:55:33 localhost kernel: [   12.384974] 48022000.serial: ttyO1 at MMIO 0x48022000 (irq = 159, base_baud = 3000000) is a OMAP UART1
Dec 16 05:55:33 localhost kernel: [   12.395353] omap_uart 481a6000.serial: no wakeirq for uart3
Dec 16 05:55:33 localhost kernel: [   12.401254] of_get_named_gpiod_flags: can't parse 'rts-gpio' property of node '/ocp/serial@481a6000[0]'
Dec 16 05:55:33 localhost kernel: [   12.401342] 481a6000.serial: ttyO3 at MMIO 0x481a6000 (irq = 160, base_baud = 3000000) is a OMAP UART3
Dec 16 05:55:33 localhost kernel: [   12.412427] omap_rng 48310000.rng: OMAP Random Number Generator ver. 20
Dec 16 05:55:33 localhost kernel: [   12.419905] SRAM driver installed, with major 245
Dec 16 05:55:33 localhost kernel: [   12.424922] [drm] Initialized
Dec 16 05:55:33 localhost kernel: [   12.428549] panel panel: GPIO lookup for consumer enable
Dec 16 05:55:33 localhost kernel: [   12.428559] panel panel: using device tree for GPIO lookup
Dec 16 05:55:33 localhost kernel: [   12.428573] of_get_named_gpiod_flags: can't parse 'enable-gpios' property of node '/panel[0]'
Dec 16 05:55:33 localhost kernel: [   12.428582] of_get_named_gpiod_flags: can't parse 'enable-gpio' property of node '/panel[0]'
Dec 16 05:55:33 localhost kernel: [   12.428590] panel panel: using lookup tables for GPIO lookup
Dec 16 05:55:33 localhost kernel: [   12.428600] panel panel: lookup for GPIO enable failed
Dec 16 05:55:33 localhost kernel: [   12.430047] [drm] Supports vblank timestamp caching Rev 2 (21.10.2013).
Dec 16 05:55:33 localhost kernel: [   12.437081] [drm] No driver support for vblank timestamp query.
Dec 16 05:55:33 localhost kernel: [   12.474599] Console: switching to colour frame buffer device 80x30
Dec 16 05:55:33 localhost kernel: [   12.486836] tilcdc 4830e000.lcdc: fb0:  frame buffer device
Dec 16 05:55:33 localhost kernel: [   12.534113] brd: module loaded
Dec 16 05:55:33 localhost kernel: [   12.545782] loop: module loaded
Dec 16 05:55:33 localhost kernel: [   12.556047] libphy: Fixed MDIO Bus: probed
Dec 16 05:55:33 localhost kernel: [   12.636818] davinci_mdio 4a101000.mdio: davinci mdio revision 1.6
Dec 16 05:55:33 localhost kernel: [   12.643237] davinci_mdio 4a101000.mdio: detected phy mask fffffff5
Dec 16 05:55:33 localhost kernel: [   12.651453] libphy: 4a101000.mdio: probed
Dec 16 05:55:33 localhost kernel: [   12.655708] davinci_mdio 4a101000.mdio: phy[1]: device 4a101000.mdio:01, driver TI TLK10X 10/100 Mbps PHY
Dec 16 05:55:33 localhost kernel: [   12.665902] davinci_mdio 4a101000.mdio: phy[3]: device 4a101000.mdio:03, driver TI TLK10X 10/100 Mbps PHY
Dec 16 05:55:33 localhost kernel: [   12.677047] cpsw 4a100000.ethernet: Detected MACID = b0:d5:cc:a2:02:cc
Dec 16 05:55:33 localhost kernel: [   12.684030] cpsw 4a100000.ethernet: device node lookup for pps timer failed
Dec 16 05:55:33 localhost kernel: [   12.691470] cpsw 4a100000.ethernet: cpts: overflow check period 500 (jiffies)
Dec 16 05:55:33 localhost kernel: [   12.700435] cpsw 4a100000.ethernet: cpsw: Detected MACID = b0:d5:cc:a2:02:ce
Dec 16 05:55:33 localhost kernel: [   12.709386] PPP generic driver version 2.4.2
Dec 16 05:55:33 localhost kernel: [   12.714654] mousedev: PS/2 mouse device common for all mice
Dec 16 05:55:33 localhost kernel: [   12.721814] omap_rtc 44e3e000.rtc: already running
Dec 16 05:55:33 localhost kernel: [   12.727372] rtc rtc0: 44e3e000.rtc: dev (253:0)
Dec 16 05:55:33 localhost kernel: [   12.727406] omap_rtc 44e3e000.rtc: rtc core: registered 44e3e000.rtc as rtc0
Dec 16 05:55:33 localhost kernel: [   12.736635] ht1382-rtc rtc1: ht1382_read_time: tm is secs=14, mins=1, hours=3, mday=16, mon=12, year=120, wday=3
Dec 16 05:55:33 localhost kernel: [   12.737096] rtc rtc1: ht1382-rtc: dev (253:1)
Dec 16 05:55:33 localhost kernel: [   12.737110] ht1382-rtc rtc1: rtc core: registered ht1382-rtc as rtc1
Dec 16 05:55:33 localhost kernel: [   12.743852] i2c /dev entries driver
Dec 16 05:55:33 localhost kernel: [   12.749556] omap_hsmmc 48060000.mmc: GPIO lookup for consumer cd
Dec 16 05:55:33 localhost kernel: [   12.749568] omap_hsmmc 48060000.mmc: using device tree for GPIO lookup
Dec 16 05:55:33 localhost kernel: [   12.749605] of_get_named_gpiod_flags: parsed 'cd-gpios' property of node '/ocp/mmc@48060000[0]' - status (0)
Dec 16 05:55:33 localhost kernel: [   12.749623] omap_hsmmc 48060000.mmc: Got CD GPIO
Dec 16 05:55:33 localhost kernel: [   12.754508] omap_hsmmc 48060000.mmc: GPIO lookup for consumer wp
Dec 16 05:55:33 localhost kernel: [   12.754515] omap_hsmmc 48060000.mmc: using device tree for GPIO lookup
Dec 16 05:55:33 localhost kernel: [   12.754526] of_get_named_gpiod_flags: can't parse 'wp-gpios' property of node '/ocp/mmc@48060000[0]'
Dec 16 05:55:33 localhost kernel: [   12.754535] of_get_named_gpiod_flags: can't parse 'wp-gpio' property of node '/ocp/mmc@48060000[0]'
Dec 16 05:55:33 localhost kernel: [   12.754543] omap_hsmmc 48060000.mmc: using lookup tables for GPIO lookup
Dec 16 05:55:33 localhost kernel: [   12.754553] omap_hsmmc 48060000.mmc: lookup for GPIO wp failed
Dec 16 05:55:33 localhost kernel: [   12.807636] omap_hsmmc 47810000.mmc: GPIO lookup for consumer cd
Dec 16 05:55:33 localhost kernel: [   12.807650] omap_hsmmc 47810000.mmc: using device tree for GPIO lookup
Dec 16 05:55:33 localhost kernel: [   12.807688] of_get_named_gpiod_flags: parsed 'cd-gpios' property of node '/ocp/mmc@47810000[0]' - status (0)
Dec 16 05:55:33 localhost kernel: [   12.807706] omap_hsmmc 47810000.mmc: Got CD GPIO
Dec 16 05:55:33 localhost kernel: [   12.813638] omap_hsmmc 47810000.mmc: GPIO lookup for consumer wp
Dec 16 05:55:33 localhost kernel: [   12.813646] omap_hsmmc 47810000.mmc: using device tree for GPIO lookup
Dec 16 05:55:33 localhost kernel: [   12.813673] of_get_named_gpiod_flags: parsed 'wp-gpios' property of node '/ocp/mmc@47810000[0]' - status (0)
Dec 16 05:55:33 localhost kernel: [   12.813685] omap_hsmmc 47810000.mmc: Got WP GPIO
Dec 16 05:55:33 localhost kernel: [   12.877675] of_get_named_gpiod_flags: parsed 'gpios' property of node '/leds/led1[0]' - status (0)
Dec 16 05:55:33 localhost kernel: [   12.877911] of_get_named_gpiod_flags: parsed 'gpios' property of node '/leds/led2[0]' - status (0)
Dec 16 05:55:33 localhost kernel: [   12.878132] of_get_named_gpiod_flags: parsed 'gpios' property of node '/leds/led3[0]' - status (0)
Dec 16 05:55:33 localhost kernel: [   12.879938] NET: Registered protocol family 10
Dec 16 05:55:33 localhost kernel: [   12.889996] sit: IPv6, IPv4 and MPLS over IPv4 tunneling driver
Dec 16 05:55:33 localhost kernel: [   12.897427] NET: Registered protocol family 17
Dec 16 05:55:33 localhost kernel: [   12.902554] Key type dns_resolver registered
Dec 16 05:55:33 localhost kernel: [   12.907542] omap_voltage_late_init: Voltage driver support not added
Dec 16 05:55:33 localhost kernel: [   12.926719] mmc0: host does not support reading read-only switch, assuming write-enable
Dec 16 05:55:33 localhost kernel: [   12.938397] mmc0: new high speed SDHC card at address aaaa
Dec 16 05:55:33 localhost kernel: [   12.945004] mmcblk0: mmc0:aaaa SU04G 3.69 GiB 
Dec 16 05:55:33 localhost kernel: [   12.950469] at24 0-0050: 256 byte 24c02 EEPROM, writable, 1 bytes/write
Dec 16 05:55:33 localhost kernel: [   12.958511] omap_i2c 44e0b000.i2c: bus 0 rev0.11 at 100 kHz
Dec 16 05:55:33 localhost kernel: [   12.964558]  mmcblk0: p1 p2 p3 p4
Dec 16 05:55:33 localhost kernel: [   12.970654] omap_rtc 44e3e000.rtc: setting system clock to 2020-12-16 05:55:18 UTC (1608098118)
Dec 16 05:55:33 localhost kernel: [   12.982655] EXT4-fs (mmcblk0p2): mounting ext3 file system using the ext4 subsystem
Dec 16 05:55:33 localhost kernel: [   13.001402] EXT4-fs (mmcblk0p2): mounted filesystem with ordered data mode. Opts: (null)
Dec 16 05:55:33 localhost kernel: [   13.010163] VFS: Mounted root (ext3 filesystem) readonly on device 179:2.
Dec 16 05:55:33 localhost kernel: [   13.025781] devtmpfs: mounted
Dec 16 05:55:33 localhost kernel: [   13.031380] Freeing unused kernel memory: 1024K
Dec 16 05:55:33 localhost kernel: [   13.543361] cgroup: cgroup2: unknown option "nsdelegate"
Dec 16 05:55:33 localhost kernel: [   15.131732] EXT4-fs (mmcblk0p2): re-mounted. Opts: (null)
Dec 16 05:55:33 localhost kernel: [   26.227025] EXT4-fs (mmcblk0p4): mounting ext3 file system using the ext4 subsystem
Dec 16 05:55:33 localhost kernel: [   26.245543] EXT4-fs (mmcblk0p4): mounted filesystem with ordered data mode. Opts: (null)
Dec 16 05:57:37 localhost kernel: [  152.046954] random: crng init done
Dec 16 06:01:37 localhost kernel: [  391.601619] net eth1: initializing cpsw version 1.12 (0)
Dec 16 06:01:37 localhost kernel: [  391.601645] cpsw 4a100000.ethernet: initialized cpsw ale version 1.4
Dec 16 06:01:37 localhost kernel: [  391.601654] cpsw 4a100000.ethernet: ALE Table size 1024
Dec 16 06:01:37 localhost kernel: [  391.697248] TI TLK10X 10/100 Mbps PHY 4a101000.mdio:03: attached PHY driver [TI TLK10X 10/100 Mbps PHY] (mii_bus:phy_addr=4a101000.mdio:03, irq=-1)
Dec 16 06:01:37 localhost kernel: [  391.702472] cpts ptp bc clkid 0
Dec 16 06:01:37 localhost kernel: [  391.717093] IPv6: ADDRCONF(NETDEV_UP): eth1: link is not ready
Dec 16 06:01:43 localhost kernel: [  397.927575] cpsw 4a100000.ethernet eth1: Link is Up - 100Mbps/Full - flow control rx/tx
Dec 16 06:01:43 localhost kernel: [  397.927642] IPv6: ADDRCONF(NETDEV_CHANGE): eth1: link becomes ready
Dec 16 06:03:06 localhost kernel: [    0.000000] Booting Linux on physical CPU 0x0
Dec 16 06:03:06 localhost kernel: [    0.000000] Linux version 4.9.69-g9ce43c71ae (root@abjenkins-linux-x64) (gcc version 6.2.1 20161016 (Linaro GCC 6.2-2016.11) ) #1 PREEMPT Fri Sep 18 10:31:49 CST 2020
Dec 16 06:03:06 localhost kernel: [    0.000000] CPU: ARMv7 Processor [413fc082] revision 2 (ARMv7), cr=10c5387d
Dec 16 06:03:06 localhost kernel: [    0.000000] CPU: PIPT / VIPT nonaliasing data cache, VIPT aliasing instruction cache
Dec 16 06:03:06 localhost kernel: [    0.000000] OF: fdt:Machine model: TI AM335x Advantech ADAM3600
Dec 16 06:03:06 localhost kernel: [    0.000000] efi: Getting EFI parameters from FDT:
Dec 16 06:03:06 localhost kernel: [    0.000000] efi: UEFI not found.
Dec 16 06:03:06 localhost kernel: [    0.000000] cma: Reserved 48 MiB at 0x8b800000
Dec 16 06:03:06 localhost kernel: [    0.000000] Memory policy: Data cache writeback
Dec 16 06:03:06 localhost kernel: [    0.000000] On node 0 totalpages: 65536
Dec 16 06:03:06 localhost kernel: [    0.000000] free_area_init_node: node 0, pgdat c0c3bb4c, node_mem_map cfda1000
Dec 16 06:03:06 localhost kernel: [    0.000000]   Normal zone: 576 pages used for memmap
Dec 16 06:03:06 localhost kernel: [    0.000000]   Normal zone: 0 pages reserved
Dec 16 06:03:06 localhost kernel: [    0.000000]   Normal zone: 65536 pages, LIFO batch:15
Dec 16 06:03:06 localhost kernel: [    0.000000] CPU: All CPU(s) started in SVC mode.
Dec 16 06:03:06 localhost kernel: [    0.000000] AM335X ES2.1 (neon)
Dec 16 06:03:06 localhost kernel: [    0.000000] pcpu-alloc: s0 r0 d32768 u32768 alloc=1*32768
Dec 16 06:03:06 localhost kernel: [    0.000000] pcpu-alloc: [0] 0 
Dec 16 06:03:06 localhost kernel: [    0.000000] Built 1 zonelists in Zone order, mobility grouping on.  Total pages: 64960
Dec 16 06:03:06 localhost kernel: [    0.000000] Kernel command line: console=ttyO0,115200n8 coherent_pool=2M root=/dev/mmcblk0p2 ro rootfstype=ext3 rootwait ip=none
Dec 16 06:03:06 localhost kernel: [    0.000000] PID hash table entries: 1024 (order: 0, 4096 bytes)
Dec 16 06:03:06 localhost kernel: [    0.000000] Dentry cache hash table entries: 32768 (order: 5, 131072 bytes)
Dec 16 06:03:06 localhost kernel: [    0.000000] Inode-cache hash table entries: 16384 (order: 4, 65536 bytes)
Dec 16 06:03:06 localhost kernel: [    0.000000] Memory: 198388K/262144K available (7168K kernel code, 242K rwdata, 2080K rodata, 1024K init, 263K bss, 14604K reserved, 49152K cma-reserved, 0K highmem)
Dec 16 06:03:06 localhost kernel: [    0.000000] Virtual kernel memory layout:
Dec 16 06:03:06 localhost kernel: [    0.000000]     vector  : 0xffff0000 - 0xffff1000   (   4 kB)
Dec 16 06:03:06 localhost kernel: [    0.000000]     fixmap  : 0xffc00000 - 0xfff00000   (3072 kB)
Dec 16 06:03:06 localhost kernel: [    0.000000]     vmalloc : 0xd0800000 - 0xff800000   ( 752 MB)
Dec 16 06:03:06 localhost kernel: [    0.000000]     lowmem  : 0xc0000000 - 0xd0000000   ( 256 MB)
Dec 16 06:03:06 localhost kernel: [    0.000000]     pkmap   : 0xbfe00000 - 0xc0000000   (   2 MB)
Dec 16 06:03:06 localhost kernel: [    0.000000]     modules : 0xbf000000 - 0xbfe00000   (  14 MB)
Dec 16 06:03:06 localhost kernel: [    0.000000]       .text : 0xc0008000 - 0xc0800000   (8160 kB)
Dec 16 06:03:06 localhost kernel: [    0.000000]       .init : 0xc0b00000 - 0xc0c00000   (1024 kB)
Dec 16 06:03:06 localhost kernel: [    0.000000]       .data : 0xc0c00000 - 0xc0c3c9a0   ( 243 kB)
Dec 16 06:03:06 localhost kernel: [    0.000000]        .bss : 0xc0c3c9a0 - 0xc0c7e864   ( 264 kB)
Dec 16 06:03:06 localhost kernel: [    0.000000] SLUB: HWalign=64, Order=0-3, MinObjects=0, CPUs=1, Nodes=1
Dec 16 06:03:06 localhost kernel: [    0.000000] Preemptible hierarchical RCU implementation.
Dec 16 06:03:06 localhost kernel: [    0.000000] 	RCU kthread priority: 1.
Dec 16 06:03:06 localhost kernel: [    0.000000] NR_IRQS:16 nr_irqs:16 16
Dec 16 06:03:06 localhost kernel: [    0.000000] IRQ: Found an INTC at 0xfa200000 (revision 5.0) with 128 interrupts
Dec 16 06:03:06 localhost kernel: [    0.000000] OMAP clockevent source: timer2 at 24000000 Hz
Dec 16 06:03:06 localhost kernel: [    0.000020] sched_clock: 32 bits at 24MHz, resolution 41ns, wraps every 89478484971ns
Dec 16 06:03:06 localhost kernel: [    0.000045] clocksource: timer1: mask: 0xffffffff max_cycles: 0xffffffff, max_idle_ns: 79635851949 ns
Dec 16 06:03:06 localhost kernel: [    0.000058] OMAP clocksource: timer1 at 24000000 Hz
Dec 16 06:03:06 localhost kernel: [    0.000264] clocksource_probe: no matching clocksources found
Dec 16 06:03:06 localhost kernel: [    0.000467] Console: colour dummy device 80x30
Dec 16 06:03:06 localhost kernel: [    0.000502] Calibrating delay loop... 597.60 BogoMIPS (lpj=2988032)
Dec 16 06:03:06 localhost kernel: [    0.058831] pid_max: default: 32768 minimum: 301
Dec 16 06:03:06 localhost kernel: [    0.059003] Mount-cache hash table entries: 1024 (order: 0, 4096 bytes)
Dec 16 06:03:06 localhost kernel: [    0.059020] Mountpoint-cache hash table entries: 1024 (order: 0, 4096 bytes)
Dec 16 06:03:06 localhost kernel: [    0.060013] CPU: Testing write buffer coherency: ok
Dec 16 06:03:06 localhost kernel: [    0.060440] Setting up static identity map for 0x80100000 - 0x80100060
Dec 16 06:03:06 localhost kernel: [    0.061729] EFI services will not be available.
Dec 16 06:03:06 localhost kernel: [    0.062230] devtmpfs: initialized
Dec 16 06:03:06 localhost kernel: [    0.077406] VFP support v0.3: implementor 41 architecture 3 part 30 variant c rev 3
Dec 16 06:03:06 localhost kernel: [    0.077821] clocksource: jiffies: mask: 0xffffffff max_cycles: 0xffffffff, max_idle_ns: 19112604462750000 ns
Dec 16 06:03:06 localhost kernel: [    0.077856] futex hash table entries: 256 (order: -1, 3072 bytes)
Dec 16 06:03:06 localhost kernel: [    0.082175] pinctrl core: initialized pinctrl subsystem
Dec 16 06:03:06 localhost kernel: [    0.083679] NET: Registered protocol family 16
Dec 16 06:03:06 localhost kernel: [    0.089213] DMA: preallocated 2048 KiB pool for atomic coherent allocations
Dec 16 06:03:06 localhost kernel: [    0.107668] omap_hwmod: debugss: _wait_target_disable failed
Dec 16 06:03:06 localhost kernel: [    0.168355] gpio gpiochip0: (gpio): added GPIO chardev (254:0)
Dec 16 06:03:06 localhost kernel: [    0.168824] gpiochip_setup_dev: registered GPIOs 0 to 31 on device: gpiochip0 (gpio)
Dec 16 06:03:06 localhost kernel: [    0.170868] OMAP GPIO hardware version 0.1
Dec 16 06:03:06 localhost kernel: [    0.171869] gpio gpiochip1: (gpio): added GPIO chardev (254:1)
Dec 16 06:03:06 localhost kernel: [    0.172280] gpiochip_setup_dev: registered GPIOs 32 to 63 on device: gpiochip1 (gpio)
Dec 16 06:03:06 localhost kernel: [    0.174970] gpio gpiochip2: (gpio): added GPIO chardev (254:2)
Dec 16 06:03:06 localhost kernel: [    0.175469] gpiochip_setup_dev: registered GPIOs 64 to 95 on device: gpiochip2 (gpio)
Dec 16 06:03:06 localhost kernel: [    0.178084] gpio gpiochip3: (gpio): added GPIO chardev (254:3)
Dec 16 06:03:06 localhost kernel: [    0.178476] gpiochip_setup_dev: registered GPIOs 96 to 127 on device: gpiochip3 (gpio)
Dec 16 06:03:06 localhost kernel: [    0.189360] omap-gpmc 50000000.gpmc: GPMC revision 6.0
Dec 16 06:03:06 localhost kernel: [    0.189393] gpmc_mem_init: disabling cs 0 mapped at 0x0-0x1000000
Dec 16 06:03:06 localhost kernel: [    0.189432] gpiochip_find_base: found new base at 510
Dec 16 06:03:06 localhost kernel: [    0.189464] gpio gpiochip4: (omap-gpmc): added GPIO chardev (254:4)
Dec 16 06:03:06 localhost kernel: [    0.189880] gpiochip_setup_dev: registered GPIOs 510 to 511 on device: gpiochip4 (omap-gpmc)
Dec 16 06:03:06 localhost kernel: [    2.558865] random: fast init done
Dec 16 06:03:06 localhost kernel: [   11.557192] +++HW Ver: ADAM-3600-C2GL1A1E
Dec 16 06:03:06 localhost kernel: [   11.562385] +++ADAM3600 init.
Dec 16 06:03:06 localhost kernel: [   11.562418] No ATAGs?
Dec 16 06:03:06 localhost kernel: [   11.562434] hw-breakpoint: debug architecture 0x4 unsupported.
Dec 16 06:03:06 localhost kernel: [   11.609934] edma 49000000.edma: TI EDMA DMA engine driver
Dec 16 06:03:06 localhost kernel: [   11.610359] of_get_named_gpiod_flags: can't parse 'gpio' property of node '/fixedregulator0[0]'
Dec 16 06:03:06 localhost kernel: [   11.613064] omap_i2c 44e0b000.i2c: could not find pctldev for node /ocp/l4_wkup@44c00000/scm@210000/pinmux@800/pinmux_i2c0_pins, deferring probe
Dec 16 06:03:06 localhost kernel: [   11.613255] media: Linux media interface: v0.10
Dec 16 06:03:06 localhost kernel: [   11.613331] Linux video capture interface: v2.00
Dec 16 06:03:06 localhost kernel: [   11.613390] pps_core: LinuxPPS API ver. 1 registered
Dec 16 06:03:06 localhost kernel: [   11.613401] pps_core: Software ver. 5.3.6 - Copyright 2005-2007 Rodolfo Giometti <giometti@linux.it>
Dec 16 06:03:06 localhost kernel: [   11.613433] PTP clock support registered
Dec 16 06:03:06 localhost kernel: [   11.613485] EDAC MC: Ver: 3.0.0
Dec 16 06:03:06 localhost kernel: [   11.614884] omap-mailbox 480c8000.mailbox: omap mailbox rev 0x400
Dec 16 06:03:06 localhost kernel: [   11.616818] clocksource: Switched to clocksource timer1
Dec 16 06:03:06 localhost kernel: [   11.630595] NET: Registered protocol family 2
Dec 16 06:03:06 localhost kernel: [   11.631550] TCP established hash table entries: 2048 (order: 1, 8192 bytes)
Dec 16 06:03:06 localhost kernel: [   11.631596] TCP bind hash table entries: 2048 (order: 1, 8192 bytes)
Dec 16 06:03:06 localhost kernel: [   11.631633] TCP: Hash tables configured (established 2048 bind 2048)
Dec 16 06:03:06 localhost kernel: [   11.631719] UDP hash table entries: 256 (order: 0, 4096 bytes)
Dec 16 06:03:06 localhost kernel: [   11.631743] UDP-Lite hash table entries: 256 (order: 0, 4096 bytes)
Dec 16 06:03:06 localhost kernel: [   11.631921] NET: Registered protocol family 1
Dec 16 06:03:06 localhost kernel: [   11.632441] RPC: Registered named UNIX socket transport module.
Dec 16 06:03:06 localhost kernel: [   11.632459] RPC: Registered udp transport module.
Dec 16 06:03:06 localhost kernel: [   11.632469] RPC: Registered tcp transport module.
Dec 16 06:03:06 localhost kernel: [   11.632478] RPC: Registered tcp NFSv4.1 backchannel transport module.
Dec 16 06:03:06 localhost kernel: [   11.633589] hw perfevents: enabled with armv7_cortex_a8 PMU driver, 5 counters available
Dec 16 06:03:06 localhost kernel: [   11.636636] workingset: timestamp_bits=14 max_order=16 bucket_order=2
Dec 16 06:03:06 localhost kernel: [   11.647702] exFAT: file-system version 2.2.0-3arter97
Dec 16 06:03:06 localhost kernel: [   11.648936] NFS: Registering the id_resolver key type
Dec 16 06:03:06 localhost kernel: [   11.648986] Key type id_resolver registered
Dec 16 06:03:06 localhost kernel: [   11.648996] Key type id_legacy registered
Dec 16 06:03:06 localhost kernel: [   11.649058] ntfs: driver 2.1.32 [Flags: R/O].
Dec 16 06:03:06 localhost kernel: [   11.651461] Block layer SCSI generic (bsg) driver version 0.4 loaded (major 247)
Dec 16 06:03:06 localhost kernel: [   11.651486] io scheduler noop registered
Dec 16 06:03:06 localhost kernel: [   11.651497] io scheduler deadline registered
Dec 16 06:03:06 localhost kernel: [   11.651709] io scheduler cfq registered (default)
Dec 16 06:03:06 localhost kernel: [   11.653609] pinctrl-single 44e10800.pinmux: 142 pins at pa f9e10800 size 568
Dec 16 06:03:06 localhost kernel: [   11.737531] Serial: 8250/16550 driver, 10 ports, IRQ sharing disabled
Dec 16 06:03:06 localhost kernel: [   11.741179] serial8250.0: ttyS0 at MMIO 0x1000000 (irq = 44, base_baud = 921600) is a XR16850
Dec 16 06:03:06 localhost kernel: [   11.742091] serial8250.0: ttyS1 at MMIO 0x1000801 (irq = 43, base_baud = 921600) is a XR16850
Dec 16 06:03:06 localhost kernel: [   11.742910] serial8250.0: ttyS2 at MMIO 0x1001201 (irq = 136, base_baud = 921600) is a XR16850
Dec 16 06:03:06 localhost kernel: [   11.743776] omap_uart 44e09000.serial: no wakeirq for uart0
Dec 16 06:03:06 localhost kernel: [   11.743801] of_get_named_gpiod_flags: can't parse 'rts-gpio' property of node '/ocp/serial@44e09000[0]'
Dec 16 06:03:06 localhost kernel: [   11.743838] 44e09000.serial: ttyO0 at MMIO 0x44e09000 (irq = 158, base_baud = 3000000) is a OMAP UART0
Dec 16 06:03:06 localhost kernel: [   12.374739] console [ttyO0] enabled
Dec 16 06:03:06 localhost kernel: [   12.379027] omap_uart 48022000.serial: no wakeirq for uart1
Dec 16 06:03:06 localhost kernel: [   12.384887] of_get_named_gpiod_flags: can't parse 'rts-gpio' property of node '/ocp/serial@48022000[0]'
Dec 16 06:03:06 localhost kernel: [   12.385016] 48022000.serial: ttyO1 at MMIO 0x48022000 (irq = 159, base_baud = 3000000) is a OMAP UART1
Dec 16 06:03:06 localhost kernel: [   12.395389] omap_uart 481a6000.serial: no wakeirq for uart3
Dec 16 06:03:06 localhost kernel: [   12.401291] of_get_named_gpiod_flags: can't parse 'rts-gpio' property of node '/ocp/serial@481a6000[0]'
Dec 16 06:03:06 localhost kernel: [   12.401376] 481a6000.serial: ttyO3 at MMIO 0x481a6000 (irq = 160, base_baud = 3000000) is a OMAP UART3
Dec 16 06:03:06 localhost kernel: [   12.412475] omap_rng 48310000.rng: OMAP Random Number Generator ver. 20
Dec 16 06:03:06 localhost kernel: [   12.419964] SRAM driver installed, with major 245
Dec 16 06:03:06 localhost kernel: [   12.424978] [drm] Initialized
Dec 16 06:03:06 localhost kernel: [   12.428621] panel panel: GPIO lookup for consumer enable
Dec 16 06:03:06 localhost kernel: [   12.428631] panel panel: using device tree for GPIO lookup
Dec 16 06:03:06 localhost kernel: [   12.428644] of_get_named_gpiod_flags: can't parse 'enable-gpios' property of node '/panel[0]'
Dec 16 06:03:06 localhost kernel: [   12.428653] of_get_named_gpiod_flags: can't parse 'enable-gpio' property of node '/panel[0]'
Dec 16 06:03:06 localhost kernel: [   12.428661] panel panel: using lookup tables for GPIO lookup
Dec 16 06:03:06 localhost kernel: [   12.428671] panel panel: lookup for GPIO enable failed
Dec 16 06:03:06 localhost kernel: [   12.430106] [drm] Supports vblank timestamp caching Rev 2 (21.10.2013).
Dec 16 06:03:06 localhost kernel: [   12.437143] [drm] No driver support for vblank timestamp query.
Dec 16 06:03:06 localhost kernel: [   12.474656] Console: switching to colour frame buffer device 80x30
Dec 16 06:03:06 localhost kernel: [   12.486896] tilcdc 4830e000.lcdc: fb0:  frame buffer device
Dec 16 06:03:06 localhost kernel: [   12.534201] brd: module loaded
Dec 16 06:03:06 localhost kernel: [   12.545862] loop: module loaded
Dec 16 06:03:06 localhost kernel: [   12.556144] libphy: Fixed MDIO Bus: probed
Dec 16 06:03:06 localhost kernel: [   12.636852] davinci_mdio 4a101000.mdio: davinci mdio revision 1.6
Dec 16 06:03:06 localhost kernel: [   12.643269] davinci_mdio 4a101000.mdio: detected phy mask fffffff5
Dec 16 06:03:06 localhost kernel: [   12.651516] libphy: 4a101000.mdio: probed
Dec 16 06:03:06 localhost kernel: [   12.655775] davinci_mdio 4a101000.mdio: phy[1]: device 4a101000.mdio:01, driver TI TLK10X 10/100 Mbps PHY
Dec 16 06:03:06 localhost kernel: [   12.665968] davinci_mdio 4a101000.mdio: phy[3]: device 4a101000.mdio:03, driver TI TLK10X 10/100 Mbps PHY
Dec 16 06:03:06 localhost kernel: [   12.677114] cpsw 4a100000.ethernet: Detected MACID = b0:d5:cc:a2:02:cc
Dec 16 06:03:06 localhost kernel: [   12.684099] cpsw 4a100000.ethernet: device node lookup for pps timer failed
Dec 16 06:03:06 localhost kernel: [   12.691548] cpsw 4a100000.ethernet: cpts: overflow check period 500 (jiffies)
Dec 16 06:03:06 localhost kernel: [   12.700515] cpsw 4a100000.ethernet: cpsw: Detected MACID = b0:d5:cc:a2:02:ce
Dec 16 06:03:06 localhost kernel: [   12.709473] PPP generic driver version 2.4.2
Dec 16 06:03:06 localhost kernel: [   12.714726] mousedev: PS/2 mouse device common for all mice
Dec 16 06:03:06 localhost kernel: [   12.721893] omap_rtc 44e3e000.rtc: already running
Dec 16 06:03:06 localhost kernel: [   12.727445] rtc rtc0: 44e3e000.rtc: dev (253:0)
Dec 16 06:03:06 localhost kernel: [   12.727478] omap_rtc 44e3e000.rtc: rtc core: registered 44e3e000.rtc as rtc0
Dec 16 06:03:06 localhost kernel: [   12.736694] ht1382-rtc rtc1: ht1382_read_time: tm is secs=47, mins=8, hours=3, mday=16, mon=12, year=120, wday=3
Dec 16 06:03:06 localhost kernel: [   12.737155] rtc rtc1: ht1382-rtc: dev (253:1)
Dec 16 06:03:06 localhost kernel: [   12.737169] ht1382-rtc rtc1: rtc core: registered ht1382-rtc as rtc1
Dec 16 06:03:06 localhost kernel: [   12.743912] i2c /dev entries driver
Dec 16 06:03:06 localhost kernel: [   12.749618] omap_hsmmc 48060000.mmc: GPIO lookup for consumer cd
Dec 16 06:03:06 localhost kernel: [   12.749631] omap_hsmmc 48060000.mmc: using device tree for GPIO lookup
Dec 16 06:03:06 localhost kernel: [   12.749667] of_get_named_gpiod_flags: parsed 'cd-gpios' property of node '/ocp/mmc@48060000[0]' - status (0)
Dec 16 06:03:06 localhost kernel: [   12.749683] omap_hsmmc 48060000.mmc: Got CD GPIO
Dec 16 06:03:06 localhost kernel: [   12.754569] omap_hsmmc 48060000.mmc: GPIO lookup for consumer wp
Dec 16 06:03:06 localhost kernel: [   12.754576] omap_hsmmc 48060000.mmc: using device tree for GPIO lookup
Dec 16 06:03:06 localhost kernel: [   12.754586] of_get_named_gpiod_flags: can't parse 'wp-gpios' property of node '/ocp/mmc@48060000[0]'
Dec 16 06:03:06 localhost kernel: [   12.754596] of_get_named_gpiod_flags: can't parse 'wp-gpio' property of node '/ocp/mmc@48060000[0]'
Dec 16 06:03:06 localhost kernel: [   12.754604] omap_hsmmc 48060000.mmc: using lookup tables for GPIO lookup
Dec 16 06:03:06 localhost kernel: [   12.754613] omap_hsmmc 48060000.mmc: lookup for GPIO wp failed
Dec 16 06:03:06 localhost kernel: [   12.807670] omap_hsmmc 47810000.mmc: GPIO lookup for consumer cd
Dec 16 06:03:06 localhost kernel: [   12.807684] omap_hsmmc 47810000.mmc: using device tree for GPIO lookup
Dec 16 06:03:06 localhost kernel: [   12.807721] of_get_named_gpiod_flags: parsed 'cd-gpios' property of node '/ocp/mmc@47810000[0]' - status (0)
Dec 16 06:03:06 localhost kernel: [   12.807738] omap_hsmmc 47810000.mmc: Got CD GPIO
Dec 16 06:03:06 localhost kernel: [   12.813674] omap_hsmmc 47810000.mmc: GPIO lookup for consumer wp
Dec 16 06:03:06 localhost kernel: [   12.813683] omap_hsmmc 47810000.mmc: using device tree for GPIO lookup
Dec 16 06:03:06 localhost kernel: [   12.813710] of_get_named_gpiod_flags: parsed 'wp-gpios' property of node '/ocp/mmc@47810000[0]' - status (0)
Dec 16 06:03:06 localhost kernel: [   12.813722] omap_hsmmc 47810000.mmc: Got WP GPIO
Dec 16 06:03:06 localhost kernel: [   12.877709] of_get_named_gpiod_flags: parsed 'gpios' property of node '/leds/led1[0]' - status (0)
Dec 16 06:03:06 localhost kernel: [   12.877946] of_get_named_gpiod_flags: parsed 'gpios' property of node '/leds/led2[0]' - status (0)
Dec 16 06:03:06 localhost kernel: [   12.878171] of_get_named_gpiod_flags: parsed 'gpios' property of node '/leds/led3[0]' - status (0)
Dec 16 06:03:06 localhost kernel: [   12.879957] NET: Registered protocol family 10
Dec 16 06:03:06 localhost kernel: [   12.890038] sit: IPv6, IPv4 and MPLS over IPv4 tunneling driver
Dec 16 06:03:06 localhost kernel: [   12.897469] NET: Registered protocol family 17
Dec 16 06:03:06 localhost kernel: [   12.902593] Key type dns_resolver registered
Dec 16 06:03:06 localhost kernel: [   12.907587] omap_voltage_late_init: Voltage driver support not added
Dec 16 06:03:06 localhost kernel: [   12.926434] mmc0: host does not support reading read-only switch, assuming write-enable
Dec 16 06:03:06 localhost kernel: [   12.937984] mmc0: new high speed SDHC card at address aaaa
Dec 16 06:03:06 localhost kernel: [   12.944612] mmcblk0: mmc0:aaaa SU04G 3.69 GiB 
Dec 16 06:03:06 localhost kernel: [   12.950073] at24 0-0050: 256 byte 24c02 EEPROM, writable, 1 bytes/write
Dec 16 06:03:06 localhost kernel: [   12.958095] omap_i2c 44e0b000.i2c: bus 0 rev0.11 at 100 kHz
Dec 16 06:03:06 localhost kernel: [   12.964146]  mmcblk0: p1 p2 p3 p4
Dec 16 06:03:06 localhost kernel: [   12.970231] omap_rtc 44e3e000.rtc: setting system clock to 2020-12-16 06:02:51 UTC (1608098571)
Dec 16 06:03:06 localhost kernel: [   12.982231] EXT4-fs (mmcblk0p2): mounting ext3 file system using the ext4 subsystem
Dec 16 06:03:06 localhost kernel: [   13.000981] EXT4-fs (mmcblk0p2): mounted filesystem with ordered data mode. Opts: (null)
Dec 16 06:03:06 localhost kernel: [   13.009742] VFS: Mounted root (ext3 filesystem) readonly on device 179:2.
Dec 16 06:03:06 localhost kernel: [   13.025425] devtmpfs: mounted
Dec 16 06:03:06 localhost kernel: [   13.031028] Freeing unused kernel memory: 1024K
Dec 16 06:03:06 localhost kernel: [   13.541820] cgroup: cgroup2: unknown option "nsdelegate"
Dec 16 06:03:06 localhost kernel: [   14.862797] EXT4-fs (mmcblk0p2): re-mounted. Opts: (null)
Dec 16 06:03:06 localhost kernel: [   23.417015] EXT4-fs (mmcblk0p4): mounting ext3 file system using the ext4 subsystem
Dec 16 06:03:06 localhost kernel: [   23.449774] EXT4-fs (mmcblk0p4): mounted filesystem with ordered data mode. Opts: (null)
Dec 16 06:05:10 localhost kernel: [  151.716879] random: crng init done
Dec 16 06:14:03 localhost kernel: [    0.000000] Booting Linux on physical CPU 0x0
Dec 16 06:14:03 localhost kernel: [    0.000000] Linux version 4.9.69-g9ce43c71ae (root@abjenkins-linux-x64) (gcc version 6.2.1 20161016 (Linaro GCC 6.2-2016.11) ) #1 PREEMPT Fri Sep 18 10:31:49 CST 2020
Dec 16 06:14:03 localhost kernel: [    0.000000] CPU: ARMv7 Processor [413fc082] revision 2 (ARMv7), cr=10c5387d
Dec 16 06:14:03 localhost kernel: [    0.000000] CPU: PIPT / VIPT nonaliasing data cache, VIPT aliasing instruction cache
Dec 16 06:14:03 localhost kernel: [    0.000000] OF: fdt:Machine model: TI AM335x Advantech ADAM3600
Dec 16 06:14:03 localhost kernel: [    0.000000] efi: Getting EFI parameters from FDT:
Dec 16 06:14:03 localhost kernel: [    0.000000] efi: UEFI not found.
Dec 16 06:14:03 localhost kernel: [    0.000000] cma: Reserved 48 MiB at 0x8b800000
Dec 16 06:14:03 localhost kernel: [    0.000000] Memory policy: Data cache writeback
Dec 16 06:14:03 localhost kernel: [    0.000000] On node 0 totalpages: 65536
Dec 16 06:14:03 localhost kernel: [    0.000000] free_area_init_node: node 0, pgdat c0c3bb4c, node_mem_map cfda1000
Dec 16 06:14:03 localhost kernel: [    0.000000]   Normal zone: 576 pages used for memmap
Dec 16 06:14:03 localhost kernel: [    0.000000]   Normal zone: 0 pages reserved
Dec 16 06:14:03 localhost kernel: [    0.000000]   Normal zone: 65536 pages, LIFO batch:15
Dec 16 06:14:03 localhost kernel: [    0.000000] CPU: All CPU(s) started in SVC mode.
Dec 16 06:14:03 localhost kernel: [    0.000000] AM335X ES2.1 (neon)
Dec 16 06:14:03 localhost kernel: [    0.000000] pcpu-alloc: s0 r0 d32768 u32768 alloc=1*32768
Dec 16 06:14:03 localhost kernel: [    0.000000] pcpu-alloc: [0] 0 
Dec 16 06:14:03 localhost kernel: [    0.000000] Built 1 zonelists in Zone order, mobility grouping on.  Total pages: 64960
Dec 16 06:14:03 localhost kernel: [    0.000000] Kernel command line: console=ttyO0,115200n8 coherent_pool=2M root=/dev/mmcblk0p2 ro rootfstype=ext3 rootwait ip=none
Dec 16 06:14:03 localhost kernel: [    0.000000] PID hash table entries: 1024 (order: 0, 4096 bytes)
Dec 16 06:14:03 localhost kernel: [    0.000000] Dentry cache hash table entries: 32768 (order: 5, 131072 bytes)
Dec 16 06:14:03 localhost kernel: [    0.000000] Inode-cache hash table entries: 16384 (order: 4, 65536 bytes)
Dec 16 06:14:03 localhost kernel: [    0.000000] Memory: 198388K/262144K available (7168K kernel code, 242K rwdata, 2080K rodata, 1024K init, 263K bss, 14604K reserved, 49152K cma-reserved, 0K highmem)
Dec 16 06:14:03 localhost kernel: [    0.000000] Virtual kernel memory layout:
Dec 16 06:14:03 localhost kernel: [    0.000000]     vector  : 0xffff0000 - 0xffff1000   (   4 kB)
Dec 16 06:14:03 localhost kernel: [    0.000000]     fixmap  : 0xffc00000 - 0xfff00000   (3072 kB)
Dec 16 06:14:03 localhost kernel: [    0.000000]     vmalloc : 0xd0800000 - 0xff800000   ( 752 MB)
Dec 16 06:14:03 localhost kernel: [    0.000000]     lowmem  : 0xc0000000 - 0xd0000000   ( 256 MB)
Dec 16 06:14:03 localhost kernel: [    0.000000]     pkmap   : 0xbfe00000 - 0xc0000000   (   2 MB)
Dec 16 06:14:03 localhost kernel: [    0.000000]     modules : 0xbf000000 - 0xbfe00000   (  14 MB)
Dec 16 06:14:03 localhost kernel: [    0.000000]       .text : 0xc0008000 - 0xc0800000   (8160 kB)
Dec 16 06:14:03 localhost kernel: [    0.000000]       .init : 0xc0b00000 - 0xc0c00000   (1024 kB)
Dec 16 06:14:03 localhost kernel: [    0.000000]       .data : 0xc0c00000 - 0xc0c3c9a0   ( 243 kB)
Dec 16 06:14:03 localhost kernel: [    0.000000]        .bss : 0xc0c3c9a0 - 0xc0c7e864   ( 264 kB)
Dec 16 06:14:03 localhost kernel: [    0.000000] SLUB: HWalign=64, Order=0-3, MinObjects=0, CPUs=1, Nodes=1
Dec 16 06:14:03 localhost kernel: [    0.000000] Preemptible hierarchical RCU implementation.
Dec 16 06:14:03 localhost kernel: [    0.000000] 	RCU kthread priority: 1.
Dec 16 06:14:03 localhost kernel: [    0.000000] NR_IRQS:16 nr_irqs:16 16
Dec 16 06:14:03 localhost kernel: [    0.000000] IRQ: Found an INTC at 0xfa200000 (revision 5.0) with 128 interrupts
Dec 16 06:14:03 localhost kernel: [    0.000000] OMAP clockevent source: timer2 at 24000000 Hz
Dec 16 06:14:03 localhost kernel: [    0.000019] sched_clock: 32 bits at 24MHz, resolution 41ns, wraps every 89478484971ns
Dec 16 06:14:03 localhost kernel: [    0.000046] clocksource: timer1: mask: 0xffffffff max_cycles: 0xffffffff, max_idle_ns: 79635851949 ns
Dec 16 06:14:03 localhost kernel: [    0.000059] OMAP clocksource: timer1 at 24000000 Hz
Dec 16 06:14:03 localhost kernel: [    0.000268] clocksource_probe: no matching clocksources found
Dec 16 06:14:03 localhost kernel: [    0.000467] Console: colour dummy device 80x30
Dec 16 06:14:03 localhost kernel: [    0.000502] Calibrating delay loop... 597.60 BogoMIPS (lpj=2988032)
Dec 16 06:14:03 localhost kernel: [    0.058836] pid_max: default: 32768 minimum: 301
Dec 16 06:14:03 localhost kernel: [    0.059008] Mount-cache hash table entries: 1024 (order: 0, 4096 bytes)
Dec 16 06:14:03 localhost kernel: [    0.059025] Mountpoint-cache hash table entries: 1024 (order: 0, 4096 bytes)
Dec 16 06:14:03 localhost kernel: [    0.060015] CPU: Testing write buffer coherency: ok
Dec 16 06:14:03 localhost kernel: [    0.060440] Setting up static identity map for 0x80100000 - 0x80100060
Dec 16 06:14:03 localhost kernel: [    0.061722] EFI services will not be available.
Dec 16 06:14:03 localhost kernel: [    0.062224] devtmpfs: initialized
Dec 16 06:14:03 localhost kernel: [    0.077409] VFP support v0.3: implementor 41 architecture 3 part 30 variant c rev 3
Dec 16 06:14:03 localhost kernel: [    0.077824] clocksource: jiffies: mask: 0xffffffff max_cycles: 0xffffffff, max_idle_ns: 19112604462750000 ns
Dec 16 06:14:03 localhost kernel: [    0.077856] futex hash table entries: 256 (order: -1, 3072 bytes)
Dec 16 06:14:03 localhost kernel: [    0.082205] pinctrl core: initialized pinctrl subsystem
Dec 16 06:14:03 localhost kernel: [    0.083705] NET: Registered protocol family 16
Dec 16 06:14:03 localhost kernel: [    0.089229] DMA: preallocated 2048 KiB pool for atomic coherent allocations
Dec 16 06:14:03 localhost kernel: [    0.107685] omap_hwmod: debugss: _wait_target_disable failed
Dec 16 06:14:03 localhost kernel: [    0.168373] gpio gpiochip0: (gpio): added GPIO chardev (254:0)
Dec 16 06:14:03 localhost kernel: [    0.168847] gpiochip_setup_dev: registered GPIOs 0 to 31 on device: gpiochip0 (gpio)
Dec 16 06:14:03 localhost kernel: [    0.170893] OMAP GPIO hardware version 0.1
Dec 16 06:14:03 localhost kernel: [    0.171882] gpio gpiochip1: (gpio): added GPIO chardev (254:1)
Dec 16 06:14:03 localhost kernel: [    0.172293] gpiochip_setup_dev: registered GPIOs 32 to 63 on device: gpiochip1 (gpio)
Dec 16 06:14:03 localhost kernel: [    0.174967] gpio gpiochip2: (gpio): added GPIO chardev (254:2)
Dec 16 06:14:03 localhost kernel: [    0.175472] gpiochip_setup_dev: registered GPIOs 64 to 95 on device: gpiochip2 (gpio)
Dec 16 06:14:03 localhost kernel: [    0.178094] gpio gpiochip3: (gpio): added GPIO chardev (254:3)
Dec 16 06:14:03 localhost kernel: [    0.178477] gpiochip_setup_dev: registered GPIOs 96 to 127 on device: gpiochip3 (gpio)
Dec 16 06:14:03 localhost kernel: [    0.189353] omap-gpmc 50000000.gpmc: GPMC revision 6.0
Dec 16 06:14:03 localhost kernel: [    0.189385] gpmc_mem_init: disabling cs 0 mapped at 0x0-0x1000000
Dec 16 06:14:03 localhost kernel: [    0.189422] gpiochip_find_base: found new base at 510
Dec 16 06:14:03 localhost kernel: [    0.189456] gpio gpiochip4: (omap-gpmc): added GPIO chardev (254:4)
Dec 16 06:14:03 localhost kernel: [    0.189875] gpiochip_setup_dev: registered GPIOs 510 to 511 on device: gpiochip4 (omap-gpmc)
Dec 16 06:14:03 localhost kernel: [    2.558867] random: fast init done
Dec 16 06:14:03 localhost kernel: [   11.557190] +++HW Ver: ADAM-3600-C2GL1A1E
Dec 16 06:14:03 localhost kernel: [   11.562393] +++ADAM3600 init.
Dec 16 06:14:03 localhost kernel: [   11.562424] No ATAGs?
Dec 16 06:14:03 localhost kernel: [   11.562439] hw-breakpoint: debug architecture 0x4 unsupported.
Dec 16 06:14:03 localhost kernel: [   11.609930] edma 49000000.edma: TI EDMA DMA engine driver
Dec 16 06:14:03 localhost kernel: [   11.610354] of_get_named_gpiod_flags: can't parse 'gpio' property of node '/fixedregulator0[0]'
Dec 16 06:14:03 localhost kernel: [   11.613060] omap_i2c 44e0b000.i2c: could not find pctldev for node /ocp/l4_wkup@44c00000/scm@210000/pinmux@800/pinmux_i2c0_pins, deferring probe
Dec 16 06:14:03 localhost kernel: [   11.613244] media: Linux media interface: v0.10
Dec 16 06:14:03 localhost kernel: [   11.613317] Linux video capture interface: v2.00
Dec 16 06:14:03 localhost kernel: [   11.613375] pps_core: LinuxPPS API ver. 1 registered
Dec 16 06:14:03 localhost kernel: [   11.613386] pps_core: Software ver. 5.3.6 - Copyright 2005-2007 Rodolfo Giometti <giometti@linux.it>
Dec 16 06:14:03 localhost kernel: [   11.613417] PTP clock support registered
Dec 16 06:14:03 localhost kernel: [   11.613470] EDAC MC: Ver: 3.0.0
Dec 16 06:14:03 localhost kernel: [   11.614866] omap-mailbox 480c8000.mailbox: omap mailbox rev 0x400
Dec 16 06:14:03 localhost kernel: [   11.616796] clocksource: Switched to clocksource timer1
Dec 16 06:14:03 localhost kernel: [   11.630577] NET: Registered protocol family 2
Dec 16 06:14:03 localhost kernel: [   11.631527] TCP established hash table entries: 2048 (order: 1, 8192 bytes)
Dec 16 06:14:03 localhost kernel: [   11.631574] TCP bind hash table entries: 2048 (order: 1, 8192 bytes)
Dec 16 06:14:03 localhost kernel: [   11.631611] TCP: Hash tables configured (established 2048 bind 2048)
Dec 16 06:14:03 localhost kernel: [   11.631699] UDP hash table entries: 256 (order: 0, 4096 bytes)
Dec 16 06:14:03 localhost kernel: [   11.631724] UDP-Lite hash table entries: 256 (order: 0, 4096 bytes)
Dec 16 06:14:03 localhost kernel: [   11.631901] NET: Registered protocol family 1
Dec 16 06:14:03 localhost kernel: [   11.632419] RPC: Registered named UNIX socket transport module.
Dec 16 06:14:03 localhost kernel: [   11.632436] RPC: Registered udp transport module.
Dec 16 06:14:03 localhost kernel: [   11.632445] RPC: Registered tcp transport module.
Dec 16 06:14:03 localhost kernel: [   11.632454] RPC: Registered tcp NFSv4.1 backchannel transport module.
Dec 16 06:14:03 localhost kernel: [   11.633565] hw perfevents: enabled with armv7_cortex_a8 PMU driver, 5 counters available
Dec 16 06:14:03 localhost kernel: [   11.636600] workingset: timestamp_bits=14 max_order=16 bucket_order=2
Dec 16 06:14:03 localhost kernel: [   11.647663] exFAT: file-system version 2.2.0-3arter97
Dec 16 06:14:03 localhost kernel: [   11.648896] NFS: Registering the id_resolver key type
Dec 16 06:14:03 localhost kernel: [   11.648960] Key type id_resolver registered
Dec 16 06:14:03 localhost kernel: [   11.648971] Key type id_legacy registered
Dec 16 06:14:03 localhost kernel: [   11.649032] ntfs: driver 2.1.32 [Flags: R/O].
Dec 16 06:14:03 localhost kernel: [   11.651436] Block layer SCSI generic (bsg) driver version 0.4 loaded (major 247)
Dec 16 06:14:03 localhost kernel: [   11.651461] io scheduler noop registered
Dec 16 06:14:03 localhost kernel: [   11.651471] io scheduler deadline registered
Dec 16 06:14:03 localhost kernel: [   11.651678] io scheduler cfq registered (default)
Dec 16 06:14:03 localhost kernel: [   11.653583] pinctrl-single 44e10800.pinmux: 142 pins at pa f9e10800 size 568
Dec 16 06:14:03 localhost kernel: [   11.737461] Serial: 8250/16550 driver, 10 ports, IRQ sharing disabled
Dec 16 06:14:03 localhost kernel: [   11.741108] serial8250.0: ttyS0 at MMIO 0x1000000 (irq = 44, base_baud = 921600) is a XR16850
Dec 16 06:14:03 localhost kernel: [   11.742017] serial8250.0: ttyS1 at MMIO 0x1000801 (irq = 43, base_baud = 921600) is a XR16850
Dec 16 06:14:03 localhost kernel: [   11.742844] serial8250.0: ttyS2 at MMIO 0x1001201 (irq = 136, base_baud = 921600) is a XR16850
Dec 16 06:14:03 localhost kernel: [   11.743713] omap_uart 44e09000.serial: no wakeirq for uart0
Dec 16 06:14:03 localhost kernel: [   11.743738] of_get_named_gpiod_flags: can't parse 'rts-gpio' property of node '/ocp/serial@44e09000[0]'
Dec 16 06:14:03 localhost kernel: [   11.743774] 44e09000.serial: ttyO0 at MMIO 0x44e09000 (irq = 158, base_baud = 3000000) is a OMAP UART0
Dec 16 06:14:03 localhost kernel: [   12.374707] console [ttyO0] enabled
Dec 16 06:14:03 localhost kernel: [   12.379011] omap_uart 48022000.serial: no wakeirq for uart1
Dec 16 06:14:03 localhost kernel: [   12.384871] of_get_named_gpiod_flags: can't parse 'rts-gpio' property of node '/ocp/serial@48022000[0]'
Dec 16 06:14:03 localhost kernel: [   12.384992] 48022000.serial: ttyO1 at MMIO 0x48022000 (irq = 159, base_baud = 3000000) is a OMAP UART1
Dec 16 06:14:03 localhost kernel: [   12.395362] omap_uart 481a6000.serial: no wakeirq for uart3
Dec 16 06:14:03 localhost kernel: [   12.401262] of_get_named_gpiod_flags: can't parse 'rts-gpio' property of node '/ocp/serial@481a6000[0]'
Dec 16 06:14:03 localhost kernel: [   12.401347] 481a6000.serial: ttyO3 at MMIO 0x481a6000 (irq = 160, base_baud = 3000000) is a OMAP UART3
Dec 16 06:14:03 localhost kernel: [   12.412447] omap_rng 48310000.rng: OMAP Random Number Generator ver. 20
Dec 16 06:14:03 localhost kernel: [   12.419949] SRAM driver installed, with major 245
Dec 16 06:14:03 localhost kernel: [   12.424968] [drm] Initialized
Dec 16 06:14:03 localhost kernel: [   12.428589] panel panel: GPIO lookup for consumer enable
Dec 16 06:14:03 localhost kernel: [   12.428600] panel panel: using device tree for GPIO lookup
Dec 16 06:14:03 localhost kernel: [   12.428614] of_get_named_gpiod_flags: can't parse 'enable-gpios' property of node '/panel[0]'
Dec 16 06:14:03 localhost kernel: [   12.428623] of_get_named_gpiod_flags: can't parse 'enable-gpio' property of node '/panel[0]'
Dec 16 06:14:03 localhost kernel: [   12.428631] panel panel: using lookup tables for GPIO lookup
Dec 16 06:14:03 localhost kernel: [   12.428641] panel panel: lookup for GPIO enable failed
Dec 16 06:14:03 localhost kernel: [   12.430084] [drm] Supports vblank timestamp caching Rev 2 (21.10.2013).
Dec 16 06:14:03 localhost kernel: [   12.437113] [drm] No driver support for vblank timestamp query.
Dec 16 06:14:03 localhost kernel: [   12.474638] Console: switching to colour frame buffer device 80x30
Dec 16 06:14:03 localhost kernel: [   12.486881] tilcdc 4830e000.lcdc: fb0:  frame buffer device
Dec 16 06:14:03 localhost kernel: [   12.534180] brd: module loaded
Dec 16 06:14:03 localhost kernel: [   12.545858] loop: module loaded
Dec 16 06:14:03 localhost kernel: [   12.556112] libphy: Fixed MDIO Bus: probed
Dec 16 06:14:03 localhost kernel: [   12.636835] davinci_mdio 4a101000.mdio: davinci mdio revision 1.6
Dec 16 06:14:03 localhost kernel: [   12.643268] davinci_mdio 4a101000.mdio: detected phy mask fffffff5
Dec 16 06:14:03 localhost kernel: [   12.651541] libphy: 4a101000.mdio: probed
Dec 16 06:14:03 localhost kernel: [   12.655801] davinci_mdio 4a101000.mdio: phy[1]: device 4a101000.mdio:01, driver TI TLK10X 10/100 Mbps PHY
Dec 16 06:14:03 localhost kernel: [   12.665995] davinci_mdio 4a101000.mdio: phy[3]: device 4a101000.mdio:03, driver TI TLK10X 10/100 Mbps PHY
Dec 16 06:14:03 localhost kernel: [   12.677148] cpsw 4a100000.ethernet: Detected MACID = b0:d5:cc:a2:02:cc
Dec 16 06:14:03 localhost kernel: [   12.684138] cpsw 4a100000.ethernet: device node lookup for pps timer failed
Dec 16 06:14:03 localhost kernel: [   12.691587] cpsw 4a100000.ethernet: cpts: overflow check period 500 (jiffies)
Dec 16 06:14:03 localhost kernel: [   12.700552] cpsw 4a100000.ethernet: cpsw: Detected MACID = b0:d5:cc:a2:02:ce
Dec 16 06:14:03 localhost kernel: [   12.709510] PPP generic driver version 2.4.2
Dec 16 06:14:03 localhost kernel: [   12.714771] mousedev: PS/2 mouse device common for all mice
Dec 16 06:14:03 localhost kernel: [   12.721954] omap_rtc 44e3e000.rtc: already running
Dec 16 06:14:03 localhost kernel: [   12.727508] rtc rtc0: 44e3e000.rtc: dev (253:0)
Dec 16 06:14:03 localhost kernel: [   12.727540] omap_rtc 44e3e000.rtc: rtc core: registered 44e3e000.rtc as rtc0
Dec 16 06:14:03 localhost kernel: [   12.736788] ht1382-rtc rtc1: ht1382_read_time: tm is secs=44, mins=19, hours=3, mday=16, mon=12, year=120, wday=3
Dec 16 06:14:03 localhost kernel: [   12.737216] rtc rtc1: ht1382-rtc: dev (253:1)
Dec 16 06:14:03 localhost kernel: [   12.737228] ht1382-rtc rtc1: rtc core: registered ht1382-rtc as rtc1
Dec 16 06:14:03 localhost kernel: [   12.743970] i2c /dev entries driver
Dec 16 06:14:03 localhost kernel: [   12.749671] omap_hsmmc 48060000.mmc: GPIO lookup for consumer cd
Dec 16 06:14:03 localhost kernel: [   12.749683] omap_hsmmc 48060000.mmc: using device tree for GPIO lookup
Dec 16 06:14:03 localhost kernel: [   12.749719] of_get_named_gpiod_flags: parsed 'cd-gpios' property of node '/ocp/mmc@48060000[0]' - status (0)
Dec 16 06:14:03 localhost kernel: [   12.749738] omap_hsmmc 48060000.mmc: Got CD GPIO
Dec 16 06:14:03 localhost kernel: [   12.754625] omap_hsmmc 48060000.mmc: GPIO lookup for consumer wp
Dec 16 06:14:03 localhost kernel: [   12.754632] omap_hsmmc 48060000.mmc: using device tree for GPIO lookup
Dec 16 06:14:03 localhost kernel: [   12.754642] of_get_named_gpiod_flags: can't parse 'wp-gpios' property of node '/ocp/mmc@48060000[0]'
Dec 16 06:14:03 localhost kernel: [   12.754651] of_get_named_gpiod_flags: can't parse 'wp-gpio' property of node '/ocp/mmc@48060000[0]'
Dec 16 06:14:03 localhost kernel: [   12.754659] omap_hsmmc 48060000.mmc: using lookup tables for GPIO lookup
Dec 16 06:14:03 localhost kernel: [   12.754669] omap_hsmmc 48060000.mmc: lookup for GPIO wp failed
Dec 16 06:14:03 localhost kernel: [   12.807651] omap_hsmmc 47810000.mmc: GPIO lookup for consumer cd
Dec 16 06:14:03 localhost kernel: [   12.807664] omap_hsmmc 47810000.mmc: using device tree for GPIO lookup
Dec 16 06:14:03 localhost kernel: [   12.807703] of_get_named_gpiod_flags: parsed 'cd-gpios' property of node '/ocp/mmc@47810000[0]' - status (0)
Dec 16 06:14:03 localhost kernel: [   12.807720] omap_hsmmc 47810000.mmc: Got CD GPIO
Dec 16 06:14:03 localhost kernel: [   12.813654] omap_hsmmc 47810000.mmc: GPIO lookup for consumer wp
Dec 16 06:14:03 localhost kernel: [   12.813662] omap_hsmmc 47810000.mmc: using device tree for GPIO lookup
Dec 16 06:14:03 localhost kernel: [   12.813688] of_get_named_gpiod_flags: parsed 'wp-gpios' property of node '/ocp/mmc@47810000[0]' - status (0)
Dec 16 06:14:03 localhost kernel: [   12.813700] omap_hsmmc 47810000.mmc: Got WP GPIO
Dec 16 06:14:03 localhost kernel: [   12.877685] of_get_named_gpiod_flags: parsed 'gpios' property of node '/leds/led1[0]' - status (0)
Dec 16 06:14:03 localhost kernel: [   12.877930] of_get_named_gpiod_flags: parsed 'gpios' property of node '/leds/led2[0]' - status (0)
Dec 16 06:14:03 localhost kernel: [   12.878150] of_get_named_gpiod_flags: parsed 'gpios' property of node '/leds/led3[0]' - status (0)
Dec 16 06:14:03 localhost kernel: [   12.879939] NET: Registered protocol family 10
Dec 16 06:14:03 localhost kernel: [   12.890004] sit: IPv6, IPv4 and MPLS over IPv4 tunneling driver
Dec 16 06:14:03 localhost kernel: [   12.897433] NET: Registered protocol family 17
Dec 16 06:14:03 localhost kernel: [   12.902560] Key type dns_resolver registered
Dec 16 06:14:03 localhost kernel: [   12.907558] omap_voltage_late_init: Voltage driver support not added
Dec 16 06:14:03 localhost kernel: [   12.926416] mmc0: host does not support reading read-only switch, assuming write-enable
Dec 16 06:14:03 localhost kernel: [   12.937971] mmc0: new high speed SDHC card at address aaaa
Dec 16 06:14:03 localhost kernel: [   12.944594] mmcblk0: mmc0:aaaa SU04G 3.69 GiB 
Dec 16 06:14:03 localhost kernel: [   12.950052] at24 0-0050: 256 byte 24c02 EEPROM, writable, 1 bytes/write
Dec 16 06:14:03 localhost kernel: [   12.958067] omap_i2c 44e0b000.i2c: bus 0 rev0.11 at 100 kHz
Dec 16 06:14:03 localhost kernel: [   12.964110]  mmcblk0: p1 p2 p3 p4
Dec 16 06:14:03 localhost kernel: [   12.970203] omap_rtc 44e3e000.rtc: setting system clock to 2020-12-16 06:13:48 UTC (1608099228)
Dec 16 06:14:03 localhost kernel: [   12.982210] EXT4-fs (mmcblk0p2): mounting ext3 file system using the ext4 subsystem
Dec 16 06:14:03 localhost kernel: [   13.000983] EXT4-fs (mmcblk0p2): mounted filesystem with ordered data mode. Opts: (null)
Dec 16 06:14:03 localhost kernel: [   13.009748] VFS: Mounted root (ext3 filesystem) readonly on device 179:2.
Dec 16 06:14:03 localhost kernel: [   13.019792] devtmpfs: mounted
Dec 16 06:14:03 localhost kernel: [   13.025567] Freeing unused kernel memory: 1024K
Dec 16 06:14:03 localhost kernel: [   13.539566] cgroup: cgroup2: unknown option "nsdelegate"
Dec 16 06:14:03 localhost kernel: [   15.179186] EXT4-fs (mmcblk0p2): re-mounted. Opts: (null)
Dec 16 06:14:03 localhost kernel: [   23.086674] EXT4-fs (mmcblk0p4): mounting ext3 file system using the ext4 subsystem
Dec 16 06:14:03 localhost kernel: [   23.131963] EXT4-fs (mmcblk0p4): mounted filesystem with ordered data mode. Opts: (null)
Dec 16 06:16:14 localhost kernel: [  159.436860] random: crng init done
Dec 16 06:25:32 adam3600 kernel: [    0.000000] Booting Linux on physical CPU 0x0
Dec 16 06:25:32 adam3600 kernel: [    0.000000] Linux version 4.9.69-g9ce43c71ae (root@abjenkins-linux-x64) (gcc version 6.2.1 20161016 (Linaro GCC 6.2-2016.11) ) #1 PREEMPT Fri Sep 18 10:31:49 CST 2020
Dec 16 06:25:32 adam3600 kernel: [    0.000000] CPU: ARMv7 Processor [413fc082] revision 2 (ARMv7), cr=10c5387d
Dec 16 06:25:32 adam3600 kernel: [    0.000000] CPU: PIPT / VIPT nonaliasing data cache, VIPT aliasing instruction cache
Dec 16 06:25:32 adam3600 kernel: [    0.000000] OF: fdt:Machine model: TI AM335x Advantech ADAM3600
Dec 16 06:25:32 adam3600 kernel: [    0.000000] efi: Getting EFI parameters from FDT:
Dec 16 06:25:32 adam3600 kernel: [    0.000000] efi: UEFI not found.
Dec 16 06:25:32 adam3600 kernel: [    0.000000] cma: Reserved 48 MiB at 0x8b800000
Dec 16 06:25:32 adam3600 kernel: [    0.000000] Memory policy: Data cache writeback
Dec 16 06:25:32 adam3600 kernel: [    0.000000] On node 0 totalpages: 65536
Dec 16 06:25:32 adam3600 kernel: [    0.000000] free_area_init_node: node 0, pgdat c0c3bb4c, node_mem_map cfda1000
Dec 16 06:25:32 adam3600 kernel: [    0.000000]   Normal zone: 576 pages used for memmap
Dec 16 06:25:32 adam3600 kernel: [    0.000000]   Normal zone: 0 pages reserved
Dec 16 06:25:32 adam3600 kernel: [    0.000000]   Normal zone: 65536 pages, LIFO batch:15
Dec 16 06:25:32 adam3600 kernel: [    0.000000] CPU: All CPU(s) started in SVC mode.
Dec 16 06:25:32 adam3600 kernel: [    0.000000] AM335X ES2.1 (neon)
Dec 16 06:25:32 adam3600 kernel: [    0.000000] pcpu-alloc: s0 r0 d32768 u32768 alloc=1*32768
Dec 16 06:25:32 adam3600 kernel: [    0.000000] pcpu-alloc: [0] 0 
Dec 16 06:25:32 adam3600 kernel: [    0.000000] Built 1 zonelists in Zone order, mobility grouping on.  Total pages: 64960
Dec 16 06:25:32 adam3600 kernel: [    0.000000] Kernel command line: console=ttyO0,115200n8 coherent_pool=2M root=/dev/mmcblk0p2 ro rootfstype=ext3 rootwait ip=none
Dec 16 06:25:32 adam3600 kernel: [    0.000000] PID hash table entries: 1024 (order: 0, 4096 bytes)
Dec 16 06:25:32 adam3600 kernel: [    0.000000] Dentry cache hash table entries: 32768 (order: 5, 131072 bytes)
Dec 16 06:25:32 adam3600 kernel: [    0.000000] Inode-cache hash table entries: 16384 (order: 4, 65536 bytes)
Dec 16 06:25:32 adam3600 kernel: [    0.000000] Memory: 198388K/262144K available (7168K kernel code, 242K rwdata, 2080K rodata, 1024K init, 263K bss, 14604K reserved, 49152K cma-reserved, 0K highmem)
Dec 16 06:25:32 adam3600 kernel: [    0.000000] Virtual kernel memory layout:
Dec 16 06:25:32 adam3600 kernel: [    0.000000]     vector  : 0xffff0000 - 0xffff1000   (   4 kB)
Dec 16 06:25:32 adam3600 kernel: [    0.000000]     fixmap  : 0xffc00000 - 0xfff00000   (3072 kB)
Dec 16 06:25:32 adam3600 kernel: [    0.000000]     vmalloc : 0xd0800000 - 0xff800000   ( 752 MB)
Dec 16 06:25:32 adam3600 kernel: [    0.000000]     lowmem  : 0xc0000000 - 0xd0000000   ( 256 MB)
Dec 16 06:25:32 adam3600 kernel: [    0.000000]     pkmap   : 0xbfe00000 - 0xc0000000   (   2 MB)
Dec 16 06:25:32 adam3600 kernel: [    0.000000]     modules : 0xbf000000 - 0xbfe00000   (  14 MB)
Dec 16 06:25:32 adam3600 kernel: [    0.000000]       .text : 0xc0008000 - 0xc0800000   (8160 kB)
Dec 16 06:25:32 adam3600 kernel: [    0.000000]       .init : 0xc0b00000 - 0xc0c00000   (1024 kB)
Dec 16 06:25:32 adam3600 kernel: [    0.000000]       .data : 0xc0c00000 - 0xc0c3c9a0   ( 243 kB)
Dec 16 06:25:32 adam3600 kernel: [    0.000000]        .bss : 0xc0c3c9a0 - 0xc0c7e864   ( 264 kB)
Dec 16 06:25:32 adam3600 kernel: [    0.000000] SLUB: HWalign=64, Order=0-3, MinObjects=0, CPUs=1, Nodes=1
Dec 16 06:25:32 adam3600 kernel: [    0.000000] Preemptible hierarchical RCU implementation.
Dec 16 06:25:32 adam3600 kernel: [    0.000000] 	RCU kthread priority: 1.
Dec 16 06:25:32 adam3600 kernel: [    0.000000] NR_IRQS:16 nr_irqs:16 16
Dec 16 06:25:32 adam3600 kernel: [    0.000000] IRQ: Found an INTC at 0xfa200000 (revision 5.0) with 128 interrupts
Dec 16 06:25:32 adam3600 kernel: [    0.000000] OMAP clockevent source: timer2 at 24000000 Hz
Dec 16 06:25:32 adam3600 kernel: [    0.000019] sched_clock: 32 bits at 24MHz, resolution 41ns, wraps every 89478484971ns
Dec 16 06:25:32 adam3600 kernel: [    0.000045] clocksource: timer1: mask: 0xffffffff max_cycles: 0xffffffff, max_idle_ns: 79635851949 ns
Dec 16 06:25:32 adam3600 kernel: [    0.000059] OMAP clocksource: timer1 at 24000000 Hz
Dec 16 06:25:32 adam3600 kernel: [    0.000262] clocksource_probe: no matching clocksources found
Dec 16 06:25:32 adam3600 kernel: [    0.000465] Console: colour dummy device 80x30
Dec 16 06:25:32 adam3600 kernel: [    0.000500] Calibrating delay loop... 597.60 BogoMIPS (lpj=2988032)
Dec 16 06:25:32 adam3600 kernel: [    0.118883] pid_max: default: 32768 minimum: 301
Dec 16 06:25:32 adam3600 kernel: [    0.119040] Mount-cache hash table entries: 1024 (order: 0, 4096 bytes)
Dec 16 06:25:32 adam3600 kernel: [    0.119056] Mountpoint-cache hash table entries: 1024 (order: 0, 4096 bytes)
Dec 16 06:25:32 adam3600 kernel: [    0.120052] CPU: Testing write buffer coherency: ok
Dec 16 06:25:32 adam3600 kernel: [    0.120477] Setting up static identity map for 0x80100000 - 0x80100060
Dec 16 06:25:32 adam3600 kernel: [    0.121752] EFI services will not be available.
Dec 16 06:25:32 adam3600 kernel: [    0.122252] devtmpfs: initialized
Dec 16 06:25:32 adam3600 kernel: [    0.137412] VFP support v0.3: implementor 41 architecture 3 part 30 variant c rev 3
Dec 16 06:25:32 adam3600 kernel: [    0.137829] clocksource: jiffies: mask: 0xffffffff max_cycles: 0xffffffff, max_idle_ns: 19112604462750000 ns
Dec 16 06:25:32 adam3600 kernel: [    0.137863] futex hash table entries: 256 (order: -1, 3072 bytes)
Dec 16 06:25:32 adam3600 kernel: [    0.142189] pinctrl core: initialized pinctrl subsystem
Dec 16 06:25:32 adam3600 kernel: [    0.143697] NET: Registered protocol family 16
Dec 16 06:25:32 adam3600 kernel: [    0.149223] DMA: preallocated 2048 KiB pool for atomic coherent allocations
Dec 16 06:25:32 adam3600 kernel: [    0.167708] omap_hwmod: debugss: _wait_target_disable failed
Dec 16 06:25:32 adam3600 kernel: [    0.228382] gpio gpiochip0: (gpio): added GPIO chardev (254:0)
Dec 16 06:25:32 adam3600 kernel: [    0.228928] gpiochip_setup_dev: registered GPIOs 0 to 31 on device: gpiochip0 (gpio)
Dec 16 06:25:32 adam3600 kernel: [    0.230900] OMAP GPIO hardware version 0.1
Dec 16 06:25:32 adam3600 kernel: [    0.231890] gpio gpiochip1: (gpio): added GPIO chardev (254:1)
Dec 16 06:25:32 adam3600 kernel: [    0.232302] gpiochip_setup_dev: registered GPIOs 32 to 63 on device: gpiochip1 (gpio)
Dec 16 06:25:32 adam3600 kernel: [    0.234981] gpio gpiochip2: (gpio): added GPIO chardev (254:2)
Dec 16 06:25:32 adam3600 kernel: [    0.235483] gpiochip_setup_dev: registered GPIOs 64 to 95 on device: gpiochip2 (gpio)
Dec 16 06:25:32 adam3600 kernel: [    0.238096] gpio gpiochip3: (gpio): added GPIO chardev (254:3)
Dec 16 06:25:32 adam3600 kernel: [    0.238485] gpiochip_setup_dev: registered GPIOs 96 to 127 on device: gpiochip3 (gpio)
Dec 16 06:25:32 adam3600 kernel: [    0.249372] omap-gpmc 50000000.gpmc: GPMC revision 6.0
Dec 16 06:25:32 adam3600 kernel: [    0.249405] gpmc_mem_init: disabling cs 0 mapped at 0x0-0x1000000
Dec 16 06:25:32 adam3600 kernel: [    0.249444] gpiochip_find_base: found new base at 510
Dec 16 06:25:32 adam3600 kernel: [    0.249477] gpio gpiochip4: (omap-gpmc): added GPIO chardev (254:4)
Dec 16 06:25:32 adam3600 kernel: [    0.249897] gpiochip_setup_dev: registered GPIOs 510 to 511 on device: gpiochip4 (omap-gpmc)
Dec 16 06:25:32 adam3600 kernel: [    2.558861] random: fast init done
Dec 16 06:25:32 adam3600 kernel: [   11.617197] +++HW Ver: ADAM-3600-C2GL1A1E
Dec 16 06:25:32 adam3600 kernel: [   11.622394] +++ADAM3600 init.
Dec 16 06:25:32 adam3600 kernel: [   11.622425] No ATAGs?
Dec 16 06:25:32 adam3600 kernel: [   11.622440] hw-breakpoint: debug architecture 0x4 unsupported.
Dec 16 06:25:32 adam3600 kernel: [   11.669951] edma 49000000.edma: TI EDMA DMA engine driver
Dec 16 06:25:32 adam3600 kernel: [   11.670366] of_get_named_gpiod_flags: can't parse 'gpio' property of node '/fixedregulator0[0]'
Dec 16 06:25:32 adam3600 kernel: [   11.673073] omap_i2c 44e0b000.i2c: could not find pctldev for node /ocp/l4_wkup@44c00000/scm@210000/pinmux@800/pinmux_i2c0_pins, deferring probe
Dec 16 06:25:32 adam3600 kernel: [   11.673257] media: Linux media interface: v0.10
Dec 16 06:25:32 adam3600 kernel: [   11.673330] Linux video capture interface: v2.00
Dec 16 06:25:32 adam3600 kernel: [   11.673387] pps_core: LinuxPPS API ver. 1 registered
Dec 16 06:25:32 adam3600 kernel: [   11.673398] pps_core: Software ver. 5.3.6 - Copyright 2005-2007 Rodolfo Giometti <giometti@linux.it>
Dec 16 06:25:32 adam3600 kernel: [   11.673430] PTP clock support registered
Dec 16 06:25:32 adam3600 kernel: [   11.673483] EDAC MC: Ver: 3.0.0
Dec 16 06:25:32 adam3600 kernel: [   11.674881] omap-mailbox 480c8000.mailbox: omap mailbox rev 0x400
Dec 16 06:25:32 adam3600 kernel: [   11.676817] clocksource: Switched to clocksource timer1
Dec 16 06:25:32 adam3600 kernel: [   11.690618] NET: Registered protocol family 2
Dec 16 06:25:32 adam3600 kernel: [   11.691569] TCP established hash table entries: 2048 (order: 1, 8192 bytes)
Dec 16 06:25:32 adam3600 kernel: [   11.691615] TCP bind hash table entries: 2048 (order: 1, 8192 bytes)
Dec 16 06:25:32 adam3600 kernel: [   11.691652] TCP: Hash tables configured (established 2048 bind 2048)
Dec 16 06:25:32 adam3600 kernel: [   11.691738] UDP hash table entries: 256 (order: 0, 4096 bytes)
Dec 16 06:25:32 adam3600 kernel: [   11.691763] UDP-Lite hash table entries: 256 (order: 0, 4096 bytes)
Dec 16 06:25:32 adam3600 kernel: [   11.691942] NET: Registered protocol family 1
Dec 16 06:25:32 adam3600 kernel: [   11.692469] RPC: Registered named UNIX socket transport module.
Dec 16 06:25:32 adam3600 kernel: [   11.692486] RPC: Registered udp transport module.
Dec 16 06:25:32 adam3600 kernel: [   11.692495] RPC: Registered tcp transport module.
Dec 16 06:25:32 adam3600 kernel: [   11.692504] RPC: Registered tcp NFSv4.1 backchannel transport module.
Dec 16 06:25:32 adam3600 kernel: [   11.693615] hw perfevents: enabled with armv7_cortex_a8 PMU driver, 5 counters available
Dec 16 06:25:32 adam3600 kernel: [   11.696671] workingset: timestamp_bits=14 max_order=16 bucket_order=2
Dec 16 06:25:32 adam3600 kernel: [   11.707729] exFAT: file-system version 2.2.0-3arter97
Dec 16 06:25:32 adam3600 kernel: [   11.708969] NFS: Registering the id_resolver key type
Dec 16 06:25:32 adam3600 kernel: [   11.709022] Key type id_resolver registered
Dec 16 06:25:32 adam3600 kernel: [   11.709032] Key type id_legacy registered
Dec 16 06:25:32 adam3600 kernel: [   11.709093] ntfs: driver 2.1.32 [Flags: R/O].
Dec 16 06:25:32 adam3600 kernel: [   11.711495] Block layer SCSI generic (bsg) driver version 0.4 loaded (major 247)
Dec 16 06:25:32 adam3600 kernel: [   11.711521] io scheduler noop registered
Dec 16 06:25:32 adam3600 kernel: [   11.711532] io scheduler deadline registered
Dec 16 06:25:32 adam3600 kernel: [   11.711737] io scheduler cfq registered (default)
Dec 16 06:25:32 adam3600 kernel: [   11.713653] pinctrl-single 44e10800.pinmux: 142 pins at pa f9e10800 size 568
Dec 16 06:25:32 adam3600 kernel: [   11.797489] Serial: 8250/16550 driver, 10 ports, IRQ sharing disabled
Dec 16 06:25:32 adam3600 kernel: [   11.801146] serial8250.0: ttyS0 at MMIO 0x1000000 (irq = 44, base_baud = 921600) is a XR16850
Dec 16 06:25:32 adam3600 kernel: [   11.802054] serial8250.0: ttyS1 at MMIO 0x1000801 (irq = 43, base_baud = 921600) is a XR16850
Dec 16 06:25:32 adam3600 kernel: [   11.802885] serial8250.0: ttyS2 at MMIO 0x1001201 (irq = 136, base_baud = 921600) is a XR16850
Dec 16 06:25:32 adam3600 kernel: [   11.803753] omap_uart 44e09000.serial: no wakeirq for uart0
Dec 16 06:25:32 adam3600 kernel: [   11.803779] of_get_named_gpiod_flags: can't parse 'rts-gpio' property of node '/ocp/serial@44e09000[0]'
Dec 16 06:25:32 adam3600 kernel: [   11.803815] 44e09000.serial: ttyO0 at MMIO 0x44e09000 (irq = 158, base_baud = 3000000) is a OMAP UART0
Dec 16 06:25:32 adam3600 kernel: [   12.434740] console [ttyO0] enabled
Dec 16 06:25:32 adam3600 kernel: [   12.439040] omap_uart 48022000.serial: no wakeirq for uart1
Dec 16 06:25:32 adam3600 kernel: [   12.444901] of_get_named_gpiod_flags: can't parse 'rts-gpio' property of node '/ocp/serial@48022000[0]'
Dec 16 06:25:32 adam3600 kernel: [   12.445026] 48022000.serial: ttyO1 at MMIO 0x48022000 (irq = 159, base_baud = 3000000) is a OMAP UART1
Dec 16 06:25:32 adam3600 kernel: [   12.455384] omap_uart 481a6000.serial: no wakeirq for uart3
Dec 16 06:25:32 adam3600 kernel: [   12.461285] of_get_named_gpiod_flags: can't parse 'rts-gpio' property of node '/ocp/serial@481a6000[0]'
Dec 16 06:25:32 adam3600 kernel: [   12.461367] 481a6000.serial: ttyO3 at MMIO 0x481a6000 (irq = 160, base_baud = 3000000) is a OMAP UART3
Dec 16 06:25:32 adam3600 kernel: [   12.472479] omap_rng 48310000.rng: OMAP Random Number Generator ver. 20
Dec 16 06:25:32 adam3600 kernel: [   12.479978] SRAM driver installed, with major 245
Dec 16 06:25:32 adam3600 kernel: [   12.485002] [drm] Initialized
Dec 16 06:25:32 adam3600 kernel: [   12.488633] panel panel: GPIO lookup for consumer enable
Dec 16 06:25:32 adam3600 kernel: [   12.488643] panel panel: using device tree for GPIO lookup
Dec 16 06:25:32 adam3600 kernel: [   12.488656] of_get_named_gpiod_flags: can't parse 'enable-gpios' property of node '/panel[0]'
Dec 16 06:25:32 adam3600 kernel: [   12.488665] of_get_named_gpiod_flags: can't parse 'enable-gpio' property of node '/panel[0]'
Dec 16 06:25:32 adam3600 kernel: [   12.488673] panel panel: using lookup tables for GPIO lookup
Dec 16 06:25:32 adam3600 kernel: [   12.488683] panel panel: lookup for GPIO enable failed
Dec 16 06:25:32 adam3600 kernel: [   12.490112] [drm] Supports vblank timestamp caching Rev 2 (21.10.2013).
Dec 16 06:25:32 adam3600 kernel: [   12.497147] [drm] No driver support for vblank timestamp query.
Dec 16 06:25:32 adam3600 kernel: [   12.534668] Console: switching to colour frame buffer device 80x30
Dec 16 06:25:32 adam3600 kernel: [   12.546901] tilcdc 4830e000.lcdc: fb0:  frame buffer device
Dec 16 06:25:32 adam3600 kernel: [   12.594137] brd: module loaded
Dec 16 06:25:32 adam3600 kernel: [   12.605837] loop: module loaded
Dec 16 06:25:32 adam3600 kernel: [   12.616095] libphy: Fixed MDIO Bus: probed
Dec 16 06:25:32 adam3600 kernel: [   12.696854] davinci_mdio 4a101000.mdio: davinci mdio revision 1.6
Dec 16 06:25:32 adam3600 kernel: [   12.703272] davinci_mdio 4a101000.mdio: detected phy mask fffffff5
Dec 16 06:25:32 adam3600 kernel: [   12.711415] libphy: 4a101000.mdio: probed
Dec 16 06:25:32 adam3600 kernel: [   12.715675] davinci_mdio 4a101000.mdio: phy[1]: device 4a101000.mdio:01, driver TI TLK10X 10/100 Mbps PHY
Dec 16 06:25:32 adam3600 kernel: [   12.725864] davinci_mdio 4a101000.mdio: phy[3]: device 4a101000.mdio:03, driver TI TLK10X 10/100 Mbps PHY
Dec 16 06:25:32 adam3600 kernel: [   12.737014] cpsw 4a100000.ethernet: Detected MACID = b0:d5:cc:a2:02:cc
Dec 16 06:25:32 adam3600 kernel: [   12.744002] cpsw 4a100000.ethernet: device node lookup for pps timer failed
Dec 16 06:25:32 adam3600 kernel: [   12.751444] cpsw 4a100000.ethernet: cpts: overflow check period 500 (jiffies)
Dec 16 06:25:32 adam3600 kernel: [   12.760408] cpsw 4a100000.ethernet: cpsw: Detected MACID = b0:d5:cc:a2:02:ce
Dec 16 06:25:32 adam3600 kernel: [   12.769365] PPP generic driver version 2.4.2
Dec 16 06:25:32 adam3600 kernel: [   12.774611] mousedev: PS/2 mouse device common for all mice
Dec 16 06:25:32 adam3600 kernel: [   12.781771] omap_rtc 44e3e000.rtc: already running
Dec 16 06:25:32 adam3600 kernel: [   12.787328] rtc rtc0: 44e3e000.rtc: dev (253:0)
Dec 16 06:25:32 adam3600 kernel: [   12.787360] omap_rtc 44e3e000.rtc: rtc core: registered 44e3e000.rtc as rtc0
Dec 16 06:25:32 adam3600 kernel: [   12.796584] ht1382-rtc rtc1: ht1382_read_time: tm is secs=14, mins=31, hours=3, mday=16, mon=12, year=120, wday=3
Dec 16 06:25:32 adam3600 kernel: [   12.797032] rtc rtc1: ht1382-rtc: dev (253:1)
Dec 16 06:25:32 adam3600 kernel: [   12.797046] ht1382-rtc rtc1: rtc core: registered ht1382-rtc as rtc1
Dec 16 06:25:32 adam3600 kernel: [   12.803789] i2c /dev entries driver
Dec 16 06:25:32 adam3600 kernel: [   12.809511] omap_hsmmc 48060000.mmc: GPIO lookup for consumer cd
Dec 16 06:25:32 adam3600 kernel: [   12.809522] omap_hsmmc 48060000.mmc: using device tree for GPIO lookup
Dec 16 06:25:32 adam3600 kernel: [   12.809558] of_get_named_gpiod_flags: parsed 'cd-gpios' property of node '/ocp/mmc@48060000[0]' - status (0)
Dec 16 06:25:32 adam3600 kernel: [   12.809577] omap_hsmmc 48060000.mmc: Got CD GPIO
Dec 16 06:25:32 adam3600 kernel: [   12.814463] omap_hsmmc 48060000.mmc: GPIO lookup for consumer wp
Dec 16 06:25:32 adam3600 kernel: [   12.814471] omap_hsmmc 48060000.mmc: using device tree for GPIO lookup
Dec 16 06:25:32 adam3600 kernel: [   12.814481] of_get_named_gpiod_flags: can't parse 'wp-gpios' property of node '/ocp/mmc@48060000[0]'
Dec 16 06:25:32 adam3600 kernel: [   12.814491] of_get_named_gpiod_flags: can't parse 'wp-gpio' property of node '/ocp/mmc@48060000[0]'
Dec 16 06:25:32 adam3600 kernel: [   12.814499] omap_hsmmc 48060000.mmc: using lookup tables for GPIO lookup
Dec 16 06:25:32 adam3600 kernel: [   12.814508] omap_hsmmc 48060000.mmc: lookup for GPIO wp failed
Dec 16 06:25:32 adam3600 kernel: [   12.867660] omap_hsmmc 47810000.mmc: GPIO lookup for consumer cd
Dec 16 06:25:32 adam3600 kernel: [   12.867673] omap_hsmmc 47810000.mmc: using device tree for GPIO lookup
Dec 16 06:25:32 adam3600 kernel: [   12.867711] of_get_named_gpiod_flags: parsed 'cd-gpios' property of node '/ocp/mmc@47810000[0]' - status (0)
Dec 16 06:25:32 adam3600 kernel: [   12.867728] omap_hsmmc 47810000.mmc: Got CD GPIO
Dec 16 06:25:32 adam3600 kernel: [   12.873661] omap_hsmmc 47810000.mmc: GPIO lookup for consumer wp
Dec 16 06:25:32 adam3600 kernel: [   12.873669] omap_hsmmc 47810000.mmc: using device tree for GPIO lookup
Dec 16 06:25:32 adam3600 kernel: [   12.873695] of_get_named_gpiod_flags: parsed 'wp-gpios' property of node '/ocp/mmc@47810000[0]' - status (0)
Dec 16 06:25:32 adam3600 kernel: [   12.873708] omap_hsmmc 47810000.mmc: Got WP GPIO
Dec 16 06:25:32 adam3600 kernel: [   12.937705] of_get_named_gpiod_flags: parsed 'gpios' property of node '/leds/led1[0]' - status (0)
Dec 16 06:25:32 adam3600 kernel: [   12.937943] of_get_named_gpiod_flags: parsed 'gpios' property of node '/leds/led2[0]' - status (0)
Dec 16 06:25:32 adam3600 kernel: [   12.938167] of_get_named_gpiod_flags: parsed 'gpios' property of node '/leds/led3[0]' - status (0)
Dec 16 06:25:32 adam3600 kernel: [   12.939959] NET: Registered protocol family 10
Dec 16 06:25:32 adam3600 kernel: [   12.950013] sit: IPv6, IPv4 and MPLS over IPv4 tunneling driver
Dec 16 06:25:32 adam3600 kernel: [   12.957451] NET: Registered protocol family 17
Dec 16 06:25:32 adam3600 kernel: [   12.962576] Key type dns_resolver registered
Dec 16 06:25:32 adam3600 kernel: [   12.967579] omap_voltage_late_init: Voltage driver support not added
Dec 16 06:25:32 adam3600 kernel: [   12.986410] mmc0: host does not support reading read-only switch, assuming write-enable
Dec 16 06:25:32 adam3600 kernel: [   12.997965] mmc0: new high speed SDHC card at address aaaa
Dec 16 06:25:32 adam3600 kernel: [   13.004587] mmcblk0: mmc0:aaaa SU04G 3.69 GiB 
Dec 16 06:25:32 adam3600 kernel: [   13.010046] at24 0-0050: 256 byte 24c02 EEPROM, writable, 1 bytes/write
Dec 16 06:25:32 adam3600 kernel: [   13.018073] omap_i2c 44e0b000.i2c: bus 0 rev0.11 at 100 kHz
Dec 16 06:25:32 adam3600 kernel: [   13.024116]  mmcblk0: p1 p2 p3 p4
Dec 16 06:25:32 adam3600 kernel: [   13.030207] omap_rtc 44e3e000.rtc: setting system clock to 2020-12-16 06:25:18 UTC (1608099918)
Dec 16 06:25:32 adam3600 kernel: [   13.042208] EXT4-fs (mmcblk0p2): mounting ext3 file system using the ext4 subsystem
Dec 16 06:25:32 adam3600 kernel: [   13.061001] EXT4-fs (mmcblk0p2): mounted filesystem with ordered data mode. Opts: (null)
Dec 16 06:25:32 adam3600 kernel: [   13.069765] VFS: Mounted root (ext3 filesystem) readonly on device 179:2.
Dec 16 06:25:32 adam3600 kernel: [   13.079810] devtmpfs: mounted
Dec 16 06:25:32 adam3600 kernel: [   13.085594] Freeing unused kernel memory: 1024K
Dec 16 06:25:32 adam3600 kernel: [   13.595526] cgroup: cgroup2: unknown option "nsdelegate"
Dec 16 06:25:32 adam3600 kernel: [   15.360698] EXT4-fs (mmcblk0p2): re-mounted. Opts: (null)
Dec 16 06:25:32 adam3600 kernel: [   23.167243] EXT4-fs (mmcblk0p4): mounting ext3 file system using the ext4 subsystem
Dec 16 06:25:32 adam3600 kernel: [   23.190401] EXT4-fs (mmcblk0p4): mounted filesystem with ordered data mode. Opts: (null)
Dec 16 06:26:01 adam3600 kernel: [   56.243791] tilcdc 4830e000.lcdc: tilcdc_crtc_irq(0x00000020): FIFO underflow
Dec 16 06:26:01 adam3600 kernel: [   56.260598] tilcdc 4830e000.lcdc: tilcdc_crtc_irq(0x00000104): Sync lost
Dec 16 06:26:01 adam3600 kernel: [   56.275566] tilcdc 4830e000.lcdc: tilcdc_crtc_irq(0x00000004): Sync lost
Dec 16 06:26:01 adam3600 kernel: [   56.276681] tilcdc 4830e000.lcdc: tilcdc_crtc_irq(0x00000004): Sync lost
Dec 16 06:26:01 adam3600 kernel: [   56.293771] tilcdc 4830e000.lcdc: tilcdc_crtc_irq(0x00000104): Sync lost
Dec 16 06:26:01 adam3600 kernel: [   56.310825] tilcdc 4830e000.lcdc: tilcdc_crtc_irq(0x00000104): Sync lost
Dec 16 06:26:01 adam3600 kernel: [   56.325961] tilcdc 4830e000.lcdc: tilcdc_crtc_irq(0x00000004): Sync lost
Dec 16 06:26:01 adam3600 kernel: [   56.333146] tilcdc 4830e000.lcdc: tilcdc_crtc_irq(0x00000004): Sync lost
Dec 16 06:26:01 adam3600 kernel: [   56.342752] tilcdc 4830e000.lcdc: tilcdc_crtc_irq(0x00000004): Sync lost
Dec 16 06:26:01 adam3600 kernel: [   56.349887] tilcdc 4830e000.lcdc: tilcdc_crtc_irq(0x00000004): Sync lost
Dec 16 06:26:01 adam3600 kernel: [   56.359557] tilcdc 4830e000.lcdc: tilcdc_crtc_irq(0x00000004): Sync lost
Dec 16 06:26:02 adam3600 kernel: [   56.712350] tilcdc 4830e000.lcdc: tilcdc_crtc_irq(0x00000004): Sync lost flood detected, recovering
Dec 16 06:26:02 adam3600 kernel: [   56.722413] tilcdc 4830e000.lcdc: tilcdc_crtc_recover_work: Reset CRTC
Dec 16 06:27:28 adam3600 kernel: [    0.000000] Booting Linux on physical CPU 0x0
Dec 16 06:27:28 adam3600 kernel: [    0.000000] Linux version 4.9.69-g9ce43c71ae (root@abjenkins-linux-x64) (gcc version 6.2.1 20161016 (Linaro GCC 6.2-2016.11) ) #1 PREEMPT Fri Sep 18 10:31:49 CST 2020
Dec 16 06:27:28 adam3600 kernel: [    0.000000] CPU: ARMv7 Processor [413fc082] revision 2 (ARMv7), cr=10c5387d
Dec 16 06:27:28 adam3600 kernel: [    0.000000] CPU: PIPT / VIPT nonaliasing data cache, VIPT aliasing instruction cache
Dec 16 06:27:28 adam3600 kernel: [    0.000000] OF: fdt:Machine model: TI AM335x Advantech ADAM3600
Dec 16 06:27:28 adam3600 kernel: [    0.000000] efi: Getting EFI parameters from FDT:
Dec 16 06:27:28 adam3600 kernel: [    0.000000] efi: UEFI not found.
Dec 16 06:27:28 adam3600 kernel: [    0.000000] cma: Reserved 48 MiB at 0x8b800000
Dec 16 06:27:28 adam3600 kernel: [    0.000000] Memory policy: Data cache writeback
Dec 16 06:27:28 adam3600 kernel: [    0.000000] On node 0 totalpages: 65536
Dec 16 06:27:28 adam3600 kernel: [    0.000000] free_area_init_node: node 0, pgdat c0c3bb4c, node_mem_map cfda1000
Dec 16 06:27:28 adam3600 kernel: [    0.000000]   Normal zone: 576 pages used for memmap
Dec 16 06:27:28 adam3600 kernel: [    0.000000]   Normal zone: 0 pages reserved
Dec 16 06:27:28 adam3600 kernel: [    0.000000]   Normal zone: 65536 pages, LIFO batch:15
Dec 16 06:27:28 adam3600 kernel: [    0.000000] CPU: All CPU(s) started in SVC mode.
Dec 16 06:27:28 adam3600 kernel: [    0.000000] AM335X ES2.1 (neon)
Dec 16 06:27:28 adam3600 kernel: [    0.000000] pcpu-alloc: s0 r0 d32768 u32768 alloc=1*32768
Dec 16 06:27:28 adam3600 kernel: [    0.000000] pcpu-alloc: [0] 0 
Dec 16 06:27:28 adam3600 kernel: [    0.000000] Built 1 zonelists in Zone order, mobility grouping on.  Total pages: 64960
Dec 16 06:27:28 adam3600 kernel: [    0.000000] Kernel command line: console=ttyO0,115200n8 coherent_pool=2M root=/dev/mmcblk0p2 ro rootfstype=ext3 rootwait ip=none
Dec 16 06:27:28 adam3600 kernel: [    0.000000] PID hash table entries: 1024 (order: 0, 4096 bytes)
Dec 16 06:27:28 adam3600 kernel: [    0.000000] Dentry cache hash table entries: 32768 (order: 5, 131072 bytes)
Dec 16 06:27:28 adam3600 kernel: [    0.000000] Inode-cache hash table entries: 16384 (order: 4, 65536 bytes)
Dec 16 06:27:28 adam3600 kernel: [    0.000000] Memory: 198388K/262144K available (7168K kernel code, 242K rwdata, 2080K rodata, 1024K init, 263K bss, 14604K reserved, 49152K cma-reserved, 0K highmem)
Dec 16 06:27:28 adam3600 kernel: [    0.000000] Virtual kernel memory layout:
Dec 16 06:27:28 adam3600 kernel: [    0.000000]     vector  : 0xffff0000 - 0xffff1000   (   4 kB)
Dec 16 06:27:28 adam3600 kernel: [    0.000000]     fixmap  : 0xffc00000 - 0xfff00000   (3072 kB)
Dec 16 06:27:28 adam3600 kernel: [    0.000000]     vmalloc : 0xd0800000 - 0xff800000   ( 752 MB)
Dec 16 06:27:28 adam3600 kernel: [    0.000000]     lowmem  : 0xc0000000 - 0xd0000000   ( 256 MB)
Dec 16 06:27:28 adam3600 kernel: [    0.000000]     pkmap   : 0xbfe00000 - 0xc0000000   (   2 MB)
Dec 16 06:27:28 adam3600 kernel: [    0.000000]     modules : 0xbf000000 - 0xbfe00000   (  14 MB)
Dec 16 06:27:28 adam3600 kernel: [    0.000000]       .text : 0xc0008000 - 0xc0800000   (8160 kB)
Dec 16 06:27:28 adam3600 kernel: [    0.000000]       .init : 0xc0b00000 - 0xc0c00000   (1024 kB)
Dec 16 06:27:28 adam3600 kernel: [    0.000000]       .data : 0xc0c00000 - 0xc0c3c9a0   ( 243 kB)
Dec 16 06:27:28 adam3600 kernel: [    0.000000]        .bss : 0xc0c3c9a0 - 0xc0c7e864   ( 264 kB)
Dec 16 06:27:28 adam3600 kernel: [    0.000000] SLUB: HWalign=64, Order=0-3, MinObjects=0, CPUs=1, Nodes=1
Dec 16 06:27:28 adam3600 kernel: [    0.000000] Preemptible hierarchical RCU implementation.
Dec 16 06:27:28 adam3600 kernel: [    0.000000] 	RCU kthread priority: 1.
Dec 16 06:27:28 adam3600 kernel: [    0.000000] NR_IRQS:16 nr_irqs:16 16
Dec 16 06:27:28 adam3600 kernel: [    0.000000] IRQ: Found an INTC at 0xfa200000 (revision 5.0) with 128 interrupts
Dec 16 06:27:28 adam3600 kernel: [    0.000000] OMAP clockevent source: timer2 at 24000000 Hz
Dec 16 06:27:28 adam3600 kernel: [    0.000019] sched_clock: 32 bits at 24MHz, resolution 41ns, wraps every 89478484971ns
Dec 16 06:27:28 adam3600 kernel: [    0.000045] clocksource: timer1: mask: 0xffffffff max_cycles: 0xffffffff, max_idle_ns: 79635851949 ns
Dec 16 06:27:28 adam3600 kernel: [    0.000059] OMAP clocksource: timer1 at 24000000 Hz
Dec 16 06:27:28 adam3600 kernel: [    0.000267] clocksource_probe: no matching clocksources found
Dec 16 06:27:28 adam3600 kernel: [    0.000470] Console: colour dummy device 80x30
Dec 16 06:27:28 adam3600 kernel: [    0.000506] Calibrating delay loop... 597.60 BogoMIPS (lpj=2988032)
Dec 16 06:27:28 adam3600 kernel: [    0.118874] pid_max: default: 32768 minimum: 301
Dec 16 06:27:28 adam3600 kernel: [    0.119032] Mount-cache hash table entries: 1024 (order: 0, 4096 bytes)
Dec 16 06:27:28 adam3600 kernel: [    0.119049] Mountpoint-cache hash table entries: 1024 (order: 0, 4096 bytes)
Dec 16 06:27:28 adam3600 kernel: [    0.120040] CPU: Testing write buffer coherency: ok
Dec 16 06:27:28 adam3600 kernel: [    0.120461] Setting up static identity map for 0x80100000 - 0x80100060
Dec 16 06:27:28 adam3600 kernel: [    0.121747] EFI services will not be available.
Dec 16 06:27:28 adam3600 kernel: [    0.122247] devtmpfs: initialized
Dec 16 06:27:28 adam3600 kernel: [    0.137410] VFP support v0.3: implementor 41 architecture 3 part 30 variant c rev 3
Dec 16 06:27:28 adam3600 kernel: [    0.137825] clocksource: jiffies: mask: 0xffffffff max_cycles: 0xffffffff, max_idle_ns: 19112604462750000 ns
Dec 16 06:27:28 adam3600 kernel: [    0.137860] futex hash table entries: 256 (order: -1, 3072 bytes)
Dec 16 06:27:28 adam3600 kernel: [    0.142203] pinctrl core: initialized pinctrl subsystem
Dec 16 06:27:28 adam3600 kernel: [    0.143706] NET: Registered protocol family 16
Dec 16 06:27:28 adam3600 kernel: [    0.149239] DMA: preallocated 2048 KiB pool for atomic coherent allocations
Dec 16 06:27:28 adam3600 kernel: [    0.167739] omap_hwmod: debugss: _wait_target_disable failed
Dec 16 06:27:28 adam3600 kernel: [    0.228415] gpio gpiochip0: (gpio): added GPIO chardev (254:0)
Dec 16 06:27:28 adam3600 kernel: [    0.228968] gpiochip_setup_dev: registered GPIOs 0 to 31 on device: gpiochip0 (gpio)
Dec 16 06:27:28 adam3600 kernel: [    0.230931] OMAP GPIO hardware version 0.1
Dec 16 06:27:28 adam3600 kernel: [    0.231928] gpio gpiochip1: (gpio): added GPIO chardev (254:1)
Dec 16 06:27:28 adam3600 kernel: [    0.232339] gpiochip_setup_dev: registered GPIOs 32 to 63 on device: gpiochip1 (gpio)
Dec 16 06:27:28 adam3600 kernel: [    0.235028] gpio gpiochip2: (gpio): added GPIO chardev (254:2)
Dec 16 06:27:28 adam3600 kernel: [    0.235522] gpiochip_setup_dev: registered GPIOs 64 to 95 on device: gpiochip2 (gpio)
Dec 16 06:27:28 adam3600 kernel: [    0.238144] gpio gpiochip3: (gpio): added GPIO chardev (254:3)
Dec 16 06:27:28 adam3600 kernel: [    0.238530] gpiochip_setup_dev: registered GPIOs 96 to 127 on device: gpiochip3 (gpio)
Dec 16 06:27:28 adam3600 kernel: [    0.249394] omap-gpmc 50000000.gpmc: GPMC revision 6.0
Dec 16 06:27:28 adam3600 kernel: [    0.249428] gpmc_mem_init: disabling cs 0 mapped at 0x0-0x1000000
Dec 16 06:27:28 adam3600 kernel: [    0.249467] gpiochip_find_base: found new base at 510
Dec 16 06:27:28 adam3600 kernel: [    0.249501] gpio gpiochip4: (omap-gpmc): added GPIO chardev (254:4)
Dec 16 06:27:28 adam3600 kernel: [    0.249924] gpiochip_setup_dev: registered GPIOs 510 to 511 on device: gpiochip4 (omap-gpmc)
Dec 16 06:27:28 adam3600 kernel: [    2.558852] random: fast init done
Dec 16 06:27:28 adam3600 kernel: [   11.617452] +++HW Ver: ADAM-3600-C2GL1A1E
Dec 16 06:27:28 adam3600 kernel: [   11.622648] +++ADAM3600 init.
Dec 16 06:27:28 adam3600 kernel: [   11.622680] No ATAGs?
Dec 16 06:27:28 adam3600 kernel: [   11.622695] hw-breakpoint: debug architecture 0x4 unsupported.
Dec 16 06:27:28 adam3600 kernel: [   11.669924] edma 49000000.edma: TI EDMA DMA engine driver
Dec 16 06:27:28 adam3600 kernel: [   11.670347] of_get_named_gpiod_flags: can't parse 'gpio' property of node '/fixedregulator0[0]'
Dec 16 06:27:28 adam3600 kernel: [   11.673055] omap_i2c 44e0b000.i2c: could not find pctldev for node /ocp/l4_wkup@44c00000/scm@210000/pinmux@800/pinmux_i2c0_pins, deferring probe
Dec 16 06:27:28 adam3600 kernel: [   11.673236] media: Linux media interface: v0.10
Dec 16 06:27:28 adam3600 kernel: [   11.673312] Linux video capture interface: v2.00
Dec 16 06:27:28 adam3600 kernel: [   11.673369] pps_core: LinuxPPS API ver. 1 registered
Dec 16 06:27:28 adam3600 kernel: [   11.673380] pps_core: Software ver. 5.3.6 - Copyright 2005-2007 Rodolfo Giometti <giometti@linux.it>
Dec 16 06:27:28 adam3600 kernel: [   11.673412] PTP clock support registered
Dec 16 06:27:28 adam3600 kernel: [   11.673464] EDAC MC: Ver: 3.0.0
Dec 16 06:27:28 adam3600 kernel: [   11.674850] omap-mailbox 480c8000.mailbox: omap mailbox rev 0x400
Dec 16 06:27:28 adam3600 kernel: [   11.676776] clocksource: Switched to clocksource timer1
Dec 16 06:27:28 adam3600 kernel: [   11.690552] NET: Registered protocol family 2
Dec 16 06:27:28 adam3600 kernel: [   11.691509] TCP established hash table entries: 2048 (order: 1, 8192 bytes)
Dec 16 06:27:28 adam3600 kernel: [   11.691556] TCP bind hash table entries: 2048 (order: 1, 8192 bytes)
Dec 16 06:27:28 adam3600 kernel: [   11.691593] TCP: Hash tables configured (established 2048 bind 2048)
Dec 16 06:27:28 adam3600 kernel: [   11.691678] UDP hash table entries: 256 (order: 0, 4096 bytes)
Dec 16 06:27:28 adam3600 kernel: [   11.691703] UDP-Lite hash table entries: 256 (order: 0, 4096 bytes)
Dec 16 06:27:28 adam3600 kernel: [   11.691881] NET: Registered protocol family 1
Dec 16 06:27:28 adam3600 kernel: [   11.692397] RPC: Registered named UNIX socket transport module.
Dec 16 06:27:28 adam3600 kernel: [   11.692414] RPC: Registered udp transport module.
Dec 16 06:27:28 adam3600 kernel: [   11.692423] RPC: Registered tcp transport module.
Dec 16 06:27:28 adam3600 kernel: [   11.692432] RPC: Registered tcp NFSv4.1 backchannel transport module.
Dec 16 06:27:28 adam3600 kernel: [   11.693539] hw perfevents: enabled with armv7_cortex_a8 PMU driver, 5 counters available
Dec 16 06:27:28 adam3600 kernel: [   11.696580] workingset: timestamp_bits=14 max_order=16 bucket_order=2
Dec 16 06:27:28 adam3600 kernel: [   11.707646] exFAT: file-system version 2.2.0-3arter97
Dec 16 06:27:28 adam3600 kernel: [   11.708882] NFS: Registering the id_resolver key type
Dec 16 06:27:28 adam3600 kernel: [   11.708938] Key type id_resolver registered
Dec 16 06:27:28 adam3600 kernel: [   11.708949] Key type id_legacy registered
Dec 16 06:27:28 adam3600 kernel: [   11.709010] ntfs: driver 2.1.32 [Flags: R/O].
Dec 16 06:27:28 adam3600 kernel: [   11.711424] Block layer SCSI generic (bsg) driver version 0.4 loaded (major 247)
Dec 16 06:27:28 adam3600 kernel: [   11.711448] io scheduler noop registered
Dec 16 06:27:28 adam3600 kernel: [   11.711458] io scheduler deadline registered
Dec 16 06:27:28 adam3600 kernel: [   11.711666] io scheduler cfq registered (default)
Dec 16 06:27:28 adam3600 kernel: [   11.713571] pinctrl-single 44e10800.pinmux: 142 pins at pa f9e10800 size 568
Dec 16 06:27:28 adam3600 kernel: [   11.797460] Serial: 8250/16550 driver, 10 ports, IRQ sharing disabled
Dec 16 06:27:28 adam3600 kernel: [   11.801117] serial8250.0: ttyS0 at MMIO 0x1000000 (irq = 44, base_baud = 921600) is a XR16850
Dec 16 06:27:28 adam3600 kernel: [   11.802037] serial8250.0: ttyS1 at MMIO 0x1000801 (irq = 43, base_baud = 921600) is a XR16850
Dec 16 06:27:28 adam3600 kernel: [   11.802857] serial8250.0: ttyS2 at MMIO 0x1001201 (irq = 136, base_baud = 921600) is a XR16850
Dec 16 06:27:28 adam3600 kernel: [   11.803726] omap_uart 44e09000.serial: no wakeirq for uart0
Dec 16 06:27:28 adam3600 kernel: [   11.803752] of_get_named_gpiod_flags: can't parse 'rts-gpio' property of node '/ocp/serial@44e09000[0]'
Dec 16 06:27:28 adam3600 kernel: [   11.803788] 44e09000.serial: ttyO0 at MMIO 0x44e09000 (irq = 158, base_baud = 3000000) is a OMAP UART0
Dec 16 06:27:28 adam3600 kernel: [   12.434729] console [ttyO0] enabled
Dec 16 06:27:28 adam3600 kernel: [   12.439020] omap_uart 48022000.serial: no wakeirq for uart1
Dec 16 06:27:28 adam3600 kernel: [   12.444882] of_get_named_gpiod_flags: can't parse 'rts-gpio' property of node '/ocp/serial@48022000[0]'
Dec 16 06:27:28 adam3600 kernel: [   12.445004] 48022000.serial: ttyO1 at MMIO 0x48022000 (irq = 159, base_baud = 3000000) is a OMAP UART1
Dec 16 06:27:28 adam3600 kernel: [   12.455372] omap_uart 481a6000.serial: no wakeirq for uart3
Dec 16 06:27:28 adam3600 kernel: [   12.461274] of_get_named_gpiod_flags: can't parse 'rts-gpio' property of node '/ocp/serial@481a6000[0]'
