Feb 11 16:30:15 localhost kernel: [  149.258327] EXT4-fs (mmcblk0p2): re-mounted. Opts: data=ordered
Feb 11 16:31:50 localhost kernel: [  244.240225] EXT4-fs (mmcblk0p2): re-mounted. Opts: data=ordered
Feb 11 16:55:35 localhost kernel: [ 1669.153252] EXT4-fs (mmcblk0p2): re-mounted. Opts: data=ordered
Feb 11 16:34:59 localhost kernel: [  432.981709] EXT4-fs (mmcblk0p2): re-mounted. Opts: data=ordered
Feb 11 16:38:04 localhost kernel: [  617.625911] EXT4-fs (mmcblk0p4): mounting ext3 file system using the ext4 subsystem
Feb 11 16:38:04 localhost kernel: [  617.635742] EXT4-fs (mmcblk0p4): mounted filesystem with ordered data mode. Opts: (null)
Feb 11 16:50:25 localhost NetworkManager[231]: <info>  [1455209425.8709] caught SIGTERM, shutting down normally.
Feb 11 16:31:12 localhost kernel: [  205.983390] EXT4-fs (mmcblk0p2): re-mounted. Opts: (null)
Feb 11 16:33:21 localhost kernel: [  334.675675] EXT4-fs (mmcblk0p2): re-mounted. Opts: (null)
Feb 11 16:31:27 localhost kernel: [  221.280559] EXT4-fs (mmcblk0p2): re-mounted. Opts: (null)
Feb 11 16:31:00 localhost kernel: [  193.556696] EXT4-fs (mmcblk0p2): re-mounted. Opts: (null)
Feb 11 16:31:38 localhost kernel: [  232.006572] EXT4-fs (mmcblk0p2): re-mounted. Opts: (null)
Feb 11 16:30:43 localhost kernel: [  176.586728] EXT4-fs (mmcblk0p2): re-mounted. Opts: (null)
Feb 11 16:31:08 localhost kernel: [  201.450743] EXT4-fs (mmcblk0p2): re-mounted. Opts: (null)
Feb 11 16:30:06 localhost kernel: [  139.416480] EXT4-fs (mmcblk0p2): re-mounted. Opts: (null)
Feb 11 16:28:46 localhost kernel: [   59.681996] EXT4-fs (mmcblk0p2): re-mounted. Opts: (null)
Feb 11 16:38:46 localhost kernel: [  660.057403] EXT4-fs (mmcblk0p2): re-mounted. Opts: (null)
Feb 11 16:28:47 localhost kernel: [   61.173053] EXT4-fs (mmcblk0p2): re-mounted. Opts: (null)
Feb 11 16:28:08 localhost kernel: [    0.000000] Booting Linux on physical CPU 0x0
Feb 11 16:28:08 localhost kernel: [    0.000000] Linux version 4.9.69-g9ce43c71ae (root@abjenkins-linux-x64) (gcc version 6.2.1 20161016 (Linaro GCC 6.2-2016.11) ) #1 PREEMPT Fri Sep 18 10:31:49 CST 2020
Feb 11 16:28:08 localhost kernel: [    0.000000] CPU: ARMv7 Processor [413fc082] revision 2 (ARMv7), cr=10c5387d
Feb 11 16:28:08 localhost kernel: [    0.000000] CPU: PIPT / VIPT nonaliasing data cache, VIPT aliasing instruction cache
Feb 11 16:28:08 localhost kernel: [    0.000000] OF: fdt:Machine model: TI AM335x Advantech ADAM3600
Feb 11 16:28:08 localhost kernel: [    0.000000] efi: Getting EFI parameters from FDT:
Feb 11 16:28:08 localhost kernel: [    0.000000] efi: UEFI not found.
Feb 11 16:28:08 localhost kernel: [    0.000000] cma: Reserved 48 MiB at 0x8b800000
Feb 11 16:28:08 localhost kernel: [    0.000000] Memory policy: Data cache writeback
Feb 11 16:28:08 localhost kernel: [    0.000000] On node 0 totalpages: 65536
Feb 11 16:28:08 localhost kernel: [    0.000000] free_area_init_node: node 0, pgdat c0c3bb4c, node_mem_map cfda1000
Feb 11 16:28:08 localhost kernel: [    0.000000]   Normal zone: 576 pages used for memmap
Feb 11 16:28:08 localhost kernel: [    0.000000]   Normal zone: 0 pages reserved
Feb 11 16:28:08 localhost kernel: [    0.000000]   Normal zone: 65536 pages, LIFO batch:15
Feb 11 16:28:08 localhost kernel: [    0.000000] CPU: All CPU(s) started in SVC mode.
Feb 11 16:28:08 localhost kernel: [    0.000000] AM335X ES2.1 (neon)
Feb 11 16:28:08 localhost kernel: [    0.000000] pcpu-alloc: s0 r0 d32768 u32768 alloc=1*32768
Feb 11 16:28:08 localhost kernel: [    0.000000] pcpu-alloc: [0] 0 
Feb 11 16:28:08 localhost kernel: [    0.000000] Built 1 zonelists in Zone order, mobility grouping on.  Total pages: 64960
Feb 11 16:28:08 localhost kernel: [    0.000000] Kernel command line: console=ttyO0,115200n8 coherent_pool=2M root=/dev/mmcblk0p2 ro rootfstype=ext3 rootwait ip=none
Feb 11 16:28:08 localhost kernel: [    0.000000] PID hash table entries: 1024 (order: 0, 4096 bytes)
Feb 11 16:28:08 localhost kernel: [    0.000000] Dentry cache hash table entries: 32768 (order: 5, 131072 bytes)
Feb 11 16:28:08 localhost kernel: [    0.000000] Inode-cache hash table entries: 16384 (order: 4, 65536 bytes)
Feb 11 16:28:08 localhost kernel: [    0.000000] Memory: 198388K/262144K available (7168K kernel code, 242K rwdata, 2080K rodata, 1024K init, 263K bss, 14604K reserved, 49152K cma-reserved, 0K highmem)
Feb 11 16:28:08 localhost kernel: [    0.000000] Virtual kernel memory layout:
Feb 11 16:28:08 localhost kernel: [    0.000000]     vector  : 0xffff0000 - 0xffff1000   (   4 kB)
Feb 11 16:28:08 localhost kernel: [    0.000000]     fixmap  : 0xffc00000 - 0xfff00000   (3072 kB)
Feb 11 16:28:08 localhost kernel: [    0.000000]     vmalloc : 0xd0800000 - 0xff800000   ( 752 MB)
Feb 11 16:28:08 localhost kernel: [    0.000000]     lowmem  : 0xc0000000 - 0xd0000000   ( 256 MB)
Feb 11 16:28:08 localhost kernel: [    0.000000]     pkmap   : 0xbfe00000 - 0xc0000000   (   2 MB)
Feb 11 16:28:08 localhost kernel: [    0.000000]     modules : 0xbf000000 - 0xbfe00000   (  14 MB)
Feb 11 16:28:08 localhost kernel: [    0.000000]       .text : 0xc0008000 - 0xc0800000   (8160 kB)
Feb 11 16:28:08 localhost kernel: [    0.000000]       .init : 0xc0b00000 - 0xc0c00000   (1024 kB)
Feb 11 16:28:08 localhost kernel: [    0.000000]       .data : 0xc0c00000 - 0xc0c3c9a0   ( 243 kB)
Feb 11 16:28:08 localhost kernel: [    0.000000]        .bss : 0xc0c3c9a0 - 0xc0c7e864   ( 264 kB)
Feb 11 16:28:08 localhost kernel: [    0.000000] SLUB: HWalign=64, Order=0-3, MinObjects=0, CPUs=1, Nodes=1
Feb 11 16:28:08 localhost kernel: [    0.000000] Preemptible hierarchical RCU implementation.
Feb 11 16:28:08 localhost kernel: [    0.000000] 	RCU kthread priority: 1.
Feb 11 16:28:08 localhost kernel: [    0.000000] NR_IRQS:16 nr_irqs:16 16
Feb 11 16:28:08 localhost kernel: [    0.000000] IRQ: Found an INTC at 0xfa200000 (revision 5.0) with 128 interrupts
Feb 11 16:28:08 localhost kernel: [    0.000000] OMAP clockevent source: timer2 at 24000000 Hz
Feb 11 16:28:08 localhost kernel: [    0.000021] sched_clock: 32 bits at 24MHz, resolution 41ns, wraps every 89478484971ns
Feb 11 16:28:08 localhost kernel: [    0.000046] clocksource: timer1: mask: 0xffffffff max_cycles: 0xffffffff, max_idle_ns: 79635851949 ns
Feb 11 16:28:08 localhost kernel: [    0.000061] OMAP clocksource: timer1 at 24000000 Hz
Feb 11 16:28:08 localhost kernel: [    0.000269] clocksource_probe: no matching clocksources found
Feb 11 16:28:08 localhost kernel: [    0.000471] Console: colour dummy device 80x30
Feb 11 16:28:08 localhost kernel: [    0.000507] Calibrating delay loop... 597.60 BogoMIPS (lpj=2988032)
Feb 11 16:28:08 localhost kernel: [    0.058837] pid_max: default: 32768 minimum: 301
Feb 11 16:28:08 localhost kernel: [    0.059007] Mount-cache hash table entries: 1024 (order: 0, 4096 bytes)
Feb 11 16:28:08 localhost kernel: [    0.059023] Mountpoint-cache hash table entries: 1024 (order: 0, 4096 bytes)
Feb 11 16:28:08 localhost kernel: [    0.060011] CPU: Testing write buffer coherency: ok
Feb 11 16:28:08 localhost kernel: [    0.060433] Setting up static identity map for 0x80100000 - 0x80100060
Feb 11 16:28:08 localhost kernel: [    0.061711] EFI services will not be available.
Feb 11 16:28:08 localhost kernel: [    0.062212] devtmpfs: initialized
Feb 11 16:28:08 localhost kernel: [    0.077381] VFP support v0.3: implementor 41 architecture 3 part 30 variant c rev 3
Feb 11 16:28:08 localhost kernel: [    0.077795] clocksource: jiffies: mask: 0xffffffff max_cycles: 0xffffffff, max_idle_ns: 19112604462750000 ns
Feb 11 16:28:08 localhost kernel: [    0.077829] futex hash table entries: 256 (order: -1, 3072 bytes)
Feb 11 16:28:08 localhost kernel: [    0.082181] pinctrl core: initialized pinctrl subsystem
Feb 11 16:28:08 localhost kernel: [    0.083696] NET: Registered protocol family 16
Feb 11 16:28:08 localhost kernel: [    0.089225] DMA: preallocated 2048 KiB pool for atomic coherent allocations
Feb 11 16:28:08 localhost kernel: [    0.107705] omap_hwmod: debugss: _wait_target_disable failed
Feb 11 16:28:08 localhost kernel: [    0.168359] gpio gpiochip0: (gpio): added GPIO chardev (254:0)
Feb 11 16:28:08 localhost kernel: [    0.168830] gpiochip_setup_dev: registered GPIOs 0 to 31 on device: gpiochip0 (gpio)
Feb 11 16:28:08 localhost kernel: [    0.170875] OMAP GPIO hardware version 0.1
Feb 11 16:28:08 localhost kernel: [    0.171877] gpio gpiochip1: (gpio): added GPIO chardev (254:1)
Feb 11 16:28:08 localhost kernel: [    0.172287] gpiochip_setup_dev: registered GPIOs 32 to 63 on device: gpiochip1 (gpio)
Feb 11 16:28:08 localhost kernel: [    0.174973] gpio gpiochip2: (gpio): added GPIO chardev (254:2)
Feb 11 16:28:08 localhost kernel: [    0.175471] gpiochip_setup_dev: registered GPIOs 64 to 95 on device: gpiochip2 (gpio)
Feb 11 16:28:08 localhost kernel: [    0.178088] gpio gpiochip3: (gpio): added GPIO chardev (254:3)
Feb 11 16:28:08 localhost kernel: [    0.178477] gpiochip_setup_dev: registered GPIOs 96 to 127 on device: gpiochip3 (gpio)
Feb 11 16:28:08 localhost kernel: [    0.189371] omap-gpmc 50000000.gpmc: GPMC revision 6.0
Feb 11 16:28:08 localhost kernel: [    0.189404] gpmc_mem_init: disabling cs 0 mapped at 0x0-0x1000000
Feb 11 16:28:08 localhost kernel: [    0.189442] gpiochip_find_base: found new base at 510
Feb 11 16:28:08 localhost kernel: [    0.189476] gpio gpiochip4: (omap-gpmc): added GPIO chardev (254:4)
Feb 11 16:28:08 localhost kernel: [    0.189893] gpiochip_setup_dev: registered GPIOs 510 to 511 on device: gpiochip4 (omap-gpmc)
Feb 11 16:28:08 localhost kernel: [    2.558870] random: fast init done
Feb 11 16:28:08 localhost kernel: [   11.557204] +++HW Ver: ADAM-3600-C2GL1A1E
Feb 11 16:28:08 localhost kernel: [   11.562401] +++ADAM3600 init.
Feb 11 16:28:08 localhost kernel: [   11.562432] No ATAGs?
Feb 11 16:28:08 localhost kernel: [   11.562447] hw-breakpoint: debug architecture 0x4 unsupported.
Feb 11 16:28:08 localhost kernel: [   11.609930] edma 49000000.edma: TI EDMA DMA engine driver
Feb 11 16:28:08 localhost kernel: [   11.610351] of_get_named_gpiod_flags: can't parse 'gpio' property of node '/fixedregulator0[0]'
Feb 11 16:28:08 localhost kernel: [   11.613055] omap_i2c 44e0b000.i2c: could not find pctldev for node /ocp/l4_wkup@44c00000/scm@210000/pinmux@800/pinmux_i2c0_pins, deferring probe
Feb 11 16:28:08 localhost kernel: [   11.613240] media: Linux media interface: v0.10
Feb 11 16:28:08 localhost kernel: [   11.613313] Linux video capture interface: v2.00
Feb 11 16:28:08 localhost kernel: [   11.613372] pps_core: LinuxPPS API ver. 1 registered
Feb 11 16:28:08 localhost kernel: [   11.613383] pps_core: Software ver. 5.3.6 - Copyright 2005-2007 Rodolfo Giometti <giometti@linux.it>
Feb 11 16:28:08 localhost kernel: [   11.613414] PTP clock support registered
Feb 11 16:28:08 localhost kernel: [   11.613467] EDAC MC: Ver: 3.0.0
Feb 11 16:28:08 localhost kernel: [   11.614860] omap-mailbox 480c8000.mailbox: omap mailbox rev 0x400
Feb 11 16:28:08 localhost kernel: [   11.616801] clocksource: Switched to clocksource timer1
Feb 11 16:28:08 localhost kernel: [   11.630585] NET: Registered protocol family 2
Feb 11 16:28:08 localhost kernel: [   11.631536] TCP established hash table entries: 2048 (order: 1, 8192 bytes)
Feb 11 16:28:08 localhost kernel: [   11.631584] TCP bind hash table entries: 2048 (order: 1, 8192 bytes)
Feb 11 16:28:08 localhost kernel: [   11.631622] TCP: Hash tables configured (established 2048 bind 2048)
Feb 11 16:28:08 localhost kernel: [   11.631703] UDP hash table entries: 256 (order: 0, 4096 bytes)
Feb 11 16:28:08 localhost kernel: [   11.631728] UDP-Lite hash table entries: 256 (order: 0, 4096 bytes)
Feb 11 16:28:08 localhost kernel: [   11.631911] NET: Registered protocol family 1
Feb 11 16:28:08 localhost kernel: [   11.632427] RPC: Registered named UNIX socket transport module.
Feb 11 16:28:08 localhost kernel: [   11.632445] RPC: Registered udp transport module.
Feb 11 16:28:08 localhost kernel: [   11.632454] RPC: Registered tcp transport module.
Feb 11 16:28:08 localhost kernel: [   11.632463] RPC: Registered tcp NFSv4.1 backchannel transport module.
Feb 11 16:28:08 localhost kernel: [   11.633565] hw perfevents: enabled with armv7_cortex_a8 PMU driver, 5 counters available
Feb 11 16:28:08 localhost kernel: [   11.636617] workingset: timestamp_bits=14 max_order=16 bucket_order=2
Feb 11 16:28:08 localhost kernel: [   11.647660] exFAT: file-system version 2.2.0-3arter97
Feb 11 16:28:08 localhost kernel: [   11.648894] NFS: Registering the id_resolver key type
Feb 11 16:28:08 localhost kernel: [   11.648957] Key type id_resolver registered
Feb 11 16:28:08 localhost kernel: [   11.648967] Key type id_legacy registered
Feb 11 16:28:08 localhost kernel: [   11.649028] ntfs: driver 2.1.32 [Flags: R/O].
Feb 11 16:28:08 localhost kernel: [   11.651432] Block layer SCSI generic (bsg) driver version 0.4 loaded (major 247)
Feb 11 16:28:08 localhost kernel: [   11.651457] io scheduler noop registered
Feb 11 16:28:08 localhost kernel: [   11.651467] io scheduler deadline registered
Feb 11 16:28:08 localhost kernel: [   11.651672] io scheduler cfq registered (default)
Feb 11 16:28:08 localhost kernel: [   11.653582] pinctrl-single 44e10800.pinmux: 142 pins at pa f9e10800 size 568
Feb 11 16:28:08 localhost kernel: [   11.737476] Serial: 8250/16550 driver, 10 ports, IRQ sharing disabled
Feb 11 16:28:08 localhost kernel: [   11.741149] serial8250.0: ttyS0 at MMIO 0x1000000 (irq = 44, base_baud = 921600) is a XR16850
Feb 11 16:28:08 localhost kernel: [   11.742060] serial8250.0: ttyS1 at MMIO 0x1000801 (irq = 43, base_baud = 921600) is a XR16850
Feb 11 16:28:08 localhost kernel: [   11.742888] serial8250.0: ttyS2 at MMIO 0x1001201 (irq = 136, base_baud = 921600) is a XR16850
Feb 11 16:28:08 localhost kernel: [   11.743759] omap_uart 44e09000.serial: no wakeirq for uart0
Feb 11 16:28:08 localhost kernel: [   11.743785] of_get_named_gpiod_flags: can't parse 'rts-gpio' property of node '/ocp/serial@44e09000[0]'
Feb 11 16:28:08 localhost kernel: [   11.743821] 44e09000.serial: ttyO0 at MMIO 0x44e09000 (irq = 158, base_baud = 3000000) is a OMAP UART0
Feb 11 16:28:08 localhost kernel: [   12.374893] console [ttyO0] enabled
Feb 11 16:28:08 localhost kernel: [   12.379192] omap_uart 48022000.serial: no wakeirq for uart1
Feb 11 16:28:08 localhost kernel: [   12.385053] of_get_named_gpiod_flags: can't parse 'rts-gpio' property of node '/ocp/serial@48022000[0]'
Feb 11 16:28:08 localhost kernel: [   12.385180] 48022000.serial: ttyO1 at MMIO 0x48022000 (irq = 159, base_baud = 3000000) is a OMAP UART1
Feb 11 16:28:08 localhost kernel: [   12.395540] omap_uart 481a6000.serial: no wakeirq for uart3
Feb 11 16:28:08 localhost kernel: [   12.401440] of_get_named_gpiod_flags: can't parse 'rts-gpio' property of node '/ocp/serial@481a6000[0]'
Feb 11 16:28:08 localhost kernel: [   12.401525] 481a6000.serial: ttyO3 at MMIO 0x481a6000 (irq = 160, base_baud = 3000000) is a OMAP UART3
Feb 11 16:28:08 localhost kernel: [   12.412630] omap_rng 48310000.rng: OMAP Random Number Generator ver. 20
Feb 11 16:28:08 localhost kernel: [   12.420123] SRAM driver installed, with major 245
Feb 11 16:28:08 localhost kernel: [   12.425147] [drm] Initialized
Feb 11 16:28:08 localhost kernel: [   12.428778] panel panel: GPIO lookup for consumer enable
Feb 11 16:28:08 localhost kernel: [   12.428788] panel panel: using device tree for GPIO lookup
Feb 11 16:28:08 localhost kernel: [   12.428801] of_get_named_gpiod_flags: can't parse 'enable-gpios' property of node '/panel[0]'
Feb 11 16:28:08 localhost kernel: [   12.428810] of_get_named_gpiod_flags: can't parse 'enable-gpio' property of node '/panel[0]'
Feb 11 16:28:08 localhost kernel: [   12.428819] panel panel: using lookup tables for GPIO lookup
Feb 11 16:28:08 localhost kernel: [   12.428828] panel panel: lookup for GPIO enable failed
Feb 11 16:28:08 localhost kernel: [   12.430278] [drm] Supports vblank timestamp caching Rev 2 (21.10.2013).
Feb 11 16:28:08 localhost kernel: [   12.437316] [drm] No driver support for vblank timestamp query.
Feb 11 16:28:08 localhost kernel: [   12.474821] Console: switching to colour frame buffer device 80x30
Feb 11 16:28:08 localhost kernel: [   12.487051] tilcdc 4830e000.lcdc: fb0:  frame buffer device
Feb 11 16:28:08 localhost kernel: [   12.534093] brd: module loaded
Feb 11 16:28:08 localhost kernel: [   12.545794] loop: module loaded
Feb 11 16:28:08 localhost kernel: [   12.556091] libphy: Fixed MDIO Bus: probed
Feb 11 16:28:08 localhost kernel: [   12.636836] davinci_mdio 4a101000.mdio: davinci mdio revision 1.6
Feb 11 16:28:08 localhost kernel: [   12.643271] davinci_mdio 4a101000.mdio: detected phy mask fffffff5
Feb 11 16:28:08 localhost kernel: [   12.651451] libphy: 4a101000.mdio: probed
Feb 11 16:28:08 localhost kernel: [   12.655711] davinci_mdio 4a101000.mdio: phy[1]: device 4a101000.mdio:01, driver TI TLK10X 10/100 Mbps PHY
Feb 11 16:28:08 localhost kernel: [   12.665906] davinci_mdio 4a101000.mdio: phy[3]: device 4a101000.mdio:03, driver TI TLK10X 10/100 Mbps PHY
Feb 11 16:28:08 localhost kernel: [   12.677049] cpsw 4a100000.ethernet: Detected MACID = b0:d5:cc:a2:02:cc
Feb 11 16:28:08 localhost kernel: [   12.684038] cpsw 4a100000.ethernet: device node lookup for pps timer failed
Feb 11 16:28:08 localhost kernel: [   12.691488] cpsw 4a100000.ethernet: cpts: overflow check period 500 (jiffies)
Feb 11 16:28:08 localhost kernel: [   12.700451] cpsw 4a100000.ethernet: cpsw: Detected MACID = b0:d5:cc:a2:02:ce
Feb 11 16:28:08 localhost kernel: [   12.709409] PPP generic driver version 2.4.2
Feb 11 16:28:08 localhost kernel: [   12.714670] mousedev: PS/2 mouse device common for all mice
Feb 11 16:28:08 localhost kernel: [   12.721823] omap_rtc 44e3e000.rtc: already running
Feb 11 16:28:08 localhost kernel: [   12.727373] rtc rtc0: 44e3e000.rtc: dev (253:0)
Feb 11 16:28:08 localhost kernel: [   12.727404] omap_rtc 44e3e000.rtc: rtc core: registered 44e3e000.rtc as rtc0
Feb 11 16:28:08 localhost kernel: [   12.736624] ht1382-rtc rtc1: ht1382_read_time: tm is secs=41, mins=55, hours=20, mday=1, mon=2, year=120, wday=6
Feb 11 16:28:08 localhost kernel: [   12.737075] rtc rtc1: ht1382-rtc: dev (253:1)
Feb 11 16:28:08 localhost kernel: [   12.737088] ht1382-rtc rtc1: rtc core: registered ht1382-rtc as rtc1
Feb 11 16:28:08 localhost kernel: [   12.743837] i2c /dev entries driver
Feb 11 16:28:08 localhost kernel: [   12.749541] omap_hsmmc 48060000.mmc: GPIO lookup for consumer cd
Feb 11 16:28:08 localhost kernel: [   12.749552] omap_hsmmc 48060000.mmc: using device tree for GPIO lookup
Feb 11 16:28:08 localhost kernel: [   12.749591] of_get_named_gpiod_flags: parsed 'cd-gpios' property of node '/ocp/mmc@48060000[0]' - status (0)
Feb 11 16:28:08 localhost kernel: [   12.749608] omap_hsmmc 48060000.mmc: Got CD GPIO
Feb 11 16:28:08 localhost kernel: [   12.754494] omap_hsmmc 48060000.mmc: GPIO lookup for consumer wp
Feb 11 16:28:08 localhost kernel: [   12.754502] omap_hsmmc 48060000.mmc: using device tree for GPIO lookup
Feb 11 16:28:08 localhost kernel: [   12.754512] of_get_named_gpiod_flags: can't parse 'wp-gpios' property of node '/ocp/mmc@48060000[0]'
Feb 11 16:28:08 localhost kernel: [   12.754521] of_get_named_gpiod_flags: can't parse 'wp-gpio' property of node '/ocp/mmc@48060000[0]'
Feb 11 16:28:08 localhost kernel: [   12.754529] omap_hsmmc 48060000.mmc: using lookup tables for GPIO lookup
Feb 11 16:28:08 localhost kernel: [   12.754539] omap_hsmmc 48060000.mmc: lookup for GPIO wp failed
Feb 11 16:28:08 localhost kernel: [   12.807649] omap_hsmmc 47810000.mmc: GPIO lookup for consumer cd
Feb 11 16:28:08 localhost kernel: [   12.807663] omap_hsmmc 47810000.mmc: using device tree for GPIO lookup
Feb 11 16:28:08 localhost kernel: [   12.807700] of_get_named_gpiod_flags: parsed 'cd-gpios' property of node '/ocp/mmc@47810000[0]' - status (0)
Feb 11 16:28:08 localhost kernel: [   12.807717] omap_hsmmc 47810000.mmc: Got CD GPIO
Feb 11 16:28:08 localhost kernel: [   12.813658] omap_hsmmc 47810000.mmc: GPIO lookup for consumer wp
Feb 11 16:28:08 localhost kernel: [   12.813666] omap_hsmmc 47810000.mmc: using device tree for GPIO lookup
Feb 11 16:28:08 localhost kernel: [   12.813693] of_get_named_gpiod_flags: parsed 'wp-gpios' property of node '/ocp/mmc@47810000[0]' - status (0)
Feb 11 16:28:08 localhost kernel: [   12.813706] omap_hsmmc 47810000.mmc: Got WP GPIO
Feb 11 16:28:08 localhost kernel: [   12.877694] of_get_named_gpiod_flags: parsed 'gpios' property of node '/leds/led1[0]' - status (0)
Feb 11 16:28:08 localhost kernel: [   12.877935] of_get_named_gpiod_flags: parsed 'gpios' property of node '/leds/led2[0]' - status (0)
Feb 11 16:28:08 localhost kernel: [   12.878155] of_get_named_gpiod_flags: parsed 'gpios' property of node '/leds/led3[0]' - status (0)
Feb 11 16:28:08 localhost kernel: [   12.879947] NET: Registered protocol family 10
Feb 11 16:28:08 localhost kernel: [   12.890012] sit: IPv6, IPv4 and MPLS over IPv4 tunneling driver
Feb 11 16:28:08 localhost kernel: [   12.897454] NET: Registered protocol family 17
Feb 11 16:28:08 localhost kernel: [   12.902571] Key type dns_resolver registered
Feb 11 16:28:08 localhost kernel: [   12.907576] omap_voltage_late_init: Voltage driver support not added
Feb 11 16:28:08 localhost kernel: [   12.926447] mmc0: host does not support reading read-only switch, assuming write-enable
Feb 11 16:28:08 localhost kernel: [   12.938129] mmc0: new high speed SDHC card at address aaaa
Feb 11 16:28:08 localhost kernel: [   12.944763] mmcblk0: mmc0:aaaa SU04G 3.69 GiB 
Feb 11 16:28:08 localhost kernel: [   12.950225] at24 0-0050: 256 byte 24c02 EEPROM, writable, 1 bytes/write
Feb 11 16:28:08 localhost kernel: [   12.958261] omap_i2c 44e0b000.i2c: bus 0 rev0.11 at 100 kHz
Feb 11 16:28:08 localhost kernel: [   12.964303]  mmcblk0: p1 p2 p3 p4
Feb 11 16:28:08 localhost kernel: [   12.970389] omap_rtc 44e3e000.rtc: setting system clock to 2000-01-01 02:15:03 UTC (946692903)
Feb 11 16:28:08 localhost kernel: [   12.982291] EXT4-fs (mmcblk0p2): mounting ext3 file system using the ext4 subsystem
Feb 11 16:28:08 localhost kernel: [   13.001001] EXT4-fs (mmcblk0p2): mounted filesystem with ordered data mode. Opts: (null)
Feb 11 16:28:08 localhost kernel: [   13.009761] VFS: Mounted root (ext3 filesystem) readonly on device 179:2.
Feb 11 16:28:08 localhost kernel: [   13.020600] devtmpfs: mounted
Feb 11 16:28:08 localhost kernel: [   13.026117] Freeing unused kernel memory: 1024K
Feb 11 16:28:08 localhost kernel: [   14.453774] EXT4-fs (mmcblk0p2): re-mounted. Opts: (null)
Feb 11 16:28:08 localhost kernel: [   19.794825] EXT4-fs (mmcblk0p4): mounting ext3 file system using the ext4 subsystem
Feb 11 16:28:08 localhost kernel: [   19.816342] EXT4-fs (mmcblk0p4): mounted filesystem with ordered data mode. Opts: (null)
Feb 11 16:28:10 localhost NetworkManager[259]: <info>  [1455208090.5316] NetworkManager (version 1.2.6) is starting...
Feb 11 16:28:10 localhost NetworkManager[259]: <info>  [1455208090.5435] Read config: /etc/NetworkManager/NetworkManager.conf (etc: default-wifi-powersave-on.conf)
Feb 11 16:28:10 localhost NetworkManager[259]: <info>  [1455208090.6233] manager[0x231160]: monitoring kernel firmware directory '/lib/firmware'.
Feb 11 16:28:10 localhost NetworkManager[259]: <info>  [1455208090.6329] monitoring ifupdown state file '/run/network/ifstate'.
Feb 11 16:28:10 localhost NetworkManager[259]: <info>  [1455208090.6770] dns-mgr[0x2218b0]: init: dns=dnsmasq, rc-manager=resolvconf, plugin=dnsmasq
Feb 11 16:28:11 localhost NetworkManager[259]: <info>  [1455208091.7509] init!
Feb 11 16:28:11 localhost NetworkManager[259]: <info>  [1455208091.7592] management mode: unmanaged
Feb 11 16:28:11 localhost NetworkManager[259]: <info>  [1455208091.7718] devices added (path: /sys/devices/platform/ocp/4a100000.ethernet/net/eth0, iface: eth0)
Feb 11 16:28:11 localhost NetworkManager[259]: <info>  [1455208091.7727] device added (path: /sys/devices/platform/ocp/4a100000.ethernet/net/eth0, iface: eth0): no ifupdown configuration found.
Feb 11 16:28:11 localhost NetworkManager[259]: <info>  [1455208091.7729] devices added (path: /sys/devices/platform/ocp/4a100000.ethernet/net/eth1, iface: eth1)
Feb 11 16:28:11 localhost NetworkManager[259]: <info>  [1455208091.7730] device added (path: /sys/devices/platform/ocp/4a100000.ethernet/net/eth1, iface: eth1): no ifupdown configuration found.
Feb 11 16:28:11 localhost NetworkManager[259]: <info>  [1455208091.7732] devices added (path: /sys/devices/virtual/net/lo, iface: lo)
Feb 11 16:28:11 localhost NetworkManager[259]: <info>  [1455208091.7733] device added (path: /sys/devices/virtual/net/lo, iface: lo): no ifupdown configuration found.
Feb 11 16:28:11 localhost NetworkManager[259]: <info>  [1455208091.7734] devices added (path: /sys/devices/virtual/net/sit0, iface: sit0)
Feb 11 16:28:11 localhost NetworkManager[259]: <info>  [1455208091.7736] device added (path: /sys/devices/virtual/net/sit0, iface: sit0): no ifupdown configuration found.
Feb 11 16:28:11 localhost NetworkManager[259]: <info>  [1455208091.7737] end _init.
Feb 11 16:28:11 localhost NetworkManager[259]: <info>  [1455208091.7739] settings: loaded plugin ifupdown: (C) 2008 Canonical Ltd.  To report bugs please use the NetworkManager mailing list. (/usr/lib/arm-linux-gnueabihf/NetworkManager/libnm-settings-plugin-ifupdown.so)
Feb 11 16:28:11 localhost NetworkManager[259]: <info>  [1455208091.7745] settings: loaded plugin keyfile: (c) 2007 - 2015 Red Hat, Inc.  To report bugs please use the NetworkManager mailing list.
Feb 11 16:28:11 localhost NetworkManager[259]: <info>  [1455208091.7841] SettingsPlugin-Ofono: init!
Feb 11 16:28:11 localhost NetworkManager[259]: <warn>  [1455208091.7847] SettingsPlugin-Ofono: file doesn't exist: /var/lib/ofono
Feb 11 16:28:11 localhost NetworkManager[259]: <info>  [1455208091.7849] SettingsPlugin-Ofono: end _init.
Feb 11 16:28:11 localhost NetworkManager[259]: <info>  [1455208091.7851] settings: loaded plugin ofono: (C) 2013-2016 Canonical Ltd.  To report bugs please use the NetworkManager mailing list. (/usr/lib/arm-linux-gnueabihf/NetworkManager/libnm-settings-plugin-ofono.so)
Feb 11 16:28:11 localhost NetworkManager[259]: <info>  [1455208091.7853] (2404224) ... get_connections.
Feb 11 16:28:11 localhost NetworkManager[259]: <info>  [1455208091.7854] (2404224) ... get_connections (managed=false): return empty list.
Feb 11 16:28:11 localhost NetworkManager[259]: <info>  [1455208091.7940] SettingsPlugin-Ofono: (2434584) ... get_connections.
Feb 11 16:28:11 localhost NetworkManager[259]: <info>  [1455208091.7942] SettingsPlugin-Ofono: (2434584) connections count: 0
Feb 11 16:28:11 localhost NetworkManager[259]: <info>  [1455208091.7950] get unmanaged devices count: 0
Feb 11 16:28:29 localhost kernel: [   42.816863] random: crng init done
Feb 11 16:28:36 localhost NetworkManager[259]: <info>  [1455208116.8207] settings: hostname: hostnamed not used as proxy creation failed with: Error calling StartServiceByName for org.freedesktop.hostname1: GDBus.Error:org.freedesktop.DBus.Error.TimedOut: Failed to activate service 'org.freedesktop.hostname1': timed out
Feb 11 16:28:36 localhost NetworkManager[259]: <info>  [1455208116.8309] Using DHCP client 'dhclient'
Feb 11 16:28:36 localhost NetworkManager[259]: <info>  [1455208116.8313] manager: WiFi enabled by radio killswitch; enabled by state file
Feb 11 16:28:36 localhost NetworkManager[259]: <info>  [1455208116.8317] manager: WWAN enabled by radio killswitch; enabled by state file
Feb 11 16:28:36 localhost NetworkManager[259]: <info>  [1455208116.8320] manager: Networking is enabled by state file
Feb 11 16:28:36 localhost NetworkManager[259]: <info>  [1455208116.8364] Loaded device plugin: NMVxlanFactory (internal)
Feb 11 16:28:36 localhost NetworkManager[259]: <info>  [1455208116.8368] Loaded device plugin: NMVlanFactory (internal)
Feb 11 16:28:36 localhost NetworkManager[259]: <info>  [1455208116.8370] Loaded device plugin: NMVethFactory (internal)
Feb 11 16:28:36 localhost NetworkManager[259]: <info>  [1455208116.8373] Loaded device plugin: NMTunFactory (internal)
Feb 11 16:28:36 localhost NetworkManager[259]: <info>  [1455208116.8375] Loaded device plugin: NMMacvlanFactory (internal)
Feb 11 16:28:36 localhost NetworkManager[259]: <info>  [1455208116.8378] Loaded device plugin: NMIPTunnelFactory (internal)
Feb 11 16:28:36 localhost NetworkManager[259]: <info>  [1455208116.8380] Loaded device plugin: NMInfinibandFactory (internal)
Feb 11 16:28:36 localhost NetworkManager[259]: <info>  [1455208116.8384] Loaded device plugin: NMEthernetFactory (internal)
Feb 11 16:28:36 localhost NetworkManager[259]: <info>  [1455208116.8387] Loaded device plugin: NMBridgeFactory (internal)
Feb 11 16:28:36 localhost NetworkManager[259]: <info>  [1455208116.8390] Loaded device plugin: NMBondFactory (internal)
Feb 11 16:28:36 localhost NetworkManager[259]: <info>  [1455208116.9081] Loaded device plugin: NMWwanFactory (/usr/lib/arm-linux-gnueabihf/NetworkManager/libnm-device-plugin-wwan.so)
Feb 11 16:28:36 localhost NetworkManager[259]: <info>  [1455208116.9299] Loaded device plugin: NMWifiFactory (/usr/lib/arm-linux-gnueabihf/NetworkManager/libnm-device-plugin-wifi.so)
Feb 11 16:28:36 localhost NetworkManager[259]: <info>  [1455208116.9576] Loaded device plugin: NMBluezManager (/usr/lib/arm-linux-gnueabihf/NetworkManager/libnm-device-plugin-bluetooth.so)
Feb 11 16:28:36 localhost NetworkManager[259]: <info>  [1455208116.9799] Loaded device plugin: NMAtmManager (/usr/lib/arm-linux-gnueabihf/NetworkManager/libnm-device-plugin-adsl.so)
Feb 11 16:28:37 localhost NetworkManager[259]: <info>  [1455208117.0577] manager: (eth1): new Ethernet device (/org/freedesktop/NetworkManager/Devices/0)
Feb 11 16:28:37 localhost NetworkManager[259]: <info>  [1455208117.0772] keyfile: add connection in-memory (724382f1-8c1a-3ea0-a084-f27fa68da400,"Wired connection 1")
Feb 11 16:28:37 localhost NetworkManager[259]: <info>  [1455208117.0874] settings: (eth1): created default wired connection 'Wired connection 1'
Feb 11 16:28:37 localhost NetworkManager[259]: <info>  [1455208117.1087] device (eth1): state change: unmanaged -> unavailable (reason 'managed') [10 20 2]
Feb 11 16:28:37 localhost kernel: [   50.419230] IPv6: ADDRCONF(NETDEV_UP): eth1: link is not ready
Feb 11 16:28:37 localhost kernel: [   50.438504] net eth1: initializing cpsw version 1.12 (0)
Feb 11 16:28:37 localhost kernel: [   50.438529] cpsw 4a100000.ethernet: initialized cpsw ale version 1.4
Feb 11 16:28:37 localhost kernel: [   50.438539] cpsw 4a100000.ethernet: ALE Table size 1024
Feb 11 16:28:37 localhost kernel: [   50.537254] TI TLK10X 10/100 Mbps PHY 4a101000.mdio:03: attached PHY driver [TI TLK10X 10/100 Mbps PHY] (mii_bus:phy_addr=4a101000.mdio:03, irq=-1)
Feb 11 16:28:37 localhost kernel: [   50.542232] cpts ptp bc clkid 0
Feb 11 16:28:37 localhost kernel: [   50.545115] IPv6: ADDRCONF(NETDEV_UP): eth1: link is not ready
Feb 11 16:28:37 localhost NetworkManager[259]: nm_device_get_device_type: assertion 'NM_IS_DEVICE (self)' failed
Feb 11 16:28:37 localhost NetworkManager[259]: <info>  [1455208117.2706] device (lo): link connected
Feb 11 16:28:37 localhost NetworkManager[259]: <info>  [1455208117.2853] manager: (lo): new Generic device (/org/freedesktop/NetworkManager/Devices/1)
Feb 11 16:28:37 localhost NetworkManager[259]: <info>  [1455208117.3133] manager: (sit0): new IPTunnel device (/org/freedesktop/NetworkManager/Devices/2)
Feb 11 16:28:37 localhost NetworkManager[259]: <info>  [1455208117.3352] manager: (eth0): new Ethernet device (/org/freedesktop/NetworkManager/Devices/3)
Feb 11 16:28:37 localhost NetworkManager[259]: <info>  [1455208117.3513] keyfile: add connection in-memory (220693bf-05c3-3b31-97c8-023a8ed11d2e,"Wired connection 2")
Feb 11 16:28:37 localhost NetworkManager[259]: <info>  [1455208117.3616] settings: (eth0): created default wired connection 'Wired connection 2'
Feb 11 16:28:37 localhost NetworkManager[259]: <info>  [1455208117.3798] device (eth0): state change: unmanaged -> unavailable (reason 'managed') [10 20 2]
Feb 11 16:28:37 localhost kernel: [   50.689788] IPv6: ADDRCONF(NETDEV_UP): eth0: link is not ready
Feb 11 16:28:37 localhost kernel: [   50.694397] net eth0: initializing cpsw version 1.12 (0)
Feb 11 16:28:37 localhost kernel: [   50.817229] TI TLK10X 10/100 Mbps PHY 4a101000.mdio:01: attached PHY driver [TI TLK10X 10/100 Mbps PHY] (mii_bus:phy_addr=4a101000.mdio:01, irq=-1)
Feb 11 16:28:37 localhost kernel: [   50.820219] IPv6: ADDRCONF(NETDEV_UP): eth0: link is not ready
Feb 11 16:28:37 localhost NetworkManager[259]: <info>  [1455208117.5838] manager: WiFi hardware radio set enabled
Feb 11 16:28:37 localhost NetworkManager[259]: <info>  [1455208117.5898] manager: WWAN hardware radio set enabled
Feb 11 16:28:37 localhost NetworkManager[259]: <info>  [1455208117.6368] urfkill disappeared from the bus
Feb 11 16:28:37 localhost NetworkManager[259]: <info>  [1455208117.8656] ofono is now available
Feb 11 16:28:37 localhost NetworkManager[259]: <warn>  [1455208117.8734] failed to enumerate oFono devices: GDBus.Error:org.freedesktop.DBus.Error.ServiceUnknown: The name org.ofono was not provided by any .service files
Feb 11 16:28:39 localhost NetworkManager[259]: <info>  [1455208119.5873] device (eth0): link connected
Feb 11 16:28:39 localhost kernel: [   52.887545] cpsw 4a100000.ethernet eth0: Link is Up - 100Mbps/Full - flow control rx/tx
Feb 11 16:28:39 localhost kernel: [   52.887627] IPv6: ADDRCONF(NETDEV_CHANGE): eth0: link becomes ready
Feb 11 16:28:39 localhost NetworkManager[259]: <info>  [1455208119.5996] device (eth0): state change: unavailable -> disconnected (reason 'carrier-changed') [20 30 40]
Feb 11 16:28:39 localhost NetworkManager[259]: <info>  [1455208119.6174] policy: auto-activating connection 'Wired connection 2'
Feb 11 16:28:39 localhost NetworkManager[259]: <info>  [1455208119.6366] device (eth0): Activation: starting connection 'Wired connection 2' (220693bf-05c3-3b31-97c8-023a8ed11d2e)
Feb 11 16:28:39 localhost NetworkManager[259]: <info>  [1455208119.6426] device (eth0): state change: disconnected -> prepare (reason 'none') [30 40 0]
Feb 11 16:28:39 localhost NetworkManager[259]: <info>  [1455208119.6481] manager: NetworkManager state is now CONNECTING
Feb 11 16:28:39 localhost NetworkManager[259]: <info>  [1455208119.6612] device (eth0): state change: prepare -> config (reason 'none') [40 50 0]
Feb 11 16:28:39 localhost NetworkManager[259]: <info>  [1455208119.6748] device (eth0): state change: config -> ip-config (reason 'none') [50 70 0]
Feb 11 16:28:39 localhost NetworkManager[259]: <info>  [1455208119.6899] dhcp4 (eth0): activation: beginning transaction (timeout in 45 seconds)
Feb 11 16:28:39 localhost NetworkManager[259]: <info>  [1455208119.7140] dhcp4 (eth0): dhclient started with pid 331
Feb 11 16:28:39 localhost NetworkManager[259]: <info>  [1455208119.9436]   address 192.168.172.207
Feb 11 16:28:39 localhost NetworkManager[259]: <info>  [1455208119.9468]   plen 24 (255.255.255.0)
Feb 11 16:28:39 localhost NetworkManager[259]: <info>  [1455208119.9494]   gateway 192.168.172.1
Feb 11 16:28:39 localhost NetworkManager[259]: <info>  [1455208119.9496]   server identifier 192.168.172.1
Feb 11 16:28:39 localhost NetworkManager[259]: <info>  [1455208119.9498]   lease time 86400
Feb 11 16:28:39 localhost NetworkManager[259]: <info>  [1455208119.9500]   hostname 'localhost'
Feb 11 16:28:39 localhost NetworkManager[259]: <info>  [1455208119.9502]   nameserver '192.168.172.1'
Feb 11 16:28:39 localhost NetworkManager[259]: <info>  [1455208119.9503]   nameserver '8.8.8.8'
Feb 11 16:28:39 localhost NetworkManager[259]: <info>  [1455208119.9505]   domain name 'lan'
Feb 11 16:28:39 localhost NetworkManager[259]: <info>  [1455208119.9507] dhcp4 (eth0): state changed unknown -> bound
Feb 11 16:28:40 localhost NetworkManager[259]: <info>  [1455208119.9903] device (eth0): state change: ip-config -> ip-check (reason 'none') [70 80 0]
Feb 11 16:28:40 localhost NetworkManager[259]: <info>  [1455208120.0191] device (eth0): state change: ip-check -> secondaries (reason 'none') [80 90 0]
Feb 11 16:28:40 localhost NetworkManager[259]: <info>  [1455208120.0296] device (eth0): state change: secondaries -> activated (reason 'none') [90 100 0]
Feb 11 16:28:40 localhost NetworkManager[259]: <info>  [1455208120.0355] manager: NetworkManager state is now CONNECTED_LOCAL
Feb 11 16:28:40 localhost NetworkManager[259]: <info>  [1455208120.0443] manager: NetworkManager state is now CONNECTED_GLOBAL
Feb 11 16:28:40 localhost NetworkManager[259]: <info>  [1455208120.0493] policy: set 'Wired connection 2' (eth0) as default for IPv4 routing and DNS
Feb 11 16:28:40 localhost NetworkManager[259]: <info>  [1455208120.0539] policy: setting system hostname to 'localhost' (from DHCPv4)
Feb 11 16:28:40 localhost NetworkManager[259]: <warn>  [1455208120.0571] policy: couldn't set the system hostname to 'localhost': (1) Operation not permitted
Feb 11 16:28:40 localhost NetworkManager[259]: <warn>  [1455208120.0574] policy: you should use hostnamed when systemd hardening is in effect!
Feb 11 16:28:40 localhost NetworkManager[259]: <info>  [1455208120.0713] dns-plugin[0x239d10]: starting dnsmasq...
Feb 11 16:28:40 localhost NetworkManager[259]: <info>  [1455208120.0980] dns-mgr: Writing DNS information to /sbin/resolvconf
Feb 11 16:28:40 localhost NetworkManager[259]: <info>  [1455208120.3801] device (eth0): Activation: successful, device activated.
Feb 11 16:28:40 localhost NetworkManager[259]: <info>  [1455208120.4276] dnsmasq[0x239d10]: dnsmasq appeared as :1.5
Feb 11 16:28:44 localhost NetworkManager[259]: <info>  [1455208124.7046] manager: startup complete
Feb 11 16:50:18 localhost NetworkManager[259]: <info>  [1455209418.8626] settings: hostname changed from (none) to "am335x"
Feb 11 16:28:08 am335x kernel: [    0.000000] Booting Linux on physical CPU 0x0
Feb 11 16:28:08 am335x kernel: [    0.000000] Linux version 4.9.69-g9ce43c71ae (root@abjenkins-linux-x64) (gcc version 6.2.1 20161016 (Linaro GCC 6.2-2016.11) ) #1 PREEMPT Fri Sep 18 10:31:49 CST 2020
Feb 11 16:28:08 am335x kernel: [    0.000000] CPU: ARMv7 Processor [413fc082] revision 2 (ARMv7), cr=10c5387d
Feb 11 16:28:08 am335x kernel: [    0.000000] CPU: PIPT / VIPT nonaliasing data cache, VIPT aliasing instruction cache
Feb 11 16:28:08 am335x kernel: [    0.000000] OF: fdt:Machine model: TI AM335x Advantech ADAM3600
Feb 11 16:28:08 am335x kernel: [    0.000000] efi: Getting EFI parameters from FDT:
Feb 11 16:28:08 am335x kernel: [    0.000000] efi: UEFI not found.
Feb 11 16:28:08 am335x kernel: [    0.000000] cma: Reserved 48 MiB at 0x8b800000
Feb 11 16:28:08 am335x kernel: [    0.000000] Memory policy: Data cache writeback
Feb 11 16:28:08 am335x kernel: [    0.000000] On node 0 totalpages: 65536
Feb 11 16:28:08 am335x kernel: [    0.000000] free_area_init_node: node 0, pgdat c0c3bb4c, node_mem_map cfda1000
Feb 11 16:28:08 am335x kernel: [    0.000000]   Normal zone: 576 pages used for memmap
Feb 11 16:28:08 am335x kernel: [    0.000000]   Normal zone: 0 pages reserved
Feb 11 16:28:08 am335x kernel: [    0.000000]   Normal zone: 65536 pages, LIFO batch:15
Feb 11 16:28:08 am335x kernel: [    0.000000] CPU: All CPU(s) started in SVC mode.
Feb 11 16:28:08 am335x kernel: [    0.000000] AM335X ES2.1 (neon)
Feb 11 16:28:08 am335x kernel: [    0.000000] pcpu-alloc: s0 r0 d32768 u32768 alloc=1*32768
Feb 11 16:28:08 am335x kernel: [    0.000000] pcpu-alloc: [0] 0 
Feb 11 16:28:08 am335x kernel: [    0.000000] Built 1 zonelists in Zone order, mobility grouping on.  Total pages: 64960
Feb 11 16:28:08 am335x kernel: [    0.000000] Kernel command line: console=ttyO0,115200n8 coherent_pool=2M root=/dev/mmcblk0p2 ro rootfstype=ext3 rootwait ip=none
Feb 11 16:28:08 am335x kernel: [    0.000000] PID hash table entries: 1024 (order: 0, 4096 bytes)
Feb 11 16:28:08 am335x kernel: [    0.000000] Dentry cache hash table entries: 32768 (order: 5, 131072 bytes)
Feb 11 16:28:08 am335x kernel: [    0.000000] Inode-cache hash table entries: 16384 (order: 4, 65536 bytes)
Feb 11 16:28:08 am335x kernel: [    0.000000] Memory: 198388K/262144K available (7168K kernel code, 242K rwdata, 2080K rodata, 1024K init, 263K bss, 14604K reserved, 49152K cma-reserved, 0K highmem)
Feb 11 16:28:08 am335x kernel: [    0.000000] Virtual kernel memory layout:
Feb 11 16:28:08 am335x kernel: [    0.000000]     vector  : 0xffff0000 - 0xffff1000   (   4 kB)
Feb 11 16:28:08 am335x kernel: [    0.000000]     fixmap  : 0xffc00000 - 0xfff00000   (3072 kB)
Feb 11 16:28:08 am335x kernel: [    0.000000]     vmalloc : 0xd0800000 - 0xff800000   ( 752 MB)
Feb 11 16:28:08 am335x kernel: [    0.000000]     lowmem  : 0xc0000000 - 0xd0000000   ( 256 MB)
Feb 11 16:28:08 am335x kernel: [    0.000000]     pkmap   : 0xbfe00000 - 0xc0000000   (   2 MB)
Feb 11 16:28:08 am335x kernel: [    0.000000]     modules : 0xbf000000 - 0xbfe00000   (  14 MB)
Feb 11 16:28:08 am335x kernel: [    0.000000]       .text : 0xc0008000 - 0xc0800000   (8160 kB)
Feb 11 16:28:08 am335x kernel: [    0.000000]       .init : 0xc0b00000 - 0xc0c00000   (1024 kB)
Feb 11 16:28:08 am335x kernel: [    0.000000]       .data : 0xc0c00000 - 0xc0c3c9a0   ( 243 kB)
Feb 11 16:28:08 am335x kernel: [    0.000000]        .bss : 0xc0c3c9a0 - 0xc0c7e864   ( 264 kB)
Feb 11 16:28:08 am335x kernel: [    0.000000] SLUB: HWalign=64, Order=0-3, MinObjects=0, CPUs=1, Nodes=1
Feb 11 16:28:08 am335x kernel: [    0.000000] Preemptible hierarchical RCU implementation.
Feb 11 16:28:08 am335x kernel: [    0.000000] 	RCU kthread priority: 1.
Feb 11 16:28:08 am335x kernel: [    0.000000] NR_IRQS:16 nr_irqs:16 16
Feb 11 16:28:08 am335x kernel: [    0.000000] IRQ: Found an INTC at 0xfa200000 (revision 5.0) with 128 interrupts
Feb 11 16:28:08 am335x kernel: [    0.000000] OMAP clockevent source: timer2 at 24000000 Hz
Feb 11 16:28:08 am335x kernel: [    0.000019] sched_clock: 32 bits at 24MHz, resolution 41ns, wraps every 89478484971ns
Feb 11 16:28:08 am335x kernel: [    0.000046] clocksource: timer1: mask: 0xffffffff max_cycles: 0xffffffff, max_idle_ns: 79635851949 ns
Feb 11 16:28:08 am335x kernel: [    0.000060] OMAP clocksource: timer1 at 24000000 Hz
Feb 11 16:28:08 am335x kernel: [    0.000267] clocksource_probe: no matching clocksources found
Feb 11 16:28:08 am335x kernel: [    0.000470] Console: colour dummy device 80x30
Feb 11 16:28:08 am335x kernel: [    0.000505] Calibrating delay loop... 597.60 BogoMIPS (lpj=2988032)
Feb 11 16:28:08 am335x kernel: [    0.058826] pid_max: default: 32768 minimum: 301
Feb 11 16:28:08 am335x kernel: [    0.058995] Mount-cache hash table entries: 1024 (order: 0, 4096 bytes)
Feb 11 16:28:08 am335x kernel: [    0.059011] Mountpoint-cache hash table entries: 1024 (order: 0, 4096 bytes)
Feb 11 16:28:08 am335x kernel: [    0.060005] CPU: Testing write buffer coherency: ok
Feb 11 16:28:08 am335x kernel: [    0.060425] Setting up static identity map for 0x80100000 - 0x80100060
Feb 11 16:28:08 am335x kernel: [    0.061715] EFI services will not be available.
Feb 11 16:28:08 am335x kernel: [    0.062214] devtmpfs: initialized
Feb 11 16:28:08 am335x kernel: [    0.077400] VFP support v0.3: implementor 41 architecture 3 part 30 variant c rev 3
Feb 11 16:28:08 am335x kernel: [    0.077812] clocksource: jiffies: mask: 0xffffffff max_cycles: 0xffffffff, max_idle_ns: 19112604462750000 ns
Feb 11 16:28:08 am335x kernel: [    0.077843] futex hash table entries: 256 (order: -1, 3072 bytes)
Feb 11 16:28:08 am335x kernel: [    0.082154] pinctrl core: initialized pinctrl subsystem
Feb 11 16:28:08 am335x kernel: [    0.083664] NET: Registered protocol family 16
Feb 11 16:28:08 am335x kernel: [    0.089188] DMA: preallocated 2048 KiB pool for atomic coherent allocations
Feb 11 16:28:08 am335x kernel: [    0.107694] omap_hwmod: debugss: _wait_target_disable failed
Feb 11 16:28:08 am335x kernel: [    0.168397] gpio gpiochip0: (gpio): added GPIO chardev (254:0)
Feb 11 16:28:08 am335x kernel: [    0.168943] gpiochip_setup_dev: registered GPIOs 0 to 31 on device: gpiochip0 (gpio)
Feb 11 16:28:08 am335x kernel: [    0.170918] OMAP GPIO hardware version 0.1
Feb 11 16:28:08 am335x kernel: [    0.171917] gpio gpiochip1: (gpio): added GPIO chardev (254:1)
Feb 11 16:28:08 am335x kernel: [    0.172329] gpiochip_setup_dev: registered GPIOs 32 to 63 on device: gpiochip1 (gpio)
Feb 11 16:28:08 am335x kernel: [    0.175018] gpio gpiochip2: (gpio): added GPIO chardev (254:2)
Feb 11 16:28:08 am335x kernel: [    0.175512] gpiochip_setup_dev: registered GPIOs 64 to 95 on device: gpiochip2 (gpio)
Feb 11 16:28:08 am335x kernel: [    0.178138] gpio gpiochip3: (gpio): added GPIO chardev (254:3)
Feb 11 16:28:08 am335x kernel: [    0.178521] gpiochip_setup_dev: registered GPIOs 96 to 127 on device: gpiochip3 (gpio)
Feb 11 16:28:08 am335x kernel: [    0.189421] omap-gpmc 50000000.gpmc: GPMC revision 6.0
Feb 11 16:28:08 am335x kernel: [    0.189453] gpmc_mem_init: disabling cs 0 mapped at 0x0-0x1000000
Feb 11 16:28:08 am335x kernel: [    0.189493] gpiochip_find_base: found new base at 510
Feb 11 16:28:08 am335x kernel: [    0.189526] gpio gpiochip4: (omap-gpmc): added GPIO chardev (254:4)
Feb 11 16:28:08 am335x kernel: [    0.189945] gpiochip_setup_dev: registered GPIOs 510 to 511 on device: gpiochip4 (omap-gpmc)
Feb 11 16:28:08 am335x kernel: [    2.558860] random: fast init done
Feb 11 16:28:08 am335x kernel: [   11.557241] +++HW Ver: ADAM-3600-C2GL1A1E
Feb 11 16:28:08 am335x kernel: [   11.562435] +++ADAM3600 init.
Feb 11 16:28:08 am335x kernel: [   11.562466] No ATAGs?
Feb 11 16:28:08 am335x kernel: [   11.562481] hw-breakpoint: debug architecture 0x4 unsupported.
Feb 11 16:28:08 am335x kernel: [   11.609960] edma 49000000.edma: TI EDMA DMA engine driver
Feb 11 16:28:08 am335x kernel: [   11.610381] of_get_named_gpiod_flags: can't parse 'gpio' property of node '/fixedregulator0[0]'
Feb 11 16:28:08 am335x kernel: [   11.613079] omap_i2c 44e0b000.i2c: could not find pctldev for node /ocp/l4_wkup@44c00000/scm@210000/pinmux@800/pinmux_i2c0_pins, deferring probe
Feb 11 16:28:08 am335x kernel: [   11.613256] media: Linux media interface: v0.10
Feb 11 16:28:08 am335x kernel: [   11.613333] Linux video capture interface: v2.00
Feb 11 16:28:08 am335x kernel: [   11.613392] pps_core: LinuxPPS API ver. 1 registered
Feb 11 16:28:08 am335x kernel: [   11.613403] pps_core: Software ver. 5.3.6 - Copyright 2005-2007 Rodolfo Giometti <giometti@linux.it>
Feb 11 16:28:08 am335x kernel: [   11.613435] PTP clock support registered
Feb 11 16:28:08 am335x kernel: [   11.613487] EDAC MC: Ver: 3.0.0
Feb 11 16:28:08 am335x kernel: [   11.614897] omap-mailbox 480c8000.mailbox: omap mailbox rev 0x400
Feb 11 16:28:08 am335x kernel: [   11.616834] clocksource: Switched to clocksource timer1
Feb 11 16:28:08 am335x kernel: [   11.630619] NET: Registered protocol family 2
Feb 11 16:28:08 am335x kernel: [   11.631575] TCP established hash table entries: 2048 (order: 1, 8192 bytes)
Feb 11 16:28:08 am335x kernel: [   11.631621] TCP bind hash table entries: 2048 (order: 1, 8192 bytes)
Feb 11 16:28:08 am335x kernel: [   11.631659] TCP: Hash tables configured (established 2048 bind 2048)
Feb 11 16:28:08 am335x kernel: [   11.631743] UDP hash table entries: 256 (order: 0, 4096 bytes)
Feb 11 16:28:08 am335x kernel: [   11.631768] UDP-Lite hash table entries: 256 (order: 0, 4096 bytes)
Feb 11 16:28:08 am335x kernel: [   11.631944] NET: Registered protocol family 1
Feb 11 16:28:08 am335x kernel: [   11.632460] RPC: Registered named UNIX socket transport module.
Feb 11 16:28:08 am335x kernel: [   11.632476] RPC: Registered udp transport module.
Feb 11 16:28:08 am335x kernel: [   11.632486] RPC: Registered tcp transport module.
Feb 11 16:28:08 am335x kernel: [   11.632495] RPC: Registered tcp NFSv4.1 backchannel transport module.
Feb 11 16:28:08 am335x kernel: [   11.633595] hw perfevents: enabled with armv7_cortex_a8 PMU driver, 5 counters available
Feb 11 16:28:08 am335x kernel: [   11.636640] workingset: timestamp_bits=14 max_order=16 bucket_order=2
Feb 11 16:28:08 am335x kernel: [   11.647691] exFAT: file-system version 2.2.0-3arter97
Feb 11 16:28:08 am335x kernel: [   11.648932] NFS: Registering the id_resolver key type
Feb 11 16:28:08 am335x kernel: [   11.648992] Key type id_resolver registered
Feb 11 16:28:08 am335x kernel: [   11.649003] Key type id_legacy registered
Feb 11 16:28:08 am335x kernel: [   11.649062] ntfs: driver 2.1.32 [Flags: R/O].
Feb 11 16:28:08 am335x kernel: [   11.651476] Block layer SCSI generic (bsg) driver version 0.4 loaded (major 247)
Feb 11 16:28:08 am335x kernel: [   11.651500] io scheduler noop registered
Feb 11 16:28:08 am335x kernel: [   11.651511] io scheduler deadline registered
Feb 11 16:28:08 am335x kernel: [   11.651717] io scheduler cfq registered (default)
Feb 11 16:28:08 am335x kernel: [   11.653628] pinctrl-single 44e10800.pinmux: 142 pins at pa f9e10800 size 568
Feb 11 16:28:08 am335x kernel: [   11.737511] Serial: 8250/16550 driver, 10 ports, IRQ sharing disabled
Feb 11 16:28:08 am335x kernel: [   11.741172] serial8250.0: ttyS0 at MMIO 0x1000000 (irq = 44, base_baud = 921600) is a XR16850
Feb 11 16:28:08 am335x kernel: [   11.742075] serial8250.0: ttyS1 at MMIO 0x1000801 (irq = 43, base_baud = 921600) is a XR16850
Feb 11 16:28:08 am335x kernel: [   11.742904] serial8250.0: ttyS2 at MMIO 0x1001201 (irq = 136, base_baud = 921600) is a XR16850
Feb 11 16:28:08 am335x kernel: [   11.743778] omap_uart 44e09000.serial: no wakeirq for uart0
Feb 11 16:28:08 am335x kernel: [   11.743803] of_get_named_gpiod_flags: can't parse 'rts-gpio' property of node '/ocp/serial@44e09000[0]'
Feb 11 16:28:08 am335x kernel: [   11.743840] 44e09000.serial: ttyO0 at MMIO 0x44e09000 (irq = 158, base_baud = 3000000) is a OMAP UART0
Feb 11 16:28:08 am335x kernel: [   12.374713] console [ttyO0] enabled
Feb 11 16:28:08 am335x kernel: [   12.379017] omap_uart 48022000.serial: no wakeirq for uart1
Feb 11 16:28:08 am335x kernel: [   12.384877] of_get_named_gpiod_flags: can't parse 'rts-gpio' property of node '/ocp/serial@48022000[0]'
Feb 11 16:28:08 am335x kernel: [   12.384997] 48022000.serial: ttyO1 at MMIO 0x48022000 (irq = 159, base_baud = 3000000) is a OMAP UART1
Feb 11 16:28:08 am335x kernel: [   12.395365] omap_uart 481a6000.serial: no wakeirq for uart3
Feb 11 16:28:08 am335x kernel: [   12.401269] of_get_named_gpiod_flags: can't parse 'rts-gpio' property of node '/ocp/serial@481a6000[0]'
Feb 11 16:28:08 am335x kernel: [   12.401351] 481a6000.serial: ttyO3 at MMIO 0x481a6000 (irq = 160, base_baud = 3000000) is a OMAP UART3
Feb 11 16:28:08 am335x kernel: [   12.412437] omap_rng 48310000.rng: OMAP Random Number Generator ver. 20
Feb 11 16:28:08 am335x kernel: [   12.419923] SRAM driver installed, with major 245
Feb 11 16:28:08 am335x kernel: [   12.424938] [drm] Initialized
Feb 11 16:28:08 am335x kernel: [   12.428558] panel panel: GPIO lookup for consumer enable
Feb 11 16:28:08 am335x kernel: [   12.428568] panel panel: using device tree for GPIO lookup
Feb 11 16:28:08 am335x kernel: [   12.428580] of_get_named_gpiod_flags: can't parse 'enable-gpios' property of node '/panel[0]'
Feb 11 16:28:08 am335x kernel: [   12.428590] of_get_named_gpiod_flags: can't parse 'enable-gpio' property of node '/panel[0]'
Feb 11 16:28:08 am335x kernel: [   12.428598] panel panel: using lookup tables for GPIO lookup
Feb 11 16:28:08 am335x kernel: [   12.428608] panel panel: lookup for GPIO enable failed
Feb 11 16:28:08 am335x kernel: [   12.430047] [drm] Supports vblank timestamp caching Rev 2 (21.10.2013).
Feb 11 16:28:08 am335x kernel: [   12.437081] [drm] No driver support for vblank timestamp query.
Feb 11 16:28:08 am335x kernel: [   12.474605] Console: switching to colour frame buffer device 80x30
Feb 11 16:28:08 am335x kernel: [   12.486816] tilcdc 4830e000.lcdc: fb0:  frame buffer device
Feb 11 16:28:08 am335x kernel: [   12.534212] brd: module loaded
Feb 11 16:28:08 am335x kernel: [   12.545892] loop: module loaded
Feb 11 16:28:08 am335x kernel: [   12.556161] libphy: Fixed MDIO Bus: probed
Feb 11 16:28:08 am335x kernel: [   12.636865] davinci_mdio 4a101000.mdio: davinci mdio revision 1.6
Feb 11 16:28:08 am335x kernel: [   12.643281] davinci_mdio 4a101000.mdio: detected phy mask fffffff5
Feb 11 16:28:08 am335x kernel: [   12.651491] libphy: 4a101000.mdio: probed
Feb 11 16:28:08 am335x kernel: [   12.655751] davinci_mdio 4a101000.mdio: phy[1]: device 4a101000.mdio:01, driver TI TLK10X 10/100 Mbps PHY
Feb 11 16:28:08 am335x kernel: [   12.665944] davinci_mdio 4a101000.mdio: phy[3]: device 4a101000.mdio:03, driver TI TLK10X 10/100 Mbps PHY
Feb 11 16:28:08 am335x kernel: [   12.677089] cpsw 4a100000.ethernet: Detected MACID = b0:d5:cc:a2:02:cc
Feb 11 16:28:08 am335x kernel: [   12.684076] cpsw 4a100000.ethernet: device node lookup for pps timer failed
Feb 11 16:28:08 am335x kernel: [   12.691518] cpsw 4a100000.ethernet: cpts: overflow check period 500 (jiffies)
Feb 11 16:28:08 am335x kernel: [   12.700482] cpsw 4a100000.ethernet: cpsw: Detected MACID = b0:d5:cc:a2:02:ce
Feb 11 16:28:08 am335x kernel: [   12.709438] PPP generic driver version 2.4.2
Feb 11 16:28:08 am335x kernel: [   12.714690] mousedev: PS/2 mouse device common for all mice
Feb 11 16:28:08 am335x kernel: [   12.721850] omap_rtc 44e3e000.rtc: already running
Feb 11 16:28:08 am335x kernel: [   12.727403] rtc rtc0: 44e3e000.rtc: dev (253:0)
Feb 11 16:28:08 am335x kernel: [   12.727434] omap_rtc 44e3e000.rtc: rtc core: registered 44e3e000.rtc as rtc0
Feb 11 16:28:08 am335x kernel: [   12.736657] ht1382-rtc rtc1: ht1382_read_time: tm is secs=50, mins=19, hours=21, mday=1, mon=2, year=120, wday=6
Feb 11 16:28:08 am335x kernel: [   12.737112] rtc rtc1: ht1382-rtc: dev (253:1)
Feb 11 16:28:08 am335x kernel: [   12.737124] ht1382-rtc rtc1: rtc core: registered ht1382-rtc as rtc1
Feb 11 16:28:08 am335x kernel: [   12.743867] i2c /dev entries driver
Feb 11 16:28:08 am335x kernel: [   12.749555] omap_hsmmc 48060000.mmc: GPIO lookup for consumer cd
Feb 11 16:28:08 am335x kernel: [   12.749567] omap_hsmmc 48060000.mmc: using device tree for GPIO lookup
Feb 11 16:28:08 am335x kernel: [   12.749604] of_get_named_gpiod_flags: parsed 'cd-gpios' property of node '/ocp/mmc@48060000[0]' - status (0)
Feb 11 16:28:08 am335x kernel: [   12.749621] omap_hsmmc 48060000.mmc: Got CD GPIO
Feb 11 16:28:08 am335x kernel: [   12.754508] omap_hsmmc 48060000.mmc: GPIO lookup for consumer wp
Feb 11 16:28:08 am335x kernel: [   12.754516] omap_hsmmc 48060000.mmc: using device tree for GPIO lookup
Feb 11 16:28:08 am335x kernel: [   12.754526] of_get_named_gpiod_flags: can't parse 'wp-gpios' property of node '/ocp/mmc@48060000[0]'
Feb 11 16:28:08 am335x kernel: [   12.754535] of_get_named_gpiod_flags: can't parse 'wp-gpio' property of node '/ocp/mmc@48060000[0]'
Feb 11 16:28:08 am335x kernel: [   12.754543] omap_hsmmc 48060000.mmc: using lookup tables for GPIO lookup
Feb 11 16:28:08 am335x kernel: [   12.754553] omap_hsmmc 48060000.mmc: lookup for GPIO wp failed
Feb 11 16:28:08 am335x kernel: [   12.807684] omap_hsmmc 47810000.mmc: GPIO lookup for consumer cd
Feb 11 16:28:08 am335x kernel: [   12.807699] omap_hsmmc 47810000.mmc: using device tree for GPIO lookup
Feb 11 16:28:08 am335x kernel: [   12.807737] of_get_named_gpiod_flags: parsed 'cd-gpios' property of node '/ocp/mmc@47810000[0]' - status (0)
Feb 11 16:28:08 am335x kernel: [   12.807754] omap_hsmmc 47810000.mmc: Got CD GPIO
Feb 11 16:28:08 am335x kernel: [   12.813689] omap_hsmmc 47810000.mmc: GPIO lookup for consumer wp
Feb 11 16:28:08 am335x kernel: [   12.813697] omap_hsmmc 47810000.mmc: using device tree for GPIO lookup
Feb 11 16:28:08 am335x kernel: [   12.813724] of_get_named_gpiod_flags: parsed 'wp-gpios' property of node '/ocp/mmc@47810000[0]' - status (0)
Feb 11 16:28:08 am335x kernel: [   12.813737] omap_hsmmc 47810000.mmc: Got WP GPIO
Feb 11 16:28:08 am335x kernel: [   12.877727] of_get_named_gpiod_flags: parsed 'gpios' property of node '/leds/led1[0]' - status (0)
Feb 11 16:28:08 am335x kernel: [   12.877969] of_get_named_gpiod_flags: parsed 'gpios' property of node '/leds/led2[0]' - status (0)
Feb 11 16:28:08 am335x kernel: [   12.878196] of_get_named_gpiod_flags: parsed 'gpios' property of node '/leds/led3[0]' - status (0)
Feb 11 16:28:08 am335x kernel: [   12.879996] NET: Registered protocol family 10
Feb 11 16:28:08 am335x kernel: [   12.890042] sit: IPv6, IPv4 and MPLS over IPv4 tunneling driver
Feb 11 16:28:08 am335x kernel: [   12.897479] NET: Registered protocol family 17
Feb 11 16:28:08 am335x kernel: [   12.902599] Key type dns_resolver registered
Feb 11 16:28:08 am335x kernel: [   12.907591] omap_voltage_late_init: Voltage driver support not added
Feb 11 16:28:08 am335x kernel: [   12.926442] mmc0: host does not support reading read-only switch, assuming write-enable
Feb 11 16:28:08 am335x kernel: [   12.938032] mmc0: new high speed SDHC card at address aaaa
Feb 11 16:28:08 am335x kernel: [   12.944660] mmcblk0: mmc0:aaaa SU04G 3.69 GiB 
Feb 11 16:28:08 am335x kernel: [   12.950122] at24 0-0050: 256 byte 24c02 EEPROM, writable, 1 bytes/write
Feb 11 16:28:08 am335x kernel: [   12.958151] omap_i2c 44e0b000.i2c: bus 0 rev0.11 at 100 kHz
Feb 11 16:28:08 am335x kernel: [   12.964200]  mmcblk0: p1 p2 p3 p4
Feb 11 16:28:08 am335x kernel: [   12.970299] omap_rtc 44e3e000.rtc: setting system clock to 2000-01-01 02:39:12 UTC (946694352)
Feb 11 16:28:08 am335x kernel: [   12.982215] EXT4-fs (mmcblk0p2): mounting ext3 file system using the ext4 subsystem
Feb 11 16:28:08 am335x kernel: [   13.000991] EXT4-fs (mmcblk0p2): mounted filesystem with ordered data mode. Opts: (null)
Feb 11 16:28:08 am335x kernel: [   13.009753] VFS: Mounted root (ext3 filesystem) readonly on device 179:2.
Feb 11 16:28:08 am335x kernel: [   13.020669] devtmpfs: mounted
Feb 11 16:28:08 am335x kernel: [   13.026188] Freeing unused kernel memory: 1024K
Feb 11 16:28:08 am335x kernel: [   14.742334] EXT4-fs (mmcblk0p2): re-mounted. Opts: (null)
Feb 11 16:28:08 am335x kernel: [   19.818784] EXT4-fs (mmcblk0p4): mounting ext3 file system using the ext4 subsystem
Feb 11 16:28:08 am335x kernel: [   19.840957] EXT4-fs (mmcblk0p4): mounted filesystem with ordered data mode. Opts: (null)
Feb 11 16:28:10 am335x NetworkManager[250]: <info>  [1455208090.4007] NetworkManager (version 1.2.6) is starting...
Feb 11 16:28:10 am335x NetworkManager[250]: <info>  [1455208090.4136] Read config: /etc/NetworkManager/NetworkManager.conf (etc: default-wifi-powersave-on.conf)
Feb 11 16:28:10 am335x NetworkManager[250]: <info>  [1455208090.5337] manager[0x231160]: monitoring kernel firmware directory '/lib/firmware'.
Feb 11 16:28:10 am335x NetworkManager[250]: <info>  [1455208090.5374] monitoring ifupdown state file '/run/network/ifstate'.
Feb 11 16:28:10 am335x NetworkManager[250]: <info>  [1455208090.6065] dns-mgr[0x2218b0]: init: dns=dnsmasq, rc-manager=resolvconf, plugin=dnsmasq
Feb 11 16:28:11 am335x NetworkManager[250]: <info>  [1455208091.8104] init!
Feb 11 16:28:11 am335x NetworkManager[250]: <info>  [1455208091.8185] management mode: unmanaged
Feb 11 16:28:11 am335x NetworkManager[250]: <info>  [1455208091.8311] devices added (path: /sys/devices/platform/ocp/4a100000.ethernet/net/eth0, iface: eth0)
Feb 11 16:28:11 am335x NetworkManager[250]: <info>  [1455208091.8320] device added (path: /sys/devices/platform/ocp/4a100000.ethernet/net/eth0, iface: eth0): no ifupdown configuration found.
Feb 11 16:28:11 am335x NetworkManager[250]: <info>  [1455208091.8322] devices added (path: /sys/devices/platform/ocp/4a100000.ethernet/net/eth1, iface: eth1)
Feb 11 16:28:11 am335x NetworkManager[250]: <info>  [1455208091.8324] device added (path: /sys/devices/platform/ocp/4a100000.ethernet/net/eth1, iface: eth1): no ifupdown configuration found.
Feb 11 16:28:11 am335x NetworkManager[250]: <info>  [1455208091.8325] devices added (path: /sys/devices/virtual/net/lo, iface: lo)
Feb 11 16:28:11 am335x NetworkManager[250]: <info>  [1455208091.8326] device added (path: /sys/devices/virtual/net/lo, iface: lo): no ifupdown configuration found.
Feb 11 16:28:11 am335x NetworkManager[250]: <info>  [1455208091.8328] devices added (path: /sys/devices/virtual/net/sit0, iface: sit0)
Feb 11 16:28:11 am335x NetworkManager[250]: <info>  [1455208091.8329] device added (path: /sys/devices/virtual/net/sit0, iface: sit0): no ifupdown configuration found.
Feb 11 16:28:11 am335x NetworkManager[250]: <info>  [1455208091.8330] end _init.
Feb 11 16:28:11 am335x NetworkManager[250]: <info>  [1455208091.8333] settings: loaded plugin ifupdown: (C) 2008 Canonical Ltd.  To report bugs please use the NetworkManager mailing list. (/usr/lib/arm-linux-gnueabihf/NetworkManager/libnm-settings-plugin-ifupdown.so)
Feb 11 16:28:11 am335x NetworkManager[250]: <info>  [1455208091.8339] settings: loaded plugin keyfile: (c) 2007 - 2015 Red Hat, Inc.  To report bugs please use the NetworkManager mailing list.
Feb 11 16:28:11 am335x NetworkManager[250]: <info>  [1455208091.8433] SettingsPlugin-Ofono: init!
Feb 11 16:28:11 am335x NetworkManager[250]: <warn>  [1455208091.8439] SettingsPlugin-Ofono: file doesn't exist: /var/lib/ofono
Feb 11 16:28:11 am335x NetworkManager[250]: <info>  [1455208091.8441] SettingsPlugin-Ofono: end _init.
Feb 11 16:28:11 am335x NetworkManager[250]: <info>  [1455208091.8442] settings: loaded plugin ofono: (C) 2013-2016 Canonical Ltd.  To report bugs please use the NetworkManager mailing list. (/usr/lib/arm-linux-gnueabihf/NetworkManager/libnm-settings-plugin-ofono.so)
Feb 11 16:28:11 am335x NetworkManager[250]: <info>  [1455208091.8444] (2403160) ... get_connections.
Feb 11 16:28:11 am335x NetworkManager[250]: <info>  [1455208091.8445] (2403160) ... get_connections (managed=false): return empty list.
Feb 11 16:28:11 am335x NetworkManager[250]: <info>  [1455208091.8507] SettingsPlugin-Ofono: (2403280) ... get_connections.
Feb 11 16:28:11 am335x NetworkManager[250]: <info>  [1455208091.8509] SettingsPlugin-Ofono: (2403280) connections count: 0
Feb 11 16:28:11 am335x NetworkManager[250]: <info>  [1455208091.8515] get unmanaged devices count: 0
Feb 11 16:28:27 am335x kernel: [   40.476970] random: crng init done
Feb 11 16:28:36 am335x NetworkManager[250]: <info>  [1455208116.8784] settings: hostname: hostnamed not used as proxy creation failed with: Error calling StartServiceByName for org.freedesktop.hostname1: GDBus.Error:org.freedesktop.DBus.Error.TimedOut: Failed to activate service 'org.freedesktop.hostname1': timed out
Feb 11 16:28:36 am335x NetworkManager[250]: <info>  [1455208116.8801] Using DHCP client 'dhclient'
Feb 11 16:28:36 am335x NetworkManager[250]: <info>  [1455208116.8804] manager: WiFi enabled by radio killswitch; enabled by state file
Feb 11 16:28:36 am335x NetworkManager[250]: <info>  [1455208116.8808] manager: WWAN enabled by radio killswitch; enabled by state file
Feb 11 16:28:36 am335x NetworkManager[250]: <info>  [1455208116.8811] manager: Networking is enabled by state file
Feb 11 16:28:36 am335x NetworkManager[250]: <info>  [1455208116.8939] Loaded device plugin: NMVxlanFactory (internal)
Feb 11 16:28:36 am335x NetworkManager[250]: <info>  [1455208116.8944] Loaded device plugin: NMVlanFactory (internal)
Feb 11 16:28:36 am335x NetworkManager[250]: <info>  [1455208116.8946] Loaded device plugin: NMVethFactory (internal)
Feb 11 16:28:36 am335x NetworkManager[250]: <info>  [1455208116.8949] Loaded device plugin: NMTunFactory (internal)
Feb 11 16:28:36 am335x NetworkManager[250]: <info>  [1455208116.8951] Loaded device plugin: NMMacvlanFactory (internal)
Feb 11 16:28:36 am335x NetworkManager[250]: <info>  [1455208116.8954] Loaded device plugin: NMIPTunnelFactory (internal)
Feb 11 16:28:36 am335x NetworkManager[250]: <info>  [1455208116.8957] Loaded device plugin: NMInfinibandFactory (internal)
Feb 11 16:28:36 am335x NetworkManager[250]: <info>  [1455208116.8960] Loaded device plugin: NMEthernetFactory (internal)
Feb 11 16:28:36 am335x NetworkManager[250]: <info>  [1455208116.8963] Loaded device plugin: NMBridgeFactory (internal)
Feb 11 16:28:36 am335x NetworkManager[250]: <info>  [1455208116.8966] Loaded device plugin: NMBondFactory (internal)
Feb 11 16:28:36 am335x NetworkManager[250]: <info>  [1455208116.9660] Loaded device plugin: NMWwanFactory (/usr/lib/arm-linux-gnueabihf/NetworkManager/libnm-device-plugin-wwan.so)
Feb 11 16:28:36 am335x NetworkManager[250]: <info>  [1455208116.9882] Loaded device plugin: NMWifiFactory (/usr/lib/arm-linux-gnueabihf/NetworkManager/libnm-device-plugin-wifi.so)
Feb 11 16:28:37 am335x NetworkManager[250]: <info>  [1455208117.0160] Loaded device plugin: NMBluezManager (/usr/lib/arm-linux-gnueabihf/NetworkManager/libnm-device-plugin-bluetooth.so)
Feb 11 16:28:37 am335x NetworkManager[250]: <info>  [1455208117.0383] Loaded device plugin: NMAtmManager (/usr/lib/arm-linux-gnueabihf/NetworkManager/libnm-device-plugin-adsl.so)
Feb 11 16:28:37 am335x NetworkManager[250]: <info>  [1455208117.1162] manager: (eth1): new Ethernet device (/org/freedesktop/NetworkManager/Devices/0)
Feb 11 16:28:37 am335x NetworkManager[250]: <info>  [1455208117.1354] keyfile: add connection in-memory (724382f1-8c1a-3ea0-a084-f27fa68da400,"Wired connection 1")
Feb 11 16:28:37 am335x NetworkManager[250]: <info>  [1455208117.1472] settings: (eth1): created default wired connection 'Wired connection 1'
Feb 11 16:28:37 am335x NetworkManager[250]: <info>  [1455208117.1689] device (eth1): state change: unmanaged -> unavailable (reason 'managed') [10 20 2]
Feb 11 16:28:37 am335x kernel: [   50.480324] IPv6: ADDRCONF(NETDEV_UP): eth1: link is not ready
Feb 11 16:28:37 am335x kernel: [   50.499565] net eth1: initializing cpsw version 1.12 (0)
Feb 11 16:28:37 am335x kernel: [   50.499590] cpsw 4a100000.ethernet: initialized cpsw ale version 1.4
Feb 11 16:28:37 am335x kernel: [   50.499599] cpsw 4a100000.ethernet: ALE Table size 1024
Feb 11 16:28:37 am335x kernel: [   50.597274] TI TLK10X 10/100 Mbps PHY 4a101000.mdio:03: attached PHY driver [TI TLK10X 10/100 Mbps PHY] (mii_bus:phy_addr=4a101000.mdio:03, irq=-1)
Feb 11 16:28:37 am335x kernel: [   50.602355] cpts ptp bc clkid 0
Feb 11 16:28:37 am335x kernel: [   50.605268] IPv6: ADDRCONF(NETDEV_UP): eth1: link is not ready
Feb 11 16:28:37 am335x NetworkManager[250]: nm_device_get_device_type: assertion 'NM_IS_DEVICE (self)' failed
Feb 11 16:28:37 am335x NetworkManager[250]: <info>  [1455208117.3303] device (lo): link connected
Feb 11 16:28:37 am335x NetworkManager[250]: <info>  [1455208117.3450] manager: (lo): new Generic device (/org/freedesktop/NetworkManager/Devices/1)
Feb 11 16:28:37 am335x NetworkManager[250]: <info>  [1455208117.3735] manager: (sit0): new IPTunnel device (/org/freedesktop/NetworkManager/Devices/2)
Feb 11 16:28:37 am335x NetworkManager[250]: <info>  [1455208117.3955] manager: (eth0): new Ethernet device (/org/freedesktop/NetworkManager/Devices/3)
Feb 11 16:28:37 am335x NetworkManager[250]: <info>  [1455208117.4154] keyfile: add connection in-memory (220693bf-05c3-3b31-97c8-023a8ed11d2e,"Wired connection 2")
Feb 11 16:28:37 am335x NetworkManager[250]: <info>  [1455208117.4305] settings: (eth0): created default wired connection 'Wired connection 2'
Feb 11 16:28:37 am335x NetworkManager[250]: <info>  [1455208117.4500] device (eth0): state change: unmanaged -> unavailable (reason 'managed') [10 20 2]
Feb 11 16:28:37 am335x kernel: [   50.760973] IPv6: ADDRCONF(NETDEV_UP): eth0: link is not ready
Feb 11 16:28:37 am335x kernel: [   50.765953] net eth0: initializing cpsw version 1.12 (0)
Feb 11 16:28:37 am335x kernel: [   50.877266] TI TLK10X 10/100 Mbps PHY 4a101000.mdio:01: attached PHY driver [TI TLK10X 10/100 Mbps PHY] (mii_bus:phy_addr=4a101000.mdio:01, irq=-1)
Feb 11 16:28:37 am335x kernel: [   50.880275] IPv6: ADDRCONF(NETDEV_UP): eth0: link is not ready
Feb 11 16:28:37 am335x NetworkManager[250]: <info>  [1455208117.6549] manager: WiFi hardware radio set enabled
Feb 11 16:28:37 am335x NetworkManager[250]: <info>  [1455208117.6582] manager: WWAN hardware radio set enabled
Feb 11 16:28:37 am335x NetworkManager[250]: <info>  [1455208117.7522] urfkill disappeared from the bus
Feb 11 16:28:38 am335x NetworkManager[250]: <info>  [1455208118.1447] ofono is now available
Feb 11 16:28:38 am335x NetworkManager[250]: <warn>  [1455208118.1556] failed to enumerate oFono devices: GDBus.Error:org.freedesktop.DBus.Error.ServiceUnknown: The name org.ofono was not provided by any .service files
Feb 11 16:28:39 am335x NetworkManager[250]: <info>  [1455208119.6667] device (eth0): link connected
Feb 11 16:28:39 am335x kernel: [   52.967600] cpsw 4a100000.ethernet eth0: Link is Up - 100Mbps/Full - flow control rx/tx
Feb 11 16:28:39 am335x kernel: [   52.967684] IPv6: ADDRCONF(NETDEV_CHANGE): eth0: link becomes ready
Feb 11 16:28:39 am335x NetworkManager[250]: <info>  [1455208119.6788] device (eth0): state change: unavailable -> disconnected (reason 'carrier-changed') [20 30 40]
Feb 11 16:28:39 am335x NetworkManager[250]: <info>  [1455208119.6970] policy: auto-activating connection 'Wired connection 2'
Feb 11 16:28:39 am335x NetworkManager[250]: <info>  [1455208119.7161] device (eth0): Activation: starting connection 'Wired connection 2' (220693bf-05c3-3b31-97c8-023a8ed11d2e)
Feb 11 16:28:39 am335x NetworkManager[250]: <info>  [1455208119.7223] device (eth0): state change: disconnected -> prepare (reason 'none') [30 40 0]
Feb 11 16:28:39 am335x NetworkManager[250]: <info>  [1455208119.7278] manager: NetworkManager state is now CONNECTING
Feb 11 16:28:39 am335x NetworkManager[250]: <info>  [1455208119.7412] device (eth0): state change: prepare -> config (reason 'none') [40 50 0]
Feb 11 16:28:39 am335x NetworkManager[250]: <info>  [1455208119.7545] device (eth0): state change: config -> ip-config (reason 'none') [50 70 0]
Feb 11 16:28:39 am335x NetworkManager[250]: <info>  [1455208119.7698] dhcp4 (eth0): activation: beginning transaction (timeout in 45 seconds)
Feb 11 16:28:39 am335x NetworkManager[250]: <info>  [1455208119.8210] dhcp4 (eth0): dhclient started with pid 397
Feb 11 16:28:40 am335x NetworkManager[250]: <info>  [1455208120.0401]   address 192.168.172.207
Feb 11 16:28:40 am335x NetworkManager[250]: <info>  [1455208120.0439]   plen 24 (255.255.255.0)
Feb 11 16:28:40 am335x NetworkManager[250]: <info>  [1455208120.0468]   gateway 192.168.172.1
Feb 11 16:28:40 am335x NetworkManager[250]: <info>  [1455208120.0470]   server identifier 192.168.172.1
Feb 11 16:28:40 am335x NetworkManager[250]: <info>  [1455208120.0472]   lease time 86400
Feb 11 16:28:40 am335x NetworkManager[250]: <info>  [1455208120.0474]   hostname 'am335x'
Feb 11 16:28:40 am335x NetworkManager[250]: <info>  [1455208120.0476]   nameserver '192.168.172.1'
Feb 11 16:28:40 am335x NetworkManager[250]: <info>  [1455208120.0478]   nameserver '8.8.8.8'
Feb 11 16:28:40 am335x NetworkManager[250]: <info>  [1455208120.0479]   domain name 'lan'
Feb 11 16:28:40 am335x NetworkManager[250]: <info>  [1455208120.0481] dhcp4 (eth0): state changed unknown -> bound
Feb 11 16:28:40 am335x NetworkManager[250]: <info>  [1455208120.0859] device (eth0): state change: ip-config -> ip-check (reason 'none') [70 80 0]
Feb 11 16:28:40 am335x NetworkManager[250]: <info>  [1455208120.1153] device (eth0): state change: ip-check -> secondaries (reason 'none') [80 90 0]
Feb 11 16:28:40 am335x NetworkManager[250]: <info>  [1455208120.1262] device (eth0): state change: secondaries -> activated (reason 'none') [90 100 0]
Feb 11 16:28:40 am335x NetworkManager[250]: <info>  [1455208120.1320] manager: NetworkManager state is now CONNECTED_LOCAL
Feb 11 16:28:40 am335x NetworkManager[250]: <info>  [1455208120.1502] manager: NetworkManager state is now CONNECTED_GLOBAL
Feb 11 16:28:40 am335x NetworkManager[250]: <info>  [1455208120.1555] policy: set 'Wired connection 2' (eth0) as default for IPv4 routing and DNS
Feb 11 16:28:40 am335x NetworkManager[250]: <info>  [1455208120.1677] dns-plugin[0x23a108]: starting dnsmasq...
Feb 11 16:28:40 am335x NetworkManager[250]: <info>  [1455208120.1954] dns-mgr: Writing DNS information to /sbin/resolvconf
Feb 11 16:28:40 am335x NetworkManager[250]: <info>  [1455208120.4810] device (eth0): Activation: successful, device activated.
Feb 11 16:28:40 am335x NetworkManager[250]: <info>  [1455208120.5280] dnsmasq[0x23a108]: dnsmasq appeared as :1.6
Feb 11 16:28:44 am335x NetworkManager[250]: <info>  [1455208124.7044] manager: startup complete
Feb 11 16:32:47 am335x NetworkManager[250]: <info>  [1455208367.8756] settings: hostname changed from (none) to "localhost"
Feb 11 16:33:28 am335x NetworkManager[250]: <info>  [1455208408.9140] settings: hostname changed from "localhost" to (none)
Feb 11 16:33:28 am335x NetworkManager[250]: <info>  [1455208408.9250] settings: hostname changed from (none) to "localhost"
Feb 11 16:34:01 am335x NetworkManager[250]: <info>  [1455208441.4222] settings: hostname changed from "localhost" to (none)
Feb 11 16:34:01 am335x NetworkManager[250]: <info>  [1455208441.4330] settings: hostname changed from (none) to "adam3600"
Feb 11 16:34:01 am335x NetworkManager[250]: <info>  [1455208441.4545] dns-mgr: Writing DNS information to /sbin/resolvconf
Feb 11 16:28:09 adam3600 kernel: [    0.000000] Booting Linux on physical CPU 0x0
Feb 11 16:28:09 adam3600 kernel: [    0.000000] Linux version 4.9.69-g9ce43c71ae (root@abjenkins-linux-x64) (gcc version 6.2.1 20161016 (Linaro GCC 6.2-2016.11) ) #1 PREEMPT Fri Sep 18 10:31:49 CST 2020
Feb 11 16:28:09 adam3600 kernel: [    0.000000] CPU: ARMv7 Processor [413fc082] revision 2 (ARMv7), cr=10c5387d
Feb 11 16:28:09 adam3600 kernel: [    0.000000] CPU: PIPT / VIPT nonaliasing data cache, VIPT aliasing instruction cache
Feb 11 16:28:09 adam3600 kernel: [    0.000000] OF: fdt:Machine model: TI AM335x Advantech ADAM3600
Feb 11 16:28:09 adam3600 kernel: [    0.000000] efi: Getting EFI parameters from FDT:
Feb 11 16:28:09 adam3600 kernel: [    0.000000] efi: UEFI not found.
Feb 11 16:28:09 adam3600 kernel: [    0.000000] cma: Reserved 48 MiB at 0x8b800000
Feb 11 16:28:09 adam3600 kernel: [    0.000000] Memory policy: Data cache writeback
Feb 11 16:28:09 adam3600 kernel: [    0.000000] On node 0 totalpages: 65536
Feb 11 16:28:09 adam3600 kernel: [    0.000000] free_area_init_node: node 0, pgdat c0c3bb4c, node_mem_map cfda1000
Feb 11 16:28:09 adam3600 kernel: [    0.000000]   Normal zone: 576 pages used for memmap
Feb 11 16:28:09 adam3600 kernel: [    0.000000]   Normal zone: 0 pages reserved
Feb 11 16:28:09 adam3600 kernel: [    0.000000]   Normal zone: 65536 pages, LIFO batch:15
Feb 11 16:28:09 adam3600 kernel: [    0.000000] CPU: All CPU(s) started in SVC mode.
Feb 11 16:28:09 adam3600 kernel: [    0.000000] AM335X ES2.1 (neon)
Feb 11 16:28:09 adam3600 kernel: [    0.000000] pcpu-alloc: s0 r0 d32768 u32768 alloc=1*32768
Feb 11 16:28:09 adam3600 kernel: [    0.000000] pcpu-alloc: [0] 0 
Feb 11 16:28:09 adam3600 kernel: [    0.000000] Built 1 zonelists in Zone order, mobility grouping on.  Total pages: 64960
Feb 11 16:28:09 adam3600 kernel: [    0.000000] Kernel command line: console=ttyO0,115200n8 coherent_pool=2M root=/dev/mmcblk0p2 ro rootfstype=ext3 rootwait ip=none
Feb 11 16:28:09 adam3600 kernel: [    0.000000] PID hash table entries: 1024 (order: 0, 4096 bytes)
Feb 11 16:28:09 adam3600 kernel: [    0.000000] Dentry cache hash table entries: 32768 (order: 5, 131072 bytes)
Feb 11 16:28:09 adam3600 kernel: [    0.000000] Inode-cache hash table entries: 16384 (order: 4, 65536 bytes)
Feb 11 16:28:09 adam3600 kernel: [    0.000000] Memory: 198388K/262144K available (7168K kernel code, 242K rwdata, 2080K rodata, 1024K init, 263K bss, 14604K reserved, 49152K cma-reserved, 0K highmem)
Feb 11 16:28:09 adam3600 kernel: [    0.000000] Virtual kernel memory layout:
Feb 11 16:28:09 adam3600 kernel: [    0.000000]     vector  : 0xffff0000 - 0xffff1000   (   4 kB)
Feb 11 16:28:09 adam3600 kernel: [    0.000000]     fixmap  : 0xffc00000 - 0xfff00000   (3072 kB)
Feb 11 16:28:09 adam3600 kernel: [    0.000000]     vmalloc : 0xd0800000 - 0xff800000   ( 752 MB)
Feb 11 16:28:09 adam3600 kernel: [    0.000000]     lowmem  : 0xc0000000 - 0xd0000000   ( 256 MB)
Feb 11 16:28:09 adam3600 kernel: [    0.000000]     pkmap   : 0xbfe00000 - 0xc0000000   (   2 MB)
Feb 11 16:28:09 adam3600 kernel: [    0.000000]     modules : 0xbf000000 - 0xbfe00000   (  14 MB)
Feb 11 16:28:09 adam3600 kernel: [    0.000000]       .text : 0xc0008000 - 0xc0800000   (8160 kB)
Feb 11 16:28:09 adam3600 kernel: [    0.000000]       .init : 0xc0b00000 - 0xc0c00000   (1024 kB)
Feb 11 16:28:09 adam3600 kernel: [    0.000000]       .data : 0xc0c00000 - 0xc0c3c9a0   ( 243 kB)
Feb 11 16:28:09 adam3600 kernel: [    0.000000]        .bss : 0xc0c3c9a0 - 0xc0c7e864   ( 264 kB)
Feb 11 16:28:09 adam3600 kernel: [    0.000000] SLUB: HWalign=64, Order=0-3, MinObjects=0, CPUs=1, Nodes=1
Feb 11 16:28:09 adam3600 kernel: [    0.000000] Preemptible hierarchical RCU implementation.
Feb 11 16:28:09 adam3600 kernel: [    0.000000] 	RCU kthread priority: 1.
Feb 11 16:28:09 adam3600 kernel: [    0.000000] NR_IRQS:16 nr_irqs:16 16
Feb 11 16:28:09 adam3600 kernel: [    0.000000] IRQ: Found an INTC at 0xfa200000 (revision 5.0) with 128 interrupts
Feb 11 16:28:09 adam3600 kernel: [    0.000000] OMAP clockevent source: timer2 at 24000000 Hz
Feb 11 16:28:09 adam3600 kernel: [    0.000020] sched_clock: 32 bits at 24MHz, resolution 41ns, wraps every 89478484971ns
Feb 11 16:28:09 adam3600 kernel: [    0.000045] clocksource: timer1: mask: 0xffffffff max_cycles: 0xffffffff, max_idle_ns: 79635851949 ns
Feb 11 16:28:09 adam3600 kernel: [    0.000059] OMAP clocksource: timer1 at 24000000 Hz
Feb 11 16:28:09 adam3600 kernel: [    0.000264] clocksource_probe: no matching clocksources found
Feb 11 16:28:09 adam3600 kernel: [    0.000467] Console: colour dummy device 80x30
Feb 11 16:28:09 adam3600 kernel: [    0.000502] Calibrating delay loop... 597.60 BogoMIPS (lpj=2988032)
Feb 11 16:28:09 adam3600 kernel: [    0.118889] pid_max: default: 32768 minimum: 301
Feb 11 16:28:09 adam3600 kernel: [    0.119050] Mount-cache hash table entries: 1024 (order: 0, 4096 bytes)
Feb 11 16:28:09 adam3600 kernel: [    0.119067] Mountpoint-cache hash table entries: 1024 (order: 0, 4096 bytes)
Feb 11 16:28:09 adam3600 kernel: [    0.120058] CPU: Testing write buffer coherency: ok
Feb 11 16:28:09 adam3600 kernel: [    0.120481] Setting up static identity map for 0x80100000 - 0x80100060
Feb 11 16:28:09 adam3600 kernel: [    0.121757] EFI services will not be available.
Feb 11 16:28:09 adam3600 kernel: [    0.122263] devtmpfs: initialized
Feb 11 16:28:09 adam3600 kernel: [    0.137449] VFP support v0.3: implementor 41 architecture 3 part 30 variant c rev 3
Feb 11 16:28:09 adam3600 kernel: [    0.137862] clocksource: jiffies: mask: 0xffffffff max_cycles: 0xffffffff, max_idle_ns: 19112604462750000 ns
Feb 11 16:28:09 adam3600 kernel: [    0.137896] futex hash table entries: 256 (order: -1, 3072 bytes)
Feb 11 16:28:09 adam3600 kernel: [    0.142235] pinctrl core: initialized pinctrl subsystem
Feb 11 16:28:09 adam3600 kernel: [    0.143737] NET: Registered protocol family 16
Feb 11 16:28:09 adam3600 kernel: [    0.149278] DMA: preallocated 2048 KiB pool for atomic coherent allocations
Feb 11 16:28:09 adam3600 kernel: [    0.167779] omap_hwmod: debugss: _wait_target_disable failed
Feb 11 16:28:09 adam3600 kernel: [    0.228455] gpio gpiochip0: (gpio): added GPIO chardev (254:0)
Feb 11 16:28:09 adam3600 kernel: [    0.229006] gpiochip_setup_dev: registered GPIOs 0 to 31 on device: gpiochip0 (gpio)
Feb 11 16:28:09 adam3600 kernel: [    0.230978] OMAP GPIO hardware version 0.1
Feb 11 16:28:09 adam3600 kernel: [    0.231972] gpio gpiochip1: (gpio): added GPIO chardev (254:1)
Feb 11 16:28:09 adam3600 kernel: [    0.232385] gpiochip_setup_dev: registered GPIOs 32 to 63 on device: gpiochip1 (gpio)
Feb 11 16:28:09 adam3600 kernel: [    0.235072] gpio gpiochip2: (gpio): added GPIO chardev (254:2)
Feb 11 16:28:09 adam3600 kernel: [    0.235575] gpiochip_setup_dev: registered GPIOs 64 to 95 on device: gpiochip2 (gpio)
Feb 11 16:28:09 adam3600 kernel: [    0.238189] gpio gpiochip3: (gpio): added GPIO chardev (254:3)
Feb 11 16:28:09 adam3600 kernel: [    0.238571] gpiochip_setup_dev: registered GPIOs 96 to 127 on device: gpiochip3 (gpio)
Feb 11 16:28:09 adam3600 kernel: [    0.249459] omap-gpmc 50000000.gpmc: GPMC revision 6.0
Feb 11 16:28:09 adam3600 kernel: [    0.249491] gpmc_mem_init: disabling cs 0 mapped at 0x0-0x1000000
Feb 11 16:28:09 adam3600 kernel: [    0.249530] gpiochip_find_base: found new base at 510
Feb 11 16:28:09 adam3600 kernel: [    0.249560] gpio gpiochip4: (omap-gpmc): added GPIO chardev (254:4)
Feb 11 16:28:09 adam3600 kernel: [    0.249982] gpiochip_setup_dev: registered GPIOs 510 to 511 on device: gpiochip4 (omap-gpmc)
Feb 11 16:28:09 adam3600 kernel: [    2.558868] random: fast init done
Feb 11 16:28:09 adam3600 kernel: [   11.617534] +++HW Ver: ADAM-3600-C2GL1A1E
Feb 11 16:28:09 adam3600 kernel: [   11.622730] +++ADAM3600 init.
Feb 11 16:28:09 adam3600 kernel: [   11.622761] No ATAGs?
Feb 11 16:28:09 adam3600 kernel: [   11.622776] hw-breakpoint: debug architecture 0x4 unsupported.
Feb 11 16:28:09 adam3600 kernel: [   11.669934] edma 49000000.edma: TI EDMA DMA engine driver
Feb 11 16:28:09 adam3600 kernel: [   11.670359] of_get_named_gpiod_flags: can't parse 'gpio' property of node '/fixedregulator0[0]'
Feb 11 16:28:09 adam3600 kernel: [   11.673053] omap_i2c 44e0b000.i2c: could not find pctldev for node /ocp/l4_wkup@44c00000/scm@210000/pinmux@800/pinmux_i2c0_pins, deferring probe
Feb 11 16:28:09 adam3600 kernel: [   11.673229] media: Linux media interface: v0.10
Feb 11 16:28:09 adam3600 kernel: [   11.673305] Linux video capture interface: v2.00
Feb 11 16:28:09 adam3600 kernel: [   11.673362] pps_core: LinuxPPS API ver. 1 registered
Feb 11 16:28:09 adam3600 kernel: [   11.673373] pps_core: Software ver. 5.3.6 - Copyright 2005-2007 Rodolfo Giometti <giometti@linux.it>
Feb 11 16:28:09 adam3600 kernel: [   11.673404] PTP clock support registered
Feb 11 16:28:09 adam3600 kernel: [   11.673456] EDAC MC: Ver: 3.0.0
Feb 11 16:28:09 adam3600 kernel: [   11.674845] omap-mailbox 480c8000.mailbox: omap mailbox rev 0x400
Feb 11 16:28:09 adam3600 kernel: [   11.676772] clocksource: Switched to clocksource timer1
Feb 11 16:28:09 adam3600 kernel: [   11.690565] NET: Registered protocol family 2
Feb 11 16:28:09 adam3600 kernel: [   11.691515] TCP established hash table entries: 2048 (order: 1, 8192 bytes)
Feb 11 16:28:09 adam3600 kernel: [   11.691562] TCP bind hash table entries: 2048 (order: 1, 8192 bytes)
Feb 11 16:28:09 adam3600 kernel: [   11.691599] TCP: Hash tables configured (established 2048 bind 2048)
Feb 11 16:28:09 adam3600 kernel: [   11.691683] UDP hash table entries: 256 (order: 0, 4096 bytes)
Feb 11 16:28:09 adam3600 kernel: [   11.691708] UDP-Lite hash table entries: 256 (order: 0, 4096 bytes)
Feb 11 16:28:09 adam3600 kernel: [   11.691887] NET: Registered protocol family 1
Feb 11 16:28:09 adam3600 kernel: [   11.692405] RPC: Registered named UNIX socket transport module.
Feb 11 16:28:09 adam3600 kernel: [   11.692422] RPC: Registered udp transport module.
Feb 11 16:28:09 adam3600 kernel: [   11.692431] RPC: Registered tcp transport module.
Feb 11 16:28:09 adam3600 kernel: [   11.692440] RPC: Registered tcp NFSv4.1 backchannel transport module.
Feb 11 16:28:09 adam3600 kernel: [   11.693555] hw perfevents: enabled with armv7_cortex_a8 PMU driver, 5 counters available
Feb 11 16:28:09 adam3600 kernel: [   11.696597] workingset: timestamp_bits=14 max_order=16 bucket_order=2
Feb 11 16:28:09 adam3600 kernel: [   11.707662] exFAT: file-system version 2.2.0-3arter97
Feb 11 16:28:09 adam3600 kernel: [   11.708893] NFS: Registering the id_resolver key type
Feb 11 16:28:09 adam3600 kernel: [   11.708949] Key type id_resolver registered
Feb 11 16:28:09 adam3600 kernel: [   11.708960] Key type id_legacy registered
Feb 11 16:28:09 adam3600 kernel: [   11.709020] ntfs: driver 2.1.32 [Flags: R/O].
Feb 11 16:28:09 adam3600 kernel: [   11.711439] Block layer SCSI generic (bsg) driver version 0.4 loaded (major 247)
Feb 11 16:28:09 adam3600 kernel: [   11.711464] io scheduler noop registered
Feb 11 16:28:09 adam3600 kernel: [   11.711475] io scheduler deadline registered
Feb 11 16:28:09 adam3600 kernel: [   11.711682] io scheduler cfq registered (default)
Feb 11 16:28:09 adam3600 kernel: [   11.713589] pinctrl-single 44e10800.pinmux: 142 pins at pa f9e10800 size 568
Feb 11 16:28:09 adam3600 kernel: [   11.797506] Serial: 8250/16550 driver, 10 ports, IRQ sharing disabled
Feb 11 16:28:09 adam3600 kernel: [   11.801159] serial8250.0: ttyS0 at MMIO 0x1000000 (irq = 44, base_baud = 921600) is a XR16850
Feb 11 16:28:09 adam3600 kernel: [   11.802079] serial8250.0: ttyS1 at MMIO 0x1000801 (irq = 43, base_baud = 921600) is a XR16850
Feb 11 16:28:09 adam3600 kernel: [   11.802905] serial8250.0: ttyS2 at MMIO 0x1001201 (irq = 136, base_baud = 921600) is a XR16850
Feb 11 16:28:09 adam3600 kernel: [   11.803779] omap_uart 44e09000.serial: no wakeirq for uart0
Feb 11 16:28:09 adam3600 kernel: [   11.803806] of_get_named_gpiod_flags: can't parse 'rts-gpio' property of node '/ocp/serial@44e09000[0]'
Feb 11 16:28:09 adam3600 kernel: [   11.803842] 44e09000.serial: ttyO0 at MMIO 0x44e09000 (irq = 158, base_baud = 3000000) is a OMAP UART0
Feb 11 16:28:09 adam3600 kernel: [   12.434675] console [ttyO0] enabled
Feb 11 16:28:09 adam3600 kernel: [   12.438976] omap_uart 48022000.serial: no wakeirq for uart1
Feb 11 16:28:09 adam3600 kernel: [   12.444837] of_get_named_gpiod_flags: can't parse 'rts-gpio' property of node '/ocp/serial@48022000[0]'
Feb 11 16:28:09 adam3600 kernel: [   12.444964] 48022000.serial: ttyO1 at MMIO 0x48022000 (irq = 159, base_baud = 3000000) is a OMAP UART1
Feb 11 16:28:09 adam3600 kernel: [   12.455319] omap_uart 481a6000.serial: no wakeirq for uart3
Feb 11 16:28:09 adam3600 kernel: [   12.461217] of_get_named_gpiod_flags: can't parse 'rts-gpio' property of node '/ocp/serial@481a6000[0]'
Feb 11 16:28:09 adam3600 kernel: [   12.461305] 481a6000.serial: ttyO3 at MMIO 0x481a6000 (irq = 160, base_baud = 3000000) is a OMAP UART3
Feb 11 16:28:09 adam3600 kernel: [   12.472399] omap_rng 48310000.rng: OMAP Random Number Generator ver. 20
Feb 11 16:28:09 adam3600 kernel: [   12.479872] SRAM driver installed, with major 245
Feb 11 16:28:09 adam3600 kernel: [   12.484901] [drm] Initialized
Feb 11 16:28:09 adam3600 kernel: [   12.488528] panel panel: GPIO lookup for consumer enable
Feb 11 16:28:09 adam3600 kernel: [   12.488539] panel panel: using device tree for GPIO lookup
Feb 11 16:28:09 adam3600 kernel: [   12.488551] of_get_named_gpiod_flags: can't parse 'enable-gpios' property of node '/panel[0]'
Feb 11 16:28:09 adam3600 kernel: [   12.488560] of_get_named_gpiod_flags: can't parse 'enable-gpio' property of node '/panel[0]'
Feb 11 16:28:09 adam3600 kernel: [   12.488569] panel panel: using lookup tables for GPIO lookup
Feb 11 16:28:09 adam3600 kernel: [   12.488578] panel panel: lookup for GPIO enable failed
Feb 11 16:28:09 adam3600 kernel: [   12.490015] [drm] Supports vblank timestamp caching Rev 2 (21.10.2013).
Feb 11 16:28:09 adam3600 kernel: [   12.497047] [drm] No driver support for vblank timestamp query.
Feb 11 16:28:09 adam3600 kernel: [   12.534581] Console: switching to colour frame buffer device 80x30
Feb 11 16:28:09 adam3600 kernel: [   12.546815] tilcdc 4830e000.lcdc: fb0:  frame buffer device
Feb 11 16:28:09 adam3600 kernel: [   12.594137] brd: module loaded
Feb 11 16:28:09 adam3600 kernel: [   12.605799] loop: module loaded
Feb 11 16:28:09 adam3600 kernel: [   12.616074] libphy: Fixed MDIO Bus: probed
Feb 11 16:28:09 adam3600 kernel: [   12.696806] davinci_mdio 4a101000.mdio: davinci mdio revision 1.6
Feb 11 16:28:09 adam3600 kernel: [   12.703236] davinci_mdio 4a101000.mdio: detected phy mask fffffff5
Feb 11 16:28:09 adam3600 kernel: [   12.711449] libphy: 4a101000.mdio: probed
Feb 11 16:28:09 adam3600 kernel: [   12.715706] davinci_mdio 4a101000.mdio: phy[1]: device 4a101000.mdio:01, driver TI TLK10X 10/100 Mbps PHY
Feb 11 16:28:09 adam3600 kernel: [   12.725892] davinci_mdio 4a101000.mdio: phy[3]: device 4a101000.mdio:03, driver TI TLK10X 10/100 Mbps PHY
Feb 11 16:28:09 adam3600 kernel: [   12.737045] cpsw 4a100000.ethernet: Detected MACID = b0:d5:cc:a2:02:cc
Feb 11 16:28:09 adam3600 kernel: [   12.744033] cpsw 4a100000.ethernet: device node lookup for pps timer failed
Feb 11 16:28:09 adam3600 kernel: [   12.751486] cpsw 4a100000.ethernet: cpts: overflow check period 500 (jiffies)
Feb 11 16:28:09 adam3600 kernel: [   12.760453] cpsw 4a100000.ethernet: cpsw: Detected MACID = b0:d5:cc:a2:02:ce
Feb 11 16:28:09 adam3600 kernel: [   12.769404] PPP generic driver version 2.4.2
Feb 11 16:28:09 adam3600 kernel: [   12.774654] mousedev: PS/2 mouse device common for all mice
Feb 11 16:28:09 adam3600 kernel: [   12.781821] omap_rtc 44e3e000.rtc: already running
Feb 11 16:28:09 adam3600 kernel: [   12.787373] rtc rtc0: 44e3e000.rtc: dev (253:0)
Feb 11 16:28:09 adam3600 kernel: [   12.787405] omap_rtc 44e3e000.rtc: rtc core: registered 44e3e000.rtc as rtc0
Feb 11 16:28:09 adam3600 kernel: [   12.796626] ht1382-rtc rtc1: ht1382_read_time: tm is secs=41, mins=29, hours=21, mday=1, mon=2, year=120, wday=6
Feb 11 16:28:09 adam3600 kernel: [   12.797080] rtc rtc1: ht1382-rtc: dev (253:1)
Feb 11 16:28:09 adam3600 kernel: [   12.797094] ht1382-rtc rtc1: rtc core: registered ht1382-rtc as rtc1
Feb 11 16:28:09 adam3600 kernel: [   12.803840] i2c /dev entries driver
Feb 11 16:28:09 adam3600 kernel: [   12.809535] omap_hsmmc 48060000.mmc: GPIO lookup for consumer cd
Feb 11 16:28:09 adam3600 kernel: [   12.809545] omap_hsmmc 48060000.mmc: using device tree for GPIO lookup
Feb 11 16:28:09 adam3600 kernel: [   12.809583] of_get_named_gpiod_flags: parsed 'cd-gpios' property of node '/ocp/mmc@48060000[0]' - status (0)
Feb 11 16:28:09 adam3600 kernel: [   12.809602] omap_hsmmc 48060000.mmc: Got CD GPIO
Feb 11 16:28:09 adam3600 kernel: [   12.814491] omap_hsmmc 48060000.mmc: GPIO lookup for consumer wp
Feb 11 16:28:09 adam3600 kernel: [   12.814499] omap_hsmmc 48060000.mmc: using device tree for GPIO lookup
Feb 11 16:28:09 adam3600 kernel: [   12.814509] of_get_named_gpiod_flags: can't parse 'wp-gpios' property of node '/ocp/mmc@48060000[0]'
Feb 11 16:28:09 adam3600 kernel: [   12.814518] of_get_named_gpiod_flags: can't parse 'wp-gpio' property of node '/ocp/mmc@48060000[0]'
Feb 11 16:28:09 adam3600 kernel: [   12.814526] omap_hsmmc 48060000.mmc: using lookup tables for GPIO lookup
Feb 11 16:28:09 adam3600 kernel: [   12.814536] omap_hsmmc 48060000.mmc: lookup for GPIO wp failed
Feb 11 16:28:09 adam3600 kernel: [   12.867621] omap_hsmmc 47810000.mmc: GPIO lookup for consumer cd
Feb 11 16:28:09 adam3600 kernel: [   12.867634] omap_hsmmc 47810000.mmc: using device tree for GPIO lookup
Feb 11 16:28:09 adam3600 kernel: [   12.867672] of_get_named_gpiod_flags: parsed 'cd-gpios' property of node '/ocp/mmc@47810000[0]' - status (0)
Feb 11 16:28:09 adam3600 kernel: [   12.867689] omap_hsmmc 47810000.mmc: Got CD GPIO
Feb 11 16:28:09 adam3600 kernel: [   12.873624] omap_hsmmc 47810000.mmc: GPIO lookup for consumer wp
Feb 11 16:28:09 adam3600 kernel: [   12.873631] omap_hsmmc 47810000.mmc: using device tree for GPIO lookup
Feb 11 16:28:09 adam3600 kernel: [   12.873659] of_get_named_gpiod_flags: parsed 'wp-gpios' property of node '/ocp/mmc@47810000[0]' - status (0)
Feb 11 16:28:09 adam3600 kernel: [   12.873672] omap_hsmmc 47810000.mmc: Got WP GPIO
Feb 11 16:28:09 adam3600 kernel: [   12.937652] of_get_named_gpiod_flags: parsed 'gpios' property of node '/leds/led1[0]' - status (0)
Feb 11 16:28:09 adam3600 kernel: [   12.937890] of_get_named_gpiod_flags: parsed 'gpios' property of node '/leds/led2[0]' - status (0)
Feb 11 16:28:09 adam3600 kernel: [   12.938115] of_get_named_gpiod_flags: parsed 'gpios' property of node '/leds/led3[0]' - status (0)
Feb 11 16:28:09 adam3600 kernel: [   12.939914] NET: Registered protocol family 10
Feb 11 16:28:09 adam3600 kernel: [   12.949963] sit: IPv6, IPv4 and MPLS over IPv4 tunneling driver
Feb 11 16:28:09 adam3600 kernel: [   12.957408] NET: Registered protocol family 17
Feb 11 16:28:09 adam3600 kernel: [   12.962527] Key type dns_resolver registered
Feb 11 16:28:09 adam3600 kernel: [   12.967529] omap_voltage_late_init: Voltage driver support not added
Feb 11 16:28:09 adam3600 kernel: [   12.986361] mmc0: host does not support reading read-only switch, assuming write-enable
Feb 11 16:28:09 adam3600 kernel: [   12.998196] mmc0: new high speed SDHC card at address aaaa
Feb 11 16:28:09 adam3600 kernel: [   13.004829] mmcblk0: mmc0:aaaa SU04G 3.69 GiB 
Feb 11 16:28:09 adam3600 kernel: [   13.010297] at24 0-0050: 256 byte 24c02 EEPROM, writable, 1 bytes/write
Feb 11 16:28:09 adam3600 kernel: [   13.018316] omap_i2c 44e0b000.i2c: bus 0 rev0.11 at 100 kHz
Feb 11 16:28:09 adam3600 kernel: [   13.024360]  mmcblk0: p1 p2 p3 p4
Feb 11 16:28:09 adam3600 kernel: [   13.030446] omap_rtc 44e3e000.rtc: setting system clock to 2000-01-01 02:49:02 UTC (946694942)
Feb 11 16:28:09 adam3600 kernel: [   13.042361] EXT4-fs (mmcblk0p2): mounting ext3 file system using the ext4 subsystem
Feb 11 16:28:09 adam3600 kernel: [   13.061124] EXT4-fs (mmcblk0p2): mounted filesystem with ordered data mode. Opts: (null)
Feb 11 16:28:09 adam3600 kernel: [   13.069886] VFS: Mounted root (ext3 filesystem) readonly on device 179:2.
Feb 11 16:28:09 adam3600 kernel: [   13.080783] devtmpfs: mounted
Feb 11 16:28:09 adam3600 kernel: [   13.086301] Freeing unused kernel memory: 1024K
Feb 11 16:28:09 adam3600 kernel: [   14.699434] EXT4-fs (mmcblk0p2): re-mounted. Opts: (null)
Feb 11 16:28:09 adam3600 kernel: [   19.825959] EXT4-fs (mmcblk0p4): mounting ext3 file system using the ext4 subsystem
Feb 11 16:28:09 adam3600 kernel: [   19.850356] EXT4-fs (mmcblk0p4): mounted filesystem with ordered data mode. Opts: (null)
Feb 11 16:28:10 adam3600 NetworkManager[257]: <info>  [1455208090.5319] NetworkManager (version 1.2.6) is starting...
Feb 11 16:28:10 adam3600 NetworkManager[257]: <info>  [1455208090.5481] Read config: /etc/NetworkManager/NetworkManager.conf (etc: default-wifi-powersave-on.conf)
Feb 11 16:28:10 adam3600 NetworkManager[257]: <info>  [1455208090.6323] manager[0x231160]: monitoring kernel firmware directory '/lib/firmware'.
Feb 11 16:28:10 adam3600 NetworkManager[257]: <info>  [1455208090.6367] monitoring ifupdown state file '/run/network/ifstate'.
Feb 11 16:28:10 adam3600 NetworkManager[257]: <info>  [1455208090.7033] dns-mgr[0x2218b0]: init: dns=dnsmasq, rc-manager=resolvconf, plugin=dnsmasq
Feb 11 16:28:11 adam3600 NetworkManager[257]: <info>  [1455208091.9506] init!
Feb 11 16:28:11 adam3600 NetworkManager[257]: <info>  [1455208091.9589] management mode: unmanaged
Feb 11 16:28:11 adam3600 NetworkManager[257]: <info>  [1455208091.9722] devices added (path: /sys/devices/platform/ocp/4a100000.ethernet/net/eth0, iface: eth0)
Feb 11 16:28:11 adam3600 NetworkManager[257]: <info>  [1455208091.9725] device added (path: /sys/devices/platform/ocp/4a100000.ethernet/net/eth0, iface: eth0): no ifupdown configuration found.
Feb 11 16:28:11 adam3600 NetworkManager[257]: <info>  [1455208091.9727] devices added (path: /sys/devices/platform/ocp/4a100000.ethernet/net/eth1, iface: eth1)
Feb 11 16:28:11 adam3600 NetworkManager[257]: <info>  [1455208091.9728] device added (path: /sys/devices/platform/ocp/4a100000.ethernet/net/eth1, iface: eth1): no ifupdown configuration found.
Feb 11 16:28:11 adam3600 NetworkManager[257]: <info>  [1455208091.9730] devices added (path: /sys/devices/virtual/net/lo, iface: lo)
Feb 11 16:28:12 adam3600 NetworkManager[257]: <info>  [1455208091.9731] device added (path: /sys/devices/virtual/net/lo, iface: lo): no ifupdown configuration found.
Feb 11 16:28:12 adam3600 NetworkManager[257]: <info>  [1455208091.9732] devices added (path: /sys/devices/virtual/net/sit0, iface: sit0)
Feb 11 16:28:12 adam3600 NetworkManager[257]: <info>  [1455208091.9734] device added (path: /sys/devices/virtual/net/sit0, iface: sit0): no ifupdown configuration found.
Feb 11 16:28:12 adam3600 NetworkManager[257]: <info>  [1455208091.9735] end _init.
Feb 11 16:28:12 adam3600 NetworkManager[257]: <info>  [1455208091.9737] settings: loaded plugin ifupdown: (C) 2008 Canonical Ltd.  To report bugs please use the NetworkManager mailing list. (/usr/lib/arm-linux-gnueabihf/NetworkManager/libnm-settings-plugin-ifupdown.so)
Feb 11 16:28:12 adam3600 NetworkManager[257]: <info>  [1455208091.9743] settings: loaded plugin keyfile: (c) 2007 - 2015 Red Hat, Inc.  To report bugs please use the NetworkManager mailing list.
Feb 11 16:28:12 adam3600 NetworkManager[257]: <info>  [1455208091.9836] SettingsPlugin-Ofono: init!
Feb 11 16:28:12 adam3600 NetworkManager[257]: <warn>  [1455208091.9843] SettingsPlugin-Ofono: file doesn't exist: /var/lib/ofono
Feb 11 16:28:12 adam3600 NetworkManager[257]: <info>  [1455208091.9844] SettingsPlugin-Ofono: end _init.
Feb 11 16:28:12 adam3600 NetworkManager[257]: <info>  [1455208091.9846] settings: loaded plugin ofono: (C) 2013-2016 Canonical Ltd.  To report bugs please use the NetworkManager mailing list. (/usr/lib/arm-linux-gnueabihf/NetworkManager/libnm-settings-plugin-ofono.so)
Feb 11 16:28:12 adam3600 NetworkManager[257]: <info>  [1455208091.9848] (2403160) ... get_connections.
Feb 11 16:28:12 adam3600 NetworkManager[257]: <info>  [1455208091.9849] (2403160) ... get_connections (managed=false): return empty list.
Feb 11 16:28:12 adam3600 NetworkManager[257]: <info>  [1455208091.9911] SettingsPlugin-Ofono: (2403280) ... get_connections.
Feb 11 16:28:12 adam3600 NetworkManager[257]: <info>  [1455208091.9914] SettingsPlugin-Ofono: (2403280) connections count: 0
Feb 11 16:28:12 adam3600 NetworkManager[257]: <info>  [1455208091.9920] get unmanaged devices count: 0
Feb 11 16:28:29 adam3600 kernel: [   42.496836] random: crng init done
Feb 11 16:28:37 adam3600 NetworkManager[257]: <info>  [1455208117.0189] settings: hostname: hostnamed not used as proxy creation failed with: Error calling StartServiceByName for org.freedesktop.hostname1: GDBus.Error:org.freedesktop.DBus.Error.TimedOut: Failed to activate service 'org.freedesktop.hostname1': timed out
Feb 11 16:28:37 adam3600 NetworkManager[257]: <info>  [1455208117.0204] Using DHCP client 'dhclient'
Feb 11 16:28:37 adam3600 NetworkManager[257]: <info>  [1455208117.0207] manager: WiFi enabled by radio killswitch; enabled by state file
Feb 11 16:28:37 adam3600 NetworkManager[257]: <info>  [1455208117.0211] manager: WWAN enabled by radio killswitch; enabled by state file
Feb 11 16:28:37 adam3600 NetworkManager[257]: <info>  [1455208117.0214] manager: Networking is enabled by state file
Feb 11 16:28:37 adam3600 NetworkManager[257]: <info>  [1455208117.0220] Loaded device plugin: NMVxlanFactory (internal)
Feb 11 16:28:37 adam3600 NetworkManager[257]: <info>  [1455208117.0344] Loaded device plugin: NMVlanFactory (internal)
Feb 11 16:28:37 adam3600 NetworkManager[257]: <info>  [1455208117.0347] Loaded device plugin: NMVethFactory (internal)
Feb 11 16:28:37 adam3600 NetworkManager[257]: <info>  [1455208117.0350] Loaded device plugin: NMTunFactory (internal)
Feb 11 16:28:37 adam3600 NetworkManager[257]: <info>  [1455208117.0352] Loaded device plugin: NMMacvlanFactory (internal)
Feb 11 16:28:37 adam3600 NetworkManager[257]: <info>  [1455208117.0354] Loaded device plugin: NMIPTunnelFactory (internal)
Feb 11 16:28:37 adam3600 NetworkManager[257]: <info>  [1455208117.0357] Loaded device plugin: NMInfinibandFactory (internal)
Feb 11 16:28:37 adam3600 NetworkManager[257]: <info>  [1455208117.0360] Loaded device plugin: NMEthernetFactory (internal)
